Archive member included because of file (symbol)

/opt/altera/13.0sp1/nios2eds/bin/gnu/H-i686-pc-linux-gnu/bin/../lib/gcc/nios2-elf/4.1.2/mno-hw-mul/libgcc.a(lib2-divmod.o)
                              obj/default/ContestSwitch.o (__udivsi3)
/opt/altera/13.0sp1/nios2eds/bin/gnu/H-i686-pc-linux-gnu/bin/../lib/gcc/nios2-elf/4.1.2/../../../../nios2-elf/lib/mno-hw-mul/libc.a(lib_a-printf.o)
                              obj/default/ContestSwitch.o (printf)
/opt/altera/13.0sp1/nios2eds/bin/gnu/H-i686-pc-linux-gnu/bin/../lib/gcc/nios2-elf/4.1.2/../../../../nios2-elf/lib/mno-hw-mul/libc.a(lib_a-puts.o)
                              obj/default/ContestSwitch.o (puts)
/opt/altera/13.0sp1/nios2eds/bin/gnu/H-i686-pc-linux-gnu/bin/../lib/gcc/nios2-elf/4.1.2/../../../../nios2-elf/lib/mno-hw-mul/libc.a(lib_a-strlen.o)
                              /opt/altera/13.0sp1/nios2eds/bin/gnu/H-i686-pc-linux-gnu/bin/../lib/gcc/nios2-elf/4.1.2/../../../../nios2-elf/lib/mno-hw-mul/libc.a(lib_a-puts.o) (strlen)
/opt/altera/13.0sp1/nios2eds/bin/gnu/H-i686-pc-linux-gnu/bin/../lib/gcc/nios2-elf/4.1.2/../../../../nios2-elf/lib/mno-hw-mul/libc.a(lib_a-vfprintf.o)
                              /opt/altera/13.0sp1/nios2eds/bin/gnu/H-i686-pc-linux-gnu/bin/../lib/gcc/nios2-elf/4.1.2/../../../../nios2-elf/lib/mno-hw-mul/libc.a(lib_a-printf.o) (___vfprintf_internal_r)
/opt/altera/13.0sp1/nios2eds/bin/gnu/H-i686-pc-linux-gnu/bin/../lib/gcc/nios2-elf/4.1.2/../../../../nios2-elf/lib/mno-hw-mul/libc.a(lib_a-wsetup.o)
                              /opt/altera/13.0sp1/nios2eds/bin/gnu/H-i686-pc-linux-gnu/bin/../lib/gcc/nios2-elf/4.1.2/../../../../nios2-elf/lib/mno-hw-mul/libc.a(lib_a-vfprintf.o) (__swsetup_r)
/opt/altera/13.0sp1/nios2eds/bin/gnu/H-i686-pc-linux-gnu/bin/../lib/gcc/nios2-elf/4.1.2/../../../../nios2-elf/lib/mno-hw-mul/libc.a(lib_a-dtoa.o)
                              /opt/altera/13.0sp1/nios2eds/bin/gnu/H-i686-pc-linux-gnu/bin/../lib/gcc/nios2-elf/4.1.2/../../../../nios2-elf/lib/mno-hw-mul/libc.a(lib_a-vfprintf.o) (_dtoa_r)
/opt/altera/13.0sp1/nios2eds/bin/gnu/H-i686-pc-linux-gnu/bin/../lib/gcc/nios2-elf/4.1.2/../../../../nios2-elf/lib/mno-hw-mul/libc.a(lib_a-fflush.o)
                              /opt/altera/13.0sp1/nios2eds/bin/gnu/H-i686-pc-linux-gnu/bin/../lib/gcc/nios2-elf/4.1.2/../../../../nios2-elf/lib/mno-hw-mul/libc.a(lib_a-vfprintf.o) (_fflush_r)
/opt/altera/13.0sp1/nios2eds/bin/gnu/H-i686-pc-linux-gnu/bin/../lib/gcc/nios2-elf/4.1.2/../../../../nios2-elf/lib/mno-hw-mul/libc.a(lib_a-findfp.o)
                              /opt/altera/13.0sp1/nios2eds/bin/gnu/H-i686-pc-linux-gnu/bin/../lib/gcc/nios2-elf/4.1.2/../../../../nios2-elf/lib/mno-hw-mul/libc.a(lib_a-vfprintf.o) (__sinit)
/opt/altera/13.0sp1/nios2eds/bin/gnu/H-i686-pc-linux-gnu/bin/../lib/gcc/nios2-elf/4.1.2/../../../../nios2-elf/lib/mno-hw-mul/libc.a(lib_a-freer.o)
                              /opt/altera/13.0sp1/nios2eds/bin/gnu/H-i686-pc-linux-gnu/bin/../lib/gcc/nios2-elf/4.1.2/../../../../nios2-elf/lib/mno-hw-mul/libc.a(lib_a-wsetup.o) (_free_r)
/opt/altera/13.0sp1/nios2eds/bin/gnu/H-i686-pc-linux-gnu/bin/../lib/gcc/nios2-elf/4.1.2/../../../../nios2-elf/lib/mno-hw-mul/libc.a(lib_a-fvwrite.o)
                              /opt/altera/13.0sp1/nios2eds/bin/gnu/H-i686-pc-linux-gnu/bin/../lib/gcc/nios2-elf/4.1.2/../../../../nios2-elf/lib/mno-hw-mul/libc.a(lib_a-puts.o) (__sfvwrite_r)
/opt/altera/13.0sp1/nios2eds/bin/gnu/H-i686-pc-linux-gnu/bin/../lib/gcc/nios2-elf/4.1.2/../../../../nios2-elf/lib/mno-hw-mul/libc.a(lib_a-fwalk.o)
                              /opt/altera/13.0sp1/nios2eds/bin/gnu/H-i686-pc-linux-gnu/bin/../lib/gcc/nios2-elf/4.1.2/../../../../nios2-elf/lib/mno-hw-mul/libc.a(lib_a-fflush.o) (_fwalk_reent)
/opt/altera/13.0sp1/nios2eds/bin/gnu/H-i686-pc-linux-gnu/bin/../lib/gcc/nios2-elf/4.1.2/../../../../nios2-elf/lib/mno-hw-mul/libc.a(lib_a-impure.o)
                              /opt/altera/13.0sp1/nios2eds/bin/gnu/H-i686-pc-linux-gnu/bin/../lib/gcc/nios2-elf/4.1.2/../../../../nios2-elf/lib/mno-hw-mul/libc.a(lib_a-printf.o) (_impure_ptr)
/opt/altera/13.0sp1/nios2eds/bin/gnu/H-i686-pc-linux-gnu/bin/../lib/gcc/nios2-elf/4.1.2/../../../../nios2-elf/lib/mno-hw-mul/libc.a(lib_a-locale.o)
                              /opt/altera/13.0sp1/nios2eds/bin/gnu/H-i686-pc-linux-gnu/bin/../lib/gcc/nios2-elf/4.1.2/../../../../nios2-elf/lib/mno-hw-mul/libc.a(lib_a-vfprintf.o) (_localeconv_r)
/opt/altera/13.0sp1/nios2eds/bin/gnu/H-i686-pc-linux-gnu/bin/../lib/gcc/nios2-elf/4.1.2/../../../../nios2-elf/lib/mno-hw-mul/libc.a(lib_a-makebuf.o)
                              /opt/altera/13.0sp1/nios2eds/bin/gnu/H-i686-pc-linux-gnu/bin/../lib/gcc/nios2-elf/4.1.2/../../../../nios2-elf/lib/mno-hw-mul/libc.a(lib_a-wsetup.o) (__smakebuf_r)
/opt/altera/13.0sp1/nios2eds/bin/gnu/H-i686-pc-linux-gnu/bin/../lib/gcc/nios2-elf/4.1.2/../../../../nios2-elf/lib/mno-hw-mul/libc.a(lib_a-mallocr.o)
[...]
Memory Configuration

Name             Origin             Length             Attributes
reset            0x00800000         0x00000020
sdram            0x00800020         0x007fffe0
sram             0x01080000         0x00080000
onchip_memory    0x02180000         0x00007d00
*default*        0x00000000         0xffffffff

Linker script and memory map

LOAD ../../../bsp/il2206-pre-built-ucosii//obj/HAL/src/crt0.o
LOAD obj/default/ContestSwitch.o
LOAD /opt/altera/13.0sp1/nios2eds/bin/gnu/H-i686-pc-linux-gnu/bin/../lib/gcc/nios2-elf/4.1.2/../../../../nios2-elf/lib/mno-hw-mul/libstdc++.a
LOAD /opt/altera/13.0sp1/nios2eds/bin/gnu/H-i686-pc-linux-gnu/bin/../lib/gcc/nios2-elf/4.1.2/../../../../nios2-elf/lib/mno-hw-mul/libm.a
LOAD /opt/altera/13.0sp1/nios2eds/bin/gnu/H-i686-pc-linux-gnu/bin/../lib/gcc/nios2-elf/4.1.2/mno-hw-mul/libgcc.a
START GROUP
LOAD /opt/altera/13.0sp1/nios2eds/bin/gnu/H-i686-pc-linux-gnu/bin/../lib/gcc/nios2-elf/4.1.2/../../../../nios2-elf/lib/mno-hw-mul/libc.a
LOAD /opt/altera/13.0sp1/nios2eds/bin/gnu/H-i686-pc-linux-gnu/bin/../lib/gcc/nios2-elf/4.1.2/mno-hw-mul/libgcc.a
LOAD ../../../bsp/il2206-pre-built-ucosii//libucosii_bsp.a
END GROUP
LOAD /opt/altera/13.0sp1/nios2eds/bin/gnu/H-i686-pc-linux-gnu/bin/../lib/gcc/nios2-elf/4.1.2/mno-hw-mul/libgcc.a
                0x00800000                __alt_mem_sdram = 0x800000
                0x01080000                __alt_mem_sram = 0x1080000
                0x02180000                __alt_mem_onchip_memory = 0x2180000

.entry          0x00800000       0x20
 *(.entry)
 .entry         0x00800000       0x20 ../../../bsp/il2206-pre-built-ucosii//obj/HAL/src/crt0.o
                0x00800000                __reset

.exceptions     0x00800020      0x124 load address 0x01080000
                0x00800020                PROVIDE (__ram_exceptions_start, ABSOLUTE (.))
                0x00800020                . = ALIGN (0x20)
 *(.irq)
 *(.exceptions.entry.label)
 .exceptions.entry.label
                0x00800020        0x0 ../../../bsp/il2206-pre-built-ucosii//libucosii_bsp.a(alt_irq_entry.o)
                0x00800020                alt_irq_entry
 .exceptions.entry.label
                0x00800020        0x0 ../../../bsp/il2206-pre-built-ucosii//libucosii_bsp.a(alt_exception_entry.o)
                0x00800020                alt_exception
 *(.exceptions.entry.user)
 *(.exceptions.entry)
 .exceptions.entry
                0x00800020       0x54 ../../../bsp/il2206-pre-built-ucosii//libucosii_bsp.a(alt_exception_entry.o)
 *(.exceptions.irqtest.user)
 *(.exceptions.irqtest)
 .exceptions.irqtest
                0x00800074       0x10 ../../../bsp/il2206-pre-built-ucosii//libucosii_bsp.a(alt_irq_entry.o)
 *(.exceptions.irqhandler.user)
 *(.exceptions.irqhandler)
 .exceptions.irqhandler
                0x00800084        0x4 ../../../bsp/il2206-pre-built-ucosii//libucosii_bsp.a(alt_irq_entry.o)
 *(.exceptions.irqreturn.user)
 *(.exceptions.irqreturn)
 .exceptions.irqreturn
                0x00800088        0x4 ../../../bsp/il2206-pre-built-ucosii//libucosii_bsp.a(alt_irq_entry.o)
 *(.exceptions.notirq.label)
 .exceptions.notirq.label
                0x0080008c        0x0 ../../../bsp/il2206-pre-built-ucosii//libucosii_bsp.a(alt_irq_entry.o)
 *(.exceptions.notirq.user)
 *(.exceptions.notirq)
 .exceptions.notirq
                0x0080008c        0x8 ../../../bsp/il2206-pre-built-ucosii//libucosii_bsp.a(alt_exception_entry.o)
 *(.exceptions.soft.user)
 *(.exceptions.soft)
 *(.exceptions.unknown.user)
 *(.exceptions.unknown)
 .exceptions.unknown
                0x00800094        0x4 ../../../bsp/il2206-pre-built-ucosii//libucosii_bsp.a(alt_exception_entry.o)
 *(.exceptions.exit.label)
 .exceptions.exit.label
                0x00800098        0x0 ../../../bsp/il2206-pre-built-ucosii//libucosii_bsp.a(alt_irq_entry.o)
 .exceptions.exit.label
                0x00800098        0x0 ../../../bsp/il2206-pre-built-ucosii//libucosii_bsp.a(alt_exception_entry.o)
 *(.exceptions.exit.user)
 *(.exceptions.exit)
 .exceptions.exit
                0x00800098       0x54 ../../../bsp/il2206-pre-built-ucosii//libucosii_bsp.a(alt_exception_entry.o)
 *(.exceptions)
 .exceptions    0x008000ec       0x58 ../../../bsp/il2206-pre-built-ucosii//libucosii_bsp.a(alt_irq_handler.o)
                0x008000ec                alt_irq_handler
                0x00800144                PROVIDE (__ram_exceptions_end, ABSOLUTE (.))
                0x01080000                PROVIDE (__flash_exceptions_start, LOADADDR (.exceptions))

.text           0x01080124    0x10c44
                0x01080124                PROVIDE (stext, ABSOLUTE (.))
 *(.interp)
 *(.hash)
 *(.dynsym)
 *(.dynstr)
 *(.gnu.version)
 *(.gnu.version_d)
 *(.gnu.version_r)
 *(.rel.init)
 *(.rela.init)
 *(.rel.text .rel.text.* .rel.gnu.linkonce.t.*)
 *(.rela.text .rela.text.* .rela.gnu.linkonce.t.*)
 *(.rel.fini)
 *(.rela.fini)
 *(.rel.rodata .rel.rodata.* .rel.gnu.linkonce.r.*)
 *(.rela.rodata .rela.rodata.* .rela.gnu.linkonce.r.*)
 *(.rel.data .rel.data.* .rel.gnu.linkonce.d.*)
 *(.rela.data .rela.data.* .rela.gnu.linkonce.d.*)
 *(.rel.tdata .rel.tdata.* .rel.gnu.linkonce.td.*)
 *(.rela.tdata .rela.tdata.* .rela.gnu.linkonce.td.*)
 *(.rel.tbss .rel.tbss.* .rel.gnu.linkonce.tb.*)
 *(.rela.tbss .rela.tbss.* .rela.gnu.linkonce.tb.*)
 *(.rel.ctors)
 *(.rela.ctors)
 *(.rel.dtors)
 *(.rela.dtors)
 *(.rel.got)
 *(.rela.got)
 *(.rel.sdata .rel.sdata.* .rel.gnu.linkonce.s.*)
 *(.rela.sdata .rela.sdata.* .rela.gnu.linkonce.s.*)
 *(.rel.sbss .rel.sbss.* .rel.gnu.linkonce.sb.*)
 *(.rela.sbss .rela.sbss.* .rela.gnu.linkonce.sb.*)
 *(.rel.sdata2 .rel.sdata2.* .rel.gnu.linkonce.s2.*)
 *(.rela.sdata2 .rela.sdata2.* .rela.gnu.linkonce.s2.*)
 *(.rel.sbss2 .rel.sbss2.* .rel.gnu.linkonce.sb2.*)
 *(.rela.sbss2 .rela.sbss2.* .rela.gnu.linkonce.sb2.*)
 *(.rel.bss .rel.bss.* .rel.gnu.linkonce.b.*)
 *(.rela.bss .rela.bss.* .rela.gnu.linkonce.b.*)
 *(.rel.plt)
 *(.rela.plt)
 *(.rel.dyn)
 *(.init)
 *(.plt)
 *(.text .stub .text.* .gnu.linkonce.t.*)
 .text          0x01080124       0x3c ../../../bsp/il2206-pre-built-ucosii//obj/HAL/src/crt0.o
                0x01080124                _start
 .text          0x01080160      0x348 obj/default/ContestSwitch.o
                0x01080160                task1
                0x0108025c                task2
                0x0108031c                start_measurement
                0x0108034c                stop_measurement
                0x01080378                main
 .text          0x010804a8      0x14c /opt/altera/13.0sp1/nios2eds/bin/gnu/H-i686-pc-linux-gnu/bin/../lib/gcc/nios2-elf/4.1.2/mno-hw-mul/libgcc.a(lib2-divmod.o)
                0x01080524                __divsi3
                0x01080584                __modsi3
                0x010805e4                __udivsi3
                0x010805ec                __umodsi3
 .text          0x010805f4       0x78 /opt/altera/13.0sp1/nios2eds/bin/gnu/H-i686-pc-linux-gnu/bin/../lib/gcc/nios2-elf/4.1.2/../../../../nios2-elf/lib/mno-hw-mul/libc.a(lib_a-printf.o)
                0x010805f4                printf
                0x01080638                _printf_r
 .text          0x0108066c       0xb4 /opt/altera/13.0sp1/nios2eds/bin/gnu/H-i686-pc-linux-gnu/bin/../lib/gcc/nios2-elf/4.1.2/../../../../nios2-elf/lib/mno-hw-mul/libc.a(lib_a-puts.o)
                0x0108066c                _puts_r
                0x0108070c                puts
 .text          0x01080720       0x74 /opt/altera/13.0sp1/nios2eds/bin/gnu/H-i686-pc-linux-gnu/bin/../lib/gcc/nios2-elf/4.1.2/../../../../nios2-elf/lib/mno-hw-mul/libc.a(lib_a-strlen.o)
                0x01080720                strlen
 .text          0x01080794     0x1f40 /opt/altera/13.0sp1/nios2eds/bin/gnu/H-i686-pc-linux-gnu/bin/../lib/gcc/nios2-elf/4.1.2/../../../../nios2-elf/lib/mno-hw-mul/libc.a(lib_a-vfprintf.o)
                0x010807ec                ___vfprintf_internal_r
                0x010826b0                __vfprintf_internal
 .text          0x010826d4      0x13c /opt/altera/13.0sp1/nios2eds/bin/gnu/H-i686-pc-linux-gnu/bin/../lib/gcc/nios2-elf/4.1.2/../../../../nios2-elf/lib/mno-hw-mul/libc.a(lib_a-wsetup.o)
                0x010826d4                __swsetup_r
 .text          0x01082810     0x17f8 /opt/altera/13.0sp1/nios2eds/bin/gnu/H-i686-pc-linux-gnu/bin/../lib/gcc/nios2-elf/4.1.2/../../../../nios2-elf/lib/mno-hw-mul/libc.a(lib_a-dtoa.o)
                0x01082a54                _dtoa_r
 .text          0x01084008      0x230 /opt/altera/13.0sp1/nios2eds/bin/gnu/H-i686-pc-linux-gnu/bin/../lib/gcc/nios2-elf/4.1.2/../../../../nios2-elf/lib/mno-hw-mul/libc.a(lib_a-fflush.o)
                0x01084008                _fflush_r
                0x01084204                fflush
 .text          0x01084238      0x2f4 /opt/altera/13.0sp1/nios2eds/bin/gnu/H-i686-pc-linux-gnu/bin/../lib/gcc/nios2-elf/4.1.2/../../../../nios2-elf/lib/mno-hw-mul/libc.a(lib_a-findfp.o)
                0x01084290                __sfp_lock_acquire
                0x01084294                __sfp_lock_release
                0x01084298                __sinit_lock_acquire
                0x0108429c                __sinit_lock_release
                0x010842a0                __sinit
                0x01084354                __fp_unlock_all
                0x0108436c                __fp_lock_all
                0x01084384                _cleanup_r
                0x01084390                _cleanup
                0x010843a0                __sfmoreglue
                0x0108443c                __sfp
 .text          0x0108452c      0x440 /opt/altera/13.0sp1/nios2eds/bin/gnu/H-i686-pc-linux-gnu/bin/../lib/gcc/nios2-elf/4.1.2/../../../../nios2-elf/lib/mno-hw-mul/libc.a(lib_a-freer.o)
                0x0108452c                _malloc_trim_r
                0x01084658                _free_r
 .text          0x0108496c      0x49c /opt/altera/13.0sp1/nios2eds/bin/gnu/H-i686-pc-linux-gnu/bin/../lib/gcc/nios2-elf/4.1.2/../../../../nios2-elf/lib/mno-hw-mul/libc.a(lib_a-fvwrite.o)
                0x0108496c                __sfvwrite_r
 .text          0x01084e08      0x180 /opt/altera/13.0sp1/nios2eds/bin/gnu/H-i686-pc-linux-gnu/bin/../lib/gcc/nios2-elf/4.1.2/../../../../nios2-elf/lib/mno-hw-mul/libc.a(lib_a-fwalk.o)
                0x01084e08                _fwalk_reent
                0x01084ed0                _fwalk
 .text          0x01084f88        0x0 /opt/altera/13.0sp1/nios2eds/bin/gnu/H-i686-pc-linux-gnu/bin/../lib/gcc/nios2-elf/4.1.2/../../../../nios2-elf/lib/mno-hw-mul/libc.a(lib_a-impure.o)
 .text          0x01084f88       0xc4 /opt/altera/13.0sp1/nios2eds/bin/gnu/H-i686-pc-linux-gnu/bin/../lib/gcc/nios2-elf/4.1.2/../../../../nios2-elf/lib/mno-hw-mul/libc.a(lib_a-locale.o)
                0x01084f88                __locale_charset
                0x01084f90                _localeconv_r
                0x01084f9c                localeconv
                0x01084fac                _setlocale_r
                0x01085030                setlocale
 .text          0x0108504c      0x194 /opt/altera/13.0sp1/nios2eds/bin/gnu/H-i686-pc-linux-gnu/bin/../lib/gcc/nios2-elf/4.1.2/../../../../nios2-elf/lib/mno-hw-mul/libc.a(lib_a-makebuf.o)
                0x0108504c                __smakebuf_r
 .text          0x010851e0      0x740 /opt/altera/13.0sp1/nios2eds/bin/gnu/H-i686-pc-linux-gnu/bin/../lib/gcc/nios2-elf/4.1.2/../../../../nios2-elf/lib/mno-hw-mul/libc.a(lib_a-mallocr.o)
                0x010851e0                _malloc_r
 .text          0x01085920       0xe4 /opt/altera/13.0sp1/nios2eds/bin/gnu/H-i686-pc-linux-gnu/bin/../lib/gcc/nios2-elf/4.1.2/../../../../nios2-elf/lib/mno-hw-mul/libc.a(lib_a-memchr.o)
                0x01085920                memchr
 .text          0x01085a04       0xa0 /opt/altera/13.0sp1/nios2eds/bin/gnu/H-i686-pc-linux-gnu/bin/../lib/gcc/nios2-elf/4.1.2/../../../../nios2-elf/lib/mno-hw-mul/libc.a(lib_a-memcpy.o)
                0x01085a04                memcpy
 .text          0x01085aa4       0xe0 /opt/altera/13.0sp1/nios2eds/bin/gnu/H-i686-pc-linux-gnu/bin/../lib/gcc/nios2-elf/4.1.2/../../../../nios2-elf/lib/mno-hw-mul/libc.a(lib_a-memmove.o)
                0x01085aa4                memmove
 .text          0x01085b84       0x98 /opt/altera/13.0sp1/nios2eds/bin/gnu/H-i686-pc-linux-gnu/bin/../lib/gcc/nios2-elf/4.1.2/../../../../nios2-elf/lib/mno-hw-mul/libc.a(lib_a-memset.o)
                0x01085b84                memset
 .text          0x01085c1c     0x108c /opt/altera/13.0sp1/nios2eds/bin/gnu/H-i686-pc-linux-gnu/bin/../lib/gcc/nios2-elf/4.1.2/../../../../nios2-elf/lib/mno-hw-mul/libc.a(lib_a-mprec.o)
                0x01085c1c                _Bfree
                0x01085c44                __hi0bits
                0x01085cb4                __lo0bits
                0x01085d78                __mcmp
                0x01085dd8                __ulp
                0x01085e58                __b2d
                0x01085f78                __ratio
                0x01086028                _mprec_log10
                0x010860bc                __copybits
                0x01086114                __any_on
                0x0108619c                _Balloc
                0x01086258                __d2b
                0x010863d4                __mdiff
                0x01086560                __lshift
                0x010866ac                __multiply
                0x01086900                __i2b
                0x0108693c                __multadd
                0x01086a68                __pow5mult
                0x01086b88                __s2b
 .text          0x01086ca8      0x5f4 /opt/altera/13.0sp1/nios2eds/bin/gnu/H-i686-pc-linux-gnu/bin/../lib/gcc/nios2-elf/4.1.2/../../../../nios2-elf/lib/mno-hw-mul/libc.a(lib_a-reallocr.o)
                0x01086ca8                _realloc_r
 .text          0x0108729c       0x40 /opt/altera/13.0sp1/nios2eds/bin/gnu/H-i686-pc-linux-gnu/bin/../lib/gcc/nios2-elf/4.1.2/../../../../nios2-elf/lib/mno-hw-mul/libc.a(lib_a-s_isinfd.o)
                0x0108729c                __isinfd
 .text          0x010872dc       0x30 /opt/altera/13.0sp1/nios2eds/bin/gnu/H-i686-pc-linux-gnu/bin/../lib/gcc/nios2-elf/4.1.2/../../../../nios2-elf/lib/mno-hw-mul/libc.a(lib_a-s_isnand.o)
                0x010872dc                __isnand
 .text          0x0108730c       0x70 /opt/altera/13.0sp1/nios2eds/bin/gnu/H-i686-pc-linux-gnu/bin/../lib/gcc/nios2-elf/4.1.2/../../../../nios2-elf/lib/mno-hw-mul/libc.a(lib_a-sbrkr.o)
                0x0108730c                _sbrk_r
 .text          0x0108737c      0x14c /opt/altera/13.0sp1/nios2eds/bin/gnu/H-i686-pc-linux-gnu/bin/../lib/gcc/nios2-elf/4.1.2/../../../../nios2-elf/lib/mno-hw-mul/libc.a(lib_a-stdio.o)
                0x0108737c                __sclose
                0x01087384                __sseek
                0x010873ec                __swrite
                0x01087468                __sread
 .text          0x010874c8       0xbc /opt/altera/13.0sp1/nios2eds/bin/gnu/H-i686-pc-linux-gnu/bin/../lib/gcc/nios2-elf/4.1.2/../../../../nios2-elf/lib/mno-hw-mul/libc.a(lib_a-strcmp.o)
                0x010874c8                strcmp
 .text          0x01087584       0x78 /opt/altera/13.0sp1/nios2eds/bin/gnu/H-i686-pc-linux-gnu/bin/../lib/gcc/nios2-elf/4.1.2/../../../../nios2-elf/lib/mno-hw-mul/libc.a(lib_a-writer.o)
                0x01087584                _write_r
 .text          0x010875fc       0xc8 /opt/altera/13.0sp1/nios2eds/bin/gnu/H-i686-pc-linux-gnu/bin/../lib/gcc/nios2-elf/4.1.2/../../../../nios2-elf/lib/mno-hw-mul/libc.a(lib_a-callocr.o)
                0x010875fc                _calloc_r
 .text          0x010876c4       0x70 /opt/altera/13.0sp1/nios2eds/bin/gnu/H-i686-pc-linux-gnu/bin/../lib/gcc/nios2-elf/4.1.2/../../../../nios2-elf/lib/mno-hw-mul/libc.a(lib_a-closer.o)
                0x010876c4                _close_r
 .text          0x01087734      0x124 /opt/altera/13.0sp1/nios2eds/bin/gnu/H-i686-pc-linux-gnu/bin/../lib/gcc/nios2-elf/4.1.2/../../../../nios2-elf/lib/mno-hw-mul/libc.a(lib_a-fclose.o)
                0x01087734                _fclose_r
                0x01087844                fclose
 .text          0x01087858       0x74 /opt/altera/13.0sp1/nios2eds/bin/gnu/H-i686-pc-linux-gnu/bin/../lib/gcc/nios2-elf/4.1.2/../../../../nios2-elf/lib/mno-hw-mul/libc.a(lib_a-fstatr.o)
                0x01087858                _fstat_r
 .text          0x010878cc        0x0 /opt/altera/13.0sp1/nios2eds/bin/gnu/H-i686-pc-linux-gnu/bin/../lib/gcc/nios2-elf/4.1.2/../../../../nios2-elf/lib/mno-hw-mul/libc.a(lib_a-int_errno.o)
 .text          0x010878cc       0x70 /opt/altera/13.0sp1/nios2eds/bin/gnu/H-i686-pc-linux-gnu/bin/../lib/gcc/nios2-elf/4.1.2/../../../../nios2-elf/lib/mno-hw-mul/libc.a(lib_a-isattyr.o)
                0x010878cc                _isatty_r
 .text          0x0108793c       0x78 /opt/altera/13.0sp1/nios2eds/bin/gnu/H-i686-pc-linux-gnu/bin/../lib/gcc/nios2-elf/4.1.2/../../../../nios2-elf/lib/mno-hw-mul/libc.a(lib_a-lseekr.o)
                0x0108793c                _lseek_r
 .text          0x010879b4       0x78 /opt/altera/13.0sp1/nios2eds/bin/gnu/H-i686-pc-linux-gnu/bin/../lib/gcc/nios2-elf/4.1.2/../../../../nios2-elf/lib/mno-hw-mul/libc.a(lib_a-readr.o)
                0x010879b4                _read_r
 .text          0x01087a2c      0x66c /opt/altera/13.0sp1/nios2eds/bin/gnu/H-i686-pc-linux-gnu/bin/../lib/gcc/nios2-elf/4.1.2/mno-hw-mul/libgcc.a(_udivdi3.o)
                0x01087a2c                __udivdi3
 .text          0x01088098      0x660 /opt/altera/13.0sp1/nios2eds/bin/gnu/H-i686-pc-linux-gnu/bin/../lib/gcc/nios2-elf/4.1.2/mno-hw-mul/libgcc.a(_umoddi3.o)
                0x01088098                __umoddi3
 .text          0x010886f8      0x504 /opt/altera/13.0sp1/nios2eds/bin/gnu/H-i686-pc-linux-gnu/bin/../lib/gcc/nios2-elf/4.1.2/mno-hw-mul/libgcc.a(_addsub_df.o)
                0x01088b08                __subdf3
                0x01088b88                __adddf3
 .text          0x01088bfc      0x3c4 /opt/altera/13.0sp1/nios2eds/bin/gnu/H-i686-pc-linux-gnu/bin/../lib/gcc/nios2-elf/4.1.2/mno-hw-mul/libgcc.a(_mul_df.o)
                0x01088bfc                __muldf3
 .text          0x01088fc0      0x258 /opt/altera/13.0sp1/nios2eds/bin/gnu/H-i686-pc-linux-gnu/bin/../lib/gcc/nios2-elf/4.1.2/mno-hw-mul/libgcc.a(_div_df.o)
                0x01088fc0                __divdf3
 .text          0x01089218       0x88 /opt/altera/13.0sp1/nios2eds/bin/gnu/H-i686-pc-linux-gnu/bin/../lib/gcc/nios2-elf/4.1.2/mno-hw-mul/libgcc.a(_eq_df.o)
                0x01089218                __eqdf2
 .text          0x010892a0       0x88 /opt/altera/13.0sp1/nios2eds/bin/gnu/H-i686-pc-linux-gnu/bin/../lib/gcc/nios2-elf/4.1.2/mno-hw-mul/libgcc.a(_ne_df.o)
                0x010892a0                __nedf2
 .text          0x01089328       0x88 /opt/altera/13.0sp1/nios2eds/bin/gnu/H-i686-pc-linux-gnu/bin/../lib/gcc/nios2-elf/4.1.2/mno-hw-mul/libgcc.a(_gt_df.o)
                0x01089328                __gtdf2
 .text          0x010893b0       0x88 /opt/altera/13.0sp1/nios2eds/bin/gnu/H-i686-pc-linux-gnu/bin/../lib/gcc/nios2-elf/4.1.2/mno-hw-mul/libgcc.a(_ge_df.o)
                0x010893b0                __gedf2
 .text          0x01089438       0x88 /opt/altera/13.0sp1/nios2eds/bin/gnu/H-i686-pc-linux-gnu/bin/../lib/gcc/nios2-elf/4.1.2/mno-hw-mul/libgcc.a(_lt_df.o)
                0x01089438                __ltdf2
 .text          0x010894c0       0xf8 /opt/altera/13.0sp1/nios2eds/bin/gnu/H-i686-pc-linux-gnu/bin/../lib/gcc/nios2-elf/4.1.2/mno-hw-mul/libgcc.a(_si_to_df.o)
                0x010894c0                __floatsidf
 .text          0x010895b8       0xd8 /opt/altera/13.0sp1/nios2eds/bin/gnu/H-i686-pc-linux-gnu/bin/../lib/gcc/nios2-elf/4.1.2/mno-hw-mul/libgcc.a(_df_to_si.o)
                0x010895b8                __fixdfsi
 .text          0x01089690        0x0 /opt/altera/13.0sp1/nios2eds/bin/gnu/H-i686-pc-linux-gnu/bin/../lib/gcc/nios2-elf/4.1.2/mno-hw-mul/libgcc.a(_thenan_df.o)
 .text          0x01089690      0x194 /opt/altera/13.0sp1/nios2eds/bin/gnu/H-i686-pc-linux-gnu/bin/../lib/gcc/nios2-elf/4.1.2/mno-hw-mul/libgcc.a(_usi_to_df.o)
                0x01089690                __floatunsidf
 .text          0x01089824       0x38 /opt/altera/13.0sp1/nios2eds/bin/gnu/H-i686-pc-linux-gnu/bin/../lib/gcc/nios2-elf/4.1.2/mno-hw-mul/libgcc.a(lib2-mul.o)
                0x01089824                __mulsi3
 .text          0x0108985c      0x124 /opt/altera/13.0sp1/nios2eds/bin/gnu/H-i686-pc-linux-gnu/bin/../lib/gcc/nios2-elf/4.1.2/mno-hw-mul/libgcc.a(_muldi3.o)
                0x0108985c                __muldi3
 .text          0x01089980        0x0 /opt/altera/13.0sp1/nios2eds/bin/gnu/H-i686-pc-linux-gnu/bin/../lib/gcc/nios2-elf/4.1.2/mno-hw-mul/libgcc.a(_clz.o)
 .text          0x01089980       0x80 /opt/altera/13.0sp1/nios2eds/bin/gnu/H-i686-pc-linux-gnu/bin/../lib/gcc/nios2-elf/4.1.2/mno-hw-mul/libgcc.a(_clzsi2.o)
                0x01089980                __clzsi2
 .text          0x01089a00      0x314 /opt/altera/13.0sp1/nios2eds/bin/gnu/H-i686-pc-linux-gnu/bin/../lib/gcc/nios2-elf/4.1.2/mno-hw-mul/libgcc.a(_pack_df.o)
                0x01089a00                __pack_d
 .text          0x01089d14      0x138 /opt/altera/13.0sp1/nios2eds/bin/gnu/H-i686-pc-linux-gnu/bin/../lib/gcc/nios2-elf/4.1.2/mno-hw-mul/libgcc.a(_unpack_df.o)
                0x01089d14                __unpack_d
 .text          0x01089e4c       0xc8 /opt/altera/13.0sp1/nios2eds/bin/gnu/H-i686-pc-linux-gnu/bin/../lib/gcc/nios2-elf/4.1.2/mno-hw-mul/libgcc.a(_fpcmp_parts_df.o)
                0x01089e4c                __fpcmp_parts_d
 .text          0x01089f14       0xbc ../../../bsp/il2206-pre-built-ucosii//libucosii_bsp.a(alt_close.o)
                0x01089f34                close
 .text          0x01089fd0        0x8 ../../../bsp/il2206-pre-built-ucosii//libucosii_bsp.a(alt_dev.o)
 .text          0x01089fd8        0x0 ../../../bsp/il2206-pre-built-ucosii//libucosii_bsp.a(alt_errno.o)
 .text          0x01089fd8       0x9c ../../../bsp/il2206-pre-built-ucosii//libucosii_bsp.a(alt_fstat.o)
                0x01089fd8                fstat
 .text          0x0108a074       0x94 ../../../bsp/il2206-pre-built-ucosii//libucosii_bsp.a(alt_isatty.o)
                0x0108a074                isatty
 .text          0x0108a108       0x8c ../../../bsp/il2206-pre-built-ucosii//libucosii_bsp.a(alt_load.o)
                0x0108a128                alt_load
 .text          0x0108a194       0xb8 ../../../bsp/il2206-pre-built-ucosii//libucosii_bsp.a(alt_lseek.o)
                0x0108a194                lseek
 .text          0x0108a24c       0xa8 ../../../bsp/il2206-pre-built-ucosii//libucosii_bsp.a(alt_main.o)
                0x0108a24c                alt_main
 .text          0x0108a2f4       0xd8 ../../../bsp/il2206-pre-built-ucosii//libucosii_bsp.a(alt_read.o)
                0x0108a314                read
 .text          0x0108a3cc       0x5c ../../../bsp/il2206-pre-built-ucosii//libucosii_bsp.a(alt_release_fd.o)
                0x0108a3cc                alt_release_fd
 .text          0x0108a428       0x50 ../../../bsp/il2206-pre-built-ucosii//libucosii_bsp.a(alt_sbrk.o)
                0x0108a428                sbrk
 .text          0x0108a478       0xd4 ../../../bsp/il2206-pre-built-ucosii//libucosii_bsp.a(alt_write.o)
                0x0108a498                write
 .text          0x0108a54c       0xa8 ../../../bsp/il2206-pre-built-ucosii//libucosii_bsp.a(alt_env_lock.o)
                0x0108a54c                __env_unlock
                0x0108a574                __env_lock
 .text          0x0108a5f4      0x110 ../../../bsp/il2206-pre-built-ucosii//libucosii_bsp.a(alt_malloc_lock.o)
                0x0108a5f4                __malloc_unlock
                0x0108a650                __malloc_lock
 .text          0x0108a704     0x1118 ../../../bsp/il2206-pre-built-ucosii//libucosii_bsp.a(os_core.o)
                0x0108a704                OSVersion
                0x0108a70c                OS_Dummy
                0x0108a710                OS_EventTaskWait
                0x0108a794                OS_EventTaskWaitMulti
                0x0108a834                OS_EventTaskRemove
                0x0108a880                OS_EventTaskRemoveMulti
                0x0108a8dc                OS_EventTaskRdy
                0x0108a9d0                OS_EventWaitListInit
                0x0108a9ec                OS_MemClr
                0x0108aa08                OS_MemCopy
                0x0108aa2c                OS_StrCopy
                0x0108aa58                OS_StrLen
                0x0108aa78                OS_TaskStatStkChk
                0x0108aafc                OS_Sched
                0x0108abb4                OSStart
                0x0108ac20                OSInit
                0x0108ae00                OSEventNameGet
                0x0108aeb8                OSEventPendMulti
                0x0108b210                OSIntEnter
                0x0108b24c                OSSchedLock
                0x0108b290                OSSchedUnlock
                0x0108b2e4                OSStatInit
                0x0108b348                OSTimeTick
                0x0108b454                OS_TaskIdle
                0x0108b484                OS_TaskStat
                0x0108b508                OS_TCBInit
                0x0108b68c                OSIntExit
                0x0108b760                OSEventNameSet
 .text          0x0108b81c        0x4 ../../../bsp/il2206-pre-built-ucosii//libucosii_bsp.a(os_dbg.o)
                0x0108b81c                OSDebugInit
 .text          0x0108b820      0xc5c ../../../bsp/il2206-pre-built-ucosii//libucosii_bsp.a(os_flag.o)
                0x0108b8d8                OS_FlagUnlink
                0x0108b9a4                OS_FlagInit
                0x0108ba14                OSFlagQuery
                0x0108ba70                OSFlagAccept
                0x0108bbe0                OSFlagCreate
                0x0108bc68                OSFlagDel
                0x0108bdc8                OSFlagNameGet
                0x0108be88                OSFlagNameSet
                0x0108bf5c                OSFlagPend
                0x0108c25c                OSFlagPendGetFlagsRdy
                0x0108c288                OSFlagPost
 .text          0x0108c47c      0x3b8 ../../../bsp/il2206-pre-built-ucosii//libucosii_bsp.a(os_mem.o)
                0x0108c47c                OS_MemInit
                0x0108c4e4                OSMemQuery
                0x0108c548                OSMemCreate
                0x0108c618                OSMemGet
                0x0108c684                OSMemNameGet
                0x0108c720                OSMemNameSet
                0x0108c7dc                OSMemPut
 .text          0x0108c834      0x9c4 ../../../bsp/il2206-pre-built-ucosii//libucosii_bsp.a(os_q.o)
                0x0108c834                OS_QInit
                0x0108c884                OSQQuery
                0x0108c91c                OSQAccept
                0x0108c9b8                OSQCreate
                0x0108cab8                OSQDel
                0x0108cc3c                OSQFlush
                0x0108cc8c                OSQPend
                0x0108ce4c                OSQPendAbort
                0x0108cf34                OSQPost
                0x0108cff0                OSQPostFront
                0x0108d0b4                OSQPostOpt
 .text          0x0108d1f8      0x5e0 ../../../bsp/il2206-pre-built-ucosii//libucosii_bsp.a(os_sem.o)
                0x0108d1f8                OSSemSet
                0x0108d25c                OSSemAccept
                0x0108d2a0                OSSemCreate
                0x0108d32c                OSSemDel
                0x0108d480                OSSemPend
                0x0108d5e8                OSSemPendAbort
                0x0108d6d4                OSSemPost
                0x0108d770                OSSemQuery
 .text          0x0108d7d8      0xe74 ../../../bsp/il2206-pre-built-ucosii//libucosii_bsp.a(os_task.o)
                0x0108d7d8                OS_TaskStkClr
                0x0108d808                OSTaskQuery
                0x0108d8d0                OSTaskChangePrio
                0x0108db6c                OSTaskCreate
                0x0108dc78                OSTaskCreateExt
                0x0108ddf0                OSTaskDel
                0x0108e03c                OSTaskDelReq
                0x0108e0f0                OSTaskNameGet
                0x0108e1f8                OSTaskNameSet
                0x0108e314                OSTaskResume
                0x0108e418                OSTaskStkChk
                0x0108e508                OSTaskSuspend
 .text          0x0108e64c      0x378 ../../../bsp/il2206-pre-built-ucosii//libucosii_bsp.a(os_time.o)
                0x0108e64c                OSTimeSet
                0x0108e670                OSTimeDly
                0x0108e708                OSTimeDlyHMSM
                0x0108e8a8                OSTimeDlyResume
                0x0108e9a0                OSTimeGet
 .text          0x0108e9c4      0xb94 ../../../bsp/il2206-pre-built-ucosii//libucosii_bsp.a(os_tmr.o)
                0x0108eb30                OSTmr_Init
                0x0108ed8c                OSTmrStop
                0x0108eee8                OSTmrStart
                0x0108efec                OSTmrStateGet
                0x0108f094                OSTmrRemainGet
                0x0108f1ac                OSTmrDel
                0x0108f2a8                OSTmrSignal
                0x0108f2d0                OSTmrNameGet
                0x0108f3bc                OSTmrCreate
 .text          0x0108f558       0xb4 ../../../bsp/il2206-pre-built-ucosii//libucosii_bsp.a(alt_sys_init.o)
                0x0108f558                alt_sys_init
                0x0108f5ec                alt_irq_init
 .text          0x0108f60c       0x3c ../../../bsp/il2206-pre-built-ucosii//libucosii_bsp.a(altera_avalon_jtag_uart_fd.o)
                0x0108f60c                altera_avalon_jtag_uart_ioctl_fd
                0x0108f618                altera_avalon_jtag_uart_close_fd
                0x0108f628                altera_avalon_jtag_uart_write_fd
                0x0108f638                altera_avalon_jtag_uart_read_fd
 .text          0x0108f648      0x2f4 ../../../bsp/il2206-pre-built-ucosii//libucosii_bsp.a(altera_avalon_jtag_uart_init.o)
                0x0108f648                altera_avalon_jtag_uart_close
                0x0108f708                altera_avalon_jtag_uart_init
 .text          0x0108f93c       0x7c ../../../bsp/il2206-pre-built-ucosii//libucosii_bsp.a(altera_avalon_jtag_uart_ioctl.o)
                0x0108f93c                altera_avalon_jtag_uart_ioctl
 .text          0x0108f9b8      0x1ac ../../../bsp/il2206-pre-built-ucosii//libucosii_bsp.a(altera_avalon_jtag_uart_read.o)
                0x0108f9b8                altera_avalon_jtag_uart_read
 .text          0x0108fb64      0x1b8 ../../../bsp/il2206-pre-built-ucosii//libucosii_bsp.a(altera_avalon_jtag_uart_write.o)
                0x0108fb64                altera_avalon_jtag_uart_write
 .text          0x0108fd1c       0x8c ../../../bsp/il2206-pre-built-ucosii//libucosii_bsp.a(altera_avalon_timer_sc.o)
                0x0108fd1c                alt_avalon_timer_sc_init
 .text          0x0108fda8       0xa0 ../../../bsp/il2206-pre-built-ucosii//libucosii_bsp.a(altera_avalon_timer_ts.o)
                0x0108fda8                alt_timestamp_freq
                0x0108fdb8                alt_timestamp_start
                0x0108fe00                alt_timestamp
 .text          0x0108fe48        0x0 ../../../bsp/il2206-pre-built-ucosii//libucosii_bsp.a(altera_avalon_timer_vars.o)
 .text          0x0108fe48       0x90 ../../../bsp/il2206-pre-built-ucosii//libucosii_bsp.a(alt_alarm_start.o)
                0x0108fe48                alt_alarm_start
 .text          0x0108fed8        0x4 ../../../bsp/il2206-pre-built-ucosii//libucosii_bsp.a(alt_dcache_flush_all.o)
                0x0108fed8                alt_dcache_flush_all
 .text          0x0108fedc       0x70 ../../../bsp/il2206-pre-built-ucosii//libucosii_bsp.a(alt_dev_llist_insert.o)
                0x0108fedc                alt_dev_llist_insert
 .text          0x0108ff4c       0x40 ../../../bsp/il2206-pre-built-ucosii//libucosii_bsp.a(alt_do_ctors.o)
                0x0108ff4c                _do_ctors
 .text          0x0108ff8c       0x40 ../../../bsp/il2206-pre-built-ucosii//libucosii_bsp.a(alt_do_dtors.o)
                0x0108ff8c                _do_dtors
 .text          0x0108ffcc        0x4 ../../../bsp/il2206-pre-built-ucosii//libucosii_bsp.a(alt_icache_flush_all.o)
                0x0108ffcc                alt_icache_flush_all
 .text          0x0108ffd0       0x9c ../../../bsp/il2206-pre-built-ucosii//libucosii_bsp.a(alt_iic.o)
                0x0108ffd0                alt_ic_irq_enabled
                0x0108ffe8                alt_ic_irq_enable
                0x01090028                alt_ic_irq_disable
                0x01090068                alt_ic_isr_register
 .text          0x0109006c       0x6c ../../../bsp/il2206-pre-built-ucosii//libucosii_bsp.a(alt_iic_isr_register.o)
                0x0109006c                alt_iic_isr_register
 .text          0x010900d8      0x114 ../../../bsp/il2206-pre-built-ucosii//libucosii_bsp.a(alt_io_redirect.o)
                0x01090160                alt_io_redirect
 .text          0x010901ec        0x0 ../../../bsp/il2206-pre-built-ucosii//libucosii_bsp.a(alt_irq_entry.o)
 .text          0x010901ec        0x0 ../../../bsp/il2206-pre-built-ucosii//libucosii_bsp.a(alt_irq_handler.o)
 .text          0x010901ec        0x0 ../../../bsp/il2206-pre-built-ucosii//libucosii_bsp.a(alt_irq_vars.o)
 .text          0x010901ec      0x17c ../../../bsp/il2206-pre-built-ucosii//libucosii_bsp.a(alt_open.o)
                0x010901ec                open
 .text          0x01090368       0xe0 ../../../bsp/il2206-pre-built-ucosii//libucosii_bsp.a(alt_tick.o)
                0x01090368                alt_alarm_stop
                0x0109039c                alt_tick
 .text          0x01090448        0x8 ../../../bsp/il2206-pre-built-ucosii//libucosii_bsp.a(altera_nios2_qsys_irq.o)
                0x01090448                altera_nios2_qsys_irq_init
 .text          0x01090450       0xd0 ../../../bsp/il2206-pre-built-ucosii//libucosii_bsp.a(os_cpu_a.o)
                0x01090450                OSCtxSw
                0x01090450                OSIntCtxSw
                0x010904dc                OSStartHighRdy
                0x010904fc                OSStartTsk
 .text          0x01090520      0x228 ../../../bsp/il2206-pre-built-ucosii//libucosii_bsp.a(os_cpu_c.o)
                0x01090520                OSTaskCreateHook
                0x01090524                OSTaskDelHook
                0x01090528                OSTaskSwHook
                0x0109052c                OSTaskStatHook
                0x01090530                OSInitHookBegin
                0x01090538                OSInitHookEnd
                0x0109053c                OSTaskIdleHook
                0x01090540                OSTCBInitHook
                0x01090544                OSTimeTickHook
                0x0109059c                OSTaskStkInit
 .text          0x01090748        0x0 ../../../bsp/il2206-pre-built-ucosii//libucosii_bsp.a(alt_exception_entry.o)
 .text          0x01090748       0x70 ../../../bsp/il2206-pre-built-ucosii//libucosii_bsp.a(alt_find_dev.o)
                0x01090748                alt_find_dev
 .text          0x010907b8       0x9c ../../../bsp/il2206-pre-built-ucosii//libucosii_bsp.a(alt_find_file.o)
                0x010907b8                alt_find_file
 .text          0x01090854       0xa4 ../../../bsp/il2206-pre-built-ucosii//libucosii_bsp.a(alt_get_fd.o)
                0x01090854                alt_get_fd
 .text          0x010908f8       0x14 /opt/altera/13.0sp1/nios2eds/bin/gnu/H-i686-pc-linux-gnu/bin/../lib/gcc/nios2-elf/4.1.2/../../../../nios2-elf/lib/mno-hw-mul/libc.a(lib_a-atexit.o)
                0x010908f8                atexit
 .text          0x0109090c       0x38 /opt/altera/13.0sp1/nios2eds/bin/gnu/H-i686-pc-linux-gnu/bin/../lib/gcc/nios2-elf/4.1.2/../../../../nios2-elf/lib/mno-hw-mul/libc.a(lib_a-exit.o)
                0x0109090c                exit
 .text          0x01090944       0x74 /opt/altera/13.0sp1/nios2eds/bin/gnu/H-i686-pc-linux-gnu/bin/../lib/gcc/nios2-elf/4.1.2/../../../../nios2-elf/lib/mno-hw-mul/libc.a(lib_a-memcmp.o)
                0x01090944                memcmp
 .text          0x010909b8      0x134 /opt/altera/13.0sp1/nios2eds/bin/gnu/H-i686-pc-linux-gnu/bin/../lib/gcc/nios2-elf/4.1.2/../../../../nios2-elf/lib/mno-hw-mul/libc.a(lib_a-__atexit.o)
                0x010909b8                __register_exitproc
 .text          0x01090aec      0x1b4 /opt/altera/13.0sp1/nios2eds/bin/gnu/H-i686-pc-linux-gnu/bin/../lib/gcc/nios2-elf/4.1.2/../../../../nios2-elf/lib/mno-hw-mul/libc.a(lib_a-__call_atexit.o)
                0x01090af0                __call_exitprocs
 .text          0x01090ca0       0xa4 /opt/altera/13.0sp1/nios2eds/bin/gnu/H-i686-pc-linux-gnu/bin/../lib/gcc/nios2-elf/4.1.2/mno-hw-mul/libgcc.a(_fixunsdfsi.o)
                0x01090ca0                __fixunsdfsi
 .text          0x01090d44       0x20 ../../../bsp/il2206-pre-built-ucosii//libucosii_bsp.a(alt_exit.o)
                0x01090d44                _exit
 *(.gnu.warning.*)
 *(.fini)
                0x01090d64                PROVIDE (__etext, ABSOLUTE (.))
                0x01090d64                PROVIDE (_etext, ABSOLUTE (.))
                0x01090d64                PROVIDE (etext, ABSOLUTE (.))
 *(.eh_frame_hdr)
                0x01090d64                . = ALIGN (0x4)
                0x01090d64                PROVIDE (__preinit_array_start, ABSOLUTE (.))
 *(.preinit_array)
                0x01090d64                PROVIDE (__preinit_array_end, ABSOLUTE (.))
                0x01090d64                PROVIDE (__init_array_start, ABSOLUTE (.))
 *(.init_array)
                0x01090d64                PROVIDE (__init_array_end, ABSOLUTE (.))
                0x01090d64                PROVIDE (__fini_array_start, ABSOLUTE (.))
 *(.fini_array)
                0x01090d64                PROVIDE (__fini_array_end, ABSOLUTE (.))
 *(.eh_frame)
 *(.gcc_except_table)
 *(.dynamic)
                0x01090d64                PROVIDE (__CTOR_LIST__, ABSOLUTE (.))
 *(.ctors)
 *(SORT(.ctors.*))
 .ctors.65535   0x01090d64        0x4 /opt/altera/13.0sp1/nios2eds/bin/gnu/H-i686-pc-linux-gnu/bin/../lib/gcc/nios2-elf/4.1.2/../../../../nios2-elf/lib/mno-hw-mul/libc.a(lib_a-__call_atexit.o)
                0x01090d68                PROVIDE (__CTOR_END__, ABSOLUTE (.))
                0x01090d68                PROVIDE (__DTOR_LIST__, ABSOLUTE (.))
 *(.dtors)
 *(SORT(.dtors.*))
                0x01090d68                PROVIDE (__DTOR_END__, ABSOLUTE (.))
 *(.jcr)
                0x01090d68                . = ALIGN (0x4)

.rodata         0x01090d68      0x4ec
                0x01090d68                PROVIDE (__ram_rodata_start, ABSOLUTE (.))
                0x01090d68                . = ALIGN (0x4)
 *(.rodata .rodata.* .gnu.linkonce.r.*)
 .rodata        0x01090d68       0x64 obj/default/ContestSwitch.o
 .rodata.str1.4
                0x01090dcc        0x2 /opt/altera/13.0sp1/nios2eds/bin/gnu/H-i686-pc-linux-gnu/bin/../lib/gcc/nios2-elf/4.1.2/../../../../nios2-elf/lib/mno-hw-mul/libc.a(lib_a-puts.o)
                                  0x4 (size before relaxing)
 *fill*         0x01090dce        0x2 00
 .rodata.str1.4
                0x01090dd0       0x5e /opt/altera/13.0sp1/nios2eds/bin/gnu/H-i686-pc-linux-gnu/bin/../lib/gcc/nios2-elf/4.1.2/../../../../nios2-elf/lib/mno-hw-mul/libc.a(lib_a-vfprintf.o)
                                 0x60 (size before relaxing)
 .rodata        0x01090e2e       0x20 /opt/altera/13.0sp1/nios2eds/bin/gnu/H-i686-pc-linux-gnu/bin/../lib/gcc/nios2-elf/4.1.2/../../../../nios2-elf/lib/mno-hw-mul/libc.a(lib_a-vfprintf.o)
 *fill*         0x01090e4e        0x2 00
 .rodata.str1.4
                0x01090e50       0x10 /opt/altera/13.0sp1/nios2eds/bin/gnu/H-i686-pc-linux-gnu/bin/../lib/gcc/nios2-elf/4.1.2/../../../../nios2-elf/lib/mno-hw-mul/libc.a(lib_a-dtoa.o)
                                 0x14 (size before relaxing)
 .rodata.str1.4
                0x01090e60        0x2 /opt/altera/13.0sp1/nios2eds/bin/gnu/H-i686-pc-linux-gnu/bin/../lib/gcc/nios2-elf/4.1.2/../../../../nios2-elf/lib/mno-hw-mul/libc.a(lib_a-impure.o)
                                  0x4 (size before relaxing)
 *fill*         0x01090e62        0x2 00
 .rodata.str1.4
                0x01090e64        0xf /opt/altera/13.0sp1/nios2eds/bin/gnu/H-i686-pc-linux-gnu/bin/../lib/gcc/nios2-elf/4.1.2/../../../../nios2-elf/lib/mno-hw-mul/libc.a(lib_a-locale.o)
                                 0x18 (size before relaxing)
 *fill*         0x01090e73        0x1 00
 .rodata        0x01090e74       0x30 /opt/altera/13.0sp1/nios2eds/bin/gnu/H-i686-pc-linux-gnu/bin/../lib/gcc/nios2-elf/4.1.2/../../../../nios2-elf/lib/mno-hw-mul/libc.a(lib_a-locale.o)
 .rodata        0x01090ea4      0x124 /opt/altera/13.0sp1/nios2eds/bin/gnu/H-i686-pc-linux-gnu/bin/../lib/gcc/nios2-elf/4.1.2/../../../../nios2-elf/lib/mno-hw-mul/libc.a(lib_a-mprec.o)
                0x01090ea4                __mprec_tens
                0x01090f6c                __mprec_bigtens
                0x01090f94                __mprec_tinytens
 .rodata        0x01090fc8       0x14 /opt/altera/13.0sp1/nios2eds/bin/gnu/H-i686-pc-linux-gnu/bin/../lib/gcc/nios2-elf/4.1.2/mno-hw-mul/libgcc.a(_thenan_df.o)
                0x01090fc8                __thenan_df
 .rodata        0x01090fdc      0x100 /opt/altera/13.0sp1/nios2eds/bin/gnu/H-i686-pc-linux-gnu/bin/../lib/gcc/nios2-elf/4.1.2/mno-hw-mul/libgcc.a(_clz.o)
                0x01090fdc                __clz_tab
 .rodata.str1.4
                0x010910dc        0xa ../../../bsp/il2206-pre-built-ucosii//libucosii_bsp.a(alt_dev.o)
                                  0xc (size before relaxing)
 *fill*         0x010910e6        0x2 00
 .rodata.str1.4
                0x010910e8       0x11 ../../../bsp/il2206-pre-built-ucosii//libucosii_bsp.a(alt_main.o)
                                 0x14 (size before relaxing)
 *fill*         0x010910f9        0x3 00
 .rodata.str1.4
                0x010910fc       0x1e ../../../bsp/il2206-pre-built-ucosii//libucosii_bsp.a(os_core.o)
                                 0x20 (size before relaxing)
 .rodata        0x0109111a      0x100 ../../../bsp/il2206-pre-built-ucosii//libucosii_bsp.a(os_core.o)
                0x0109111a                OSUnMapTbl
 *fill*         0x0109121a        0x2 00
 .rodata.str1.4
                0x0109121c       0x38 ../../../bsp/il2206-pre-built-ucosii//libucosii_bsp.a(os_tmr.o)
 .rodata.str1.4
                0x00000000       0x14 ../../../bsp/il2206-pre-built-ucosii//libucosii_bsp.a(alt_sys_init.o)
 .rodata.str1.4
                0x00000000        0x4 ../../../bsp/il2206-pre-built-ucosii//libucosii_bsp.a(os_cpu_c.o)
 *(.rodata1)
                0x01091254                . = ALIGN (0x4)
                0x01091254                PROVIDE (__ram_rodata_end, ABSOLUTE (.))
                0x01090d68                PROVIDE (__flash_rodata_start, LOADADDR (.rodata))

.rwdata         0x01091254     0x1ae4 load address 0x01092d38
                0x01091254                PROVIDE (__ram_rwdata_start, ABSOLUTE (.))
                0x01091254                . = ALIGN (0x4)
 *(.got.plt)
 *(.got)
 *(.data1)
 *(.data .data.* .gnu.linkonce.d.*)
 .data          0x01091254        0x0 ../../../bsp/il2206-pre-built-ucosii//obj/HAL/src/crt0.o
 .data          0x01091254        0x0 obj/default/ContestSwitch.o
 .data          0x01091254        0x0 /opt/altera/13.0sp1/nios2eds/bin/gnu/H-i686-pc-linux-gnu/bin/../lib/gcc/nios2-elf/4.1.2/mno-hw-mul/libgcc.a(lib2-divmod.o)
 .data          0x01091254        0x0 /opt/altera/13.0sp1/nios2eds/bin/gnu/H-i686-pc-linux-gnu/bin/../lib/gcc/nios2-elf/4.1.2/../../../../nios2-elf/lib/mno-hw-mul/libc.a(lib_a-printf.o)
 .data          0x01091254        0x0 /opt/altera/13.0sp1/nios2eds/bin/gnu/H-i686-pc-linux-gnu/bin/../lib/gcc/nios2-elf/4.1.2/../../../../nios2-elf/lib/mno-hw-mul/libc.a(lib_a-puts.o)
 .data          0x01091254        0x0 /opt/altera/13.0sp1/nios2eds/bin/gnu/H-i686-pc-linux-gnu/bin/../lib/gcc/nios2-elf/4.1.2/../../../../nios2-elf/lib/mno-hw-mul/libc.a(lib_a-strlen.o)
 .data          0x01091254        0x0 /opt/altera/13.0sp1/nios2eds/bin/gnu/H-i686-pc-linux-gnu/bin/../lib/gcc/nios2-elf/4.1.2/../../../../nios2-elf/lib/mno-hw-mul/libc.a(lib_a-vfprintf.o)
 .data          0x01091254        0x0 /opt/altera/13.0sp1/nios2eds/bin/gnu/H-i686-pc-linux-gnu/bin/../lib/gcc/nios2-elf/4.1.2/../../../../nios2-elf/lib/mno-hw-mul/libc.a(lib_a-wsetup.o)
 .data          0x01091254        0x0 /opt/altera/13.0sp1/nios2eds/bin/gnu/H-i686-pc-linux-gnu/bin/../lib/gcc/nios2-elf/4.1.2/../../../../nios2-elf/lib/mno-hw-mul/libc.a(lib_a-dtoa.o)
 .data          0x01091254        0x0 /opt/altera/13.0sp1/nios2eds/bin/gnu/H-i686-pc-linux-gnu/bin/../lib/gcc/nios2-elf/4.1.2/../../../../nios2-elf/lib/mno-hw-mul/libc.a(lib_a-fflush.o)
 .data          0x01091254        0x0 /opt/altera/13.0sp1/nios2eds/bin/gnu/H-i686-pc-linux-gnu/bin/../lib/gcc/nios2-elf/4.1.2/../../../../nios2-elf/lib/mno-hw-mul/libc.a(lib_a-findfp.o)
 .data          0x01091254        0x0 /opt/altera/13.0sp1/nios2eds/bin/gnu/H-i686-pc-linux-gnu/bin/../lib/gcc/nios2-elf/4.1.2/../../../../nios2-elf/lib/mno-hw-mul/libc.a(lib_a-freer.o)
 .data          0x01091254        0x0 /opt/altera/13.0sp1/nios2eds/bin/gnu/H-i686-pc-linux-gnu/bin/../lib/gcc/nios2-elf/4.1.2/../../../../nios2-elf/lib/mno-hw-mul/libc.a(lib_a-fvwrite.o)
 .data          0x01091254        0x0 /opt/altera/13.0sp1/nios2eds/bin/gnu/H-i686-pc-linux-gnu/bin/../lib/gcc/nios2-elf/4.1.2/../../../../nios2-elf/lib/mno-hw-mul/libc.a(lib_a-fwalk.o)
 .data          0x01091254      0x400 /opt/altera/13.0sp1/nios2eds/bin/gnu/H-i686-pc-linux-gnu/bin/../lib/gcc/nios2-elf/4.1.2/../../../../nios2-elf/lib/mno-hw-mul/libc.a(lib_a-impure.o)
 .data          0x01091654        0xc /opt/altera/13.0sp1/nios2eds/bin/gnu/H-i686-pc-linux-gnu/bin/../lib/gcc/nios2-elf/4.1.2/../../../../nios2-elf/lib/mno-hw-mul/libc.a(lib_a-locale.o)
                0x01091654                __lc_ctype
 .data          0x01091660        0x0 /opt/altera/13.0sp1/nios2eds/bin/gnu/H-i686-pc-linux-gnu/bin/../lib/gcc/nios2-elf/4.1.2/../../../../nios2-elf/lib/mno-hw-mul/libc.a(lib_a-makebuf.o)
 .data          0x01091660      0x408 /opt/altera/13.0sp1/nios2eds/bin/gnu/H-i686-pc-linux-gnu/bin/../lib/gcc/nios2-elf/4.1.2/../../../../nios2-elf/lib/mno-hw-mul/libc.a(lib_a-mallocr.o)
                0x01091660                __malloc_av_
 .data          0x01091a68        0x0 /opt/altera/13.0sp1/nios2eds/bin/gnu/H-i686-pc-linux-gnu/bin/../lib/gcc/nios2-elf/4.1.2/../../../../nios2-elf/lib/mno-hw-mul/libc.a(lib_a-memchr.o)
 .data          0x01091a68        0x0 /opt/altera/13.0sp1/nios2eds/bin/gnu/H-i686-pc-linux-gnu/bin/../lib/gcc/nios2-elf/4.1.2/../../../../nios2-elf/lib/mno-hw-mul/libc.a(lib_a-memcpy.o)
 .data          0x01091a68        0x0 /opt/altera/13.0sp1/nios2eds/bin/gnu/H-i686-pc-linux-gnu/bin/../lib/gcc/nios2-elf/4.1.2/../../../../nios2-elf/lib/mno-hw-mul/libc.a(lib_a-memmove.o)
 .data          0x01091a68        0x0 /opt/altera/13.0sp1/nios2eds/bin/gnu/H-i686-pc-linux-gnu/bin/../lib/gcc/nios2-elf/4.1.2/../../../../nios2-elf/lib/mno-hw-mul/libc.a(lib_a-memset.o)
 .data          0x01091a68        0x0 /opt/altera/13.0sp1/nios2eds/bin/gnu/H-i686-pc-linux-gnu/bin/../lib/gcc/nios2-elf/4.1.2/../../../../nios2-elf/lib/mno-hw-mul/libc.a(lib_a-mprec.o)
 .data          0x01091a68        0x0 /opt/altera/13.0sp1/nios2eds/bin/gnu/H-i686-pc-linux-gnu/bin/../lib/gcc/nios2-elf/4.1.2/../../../../nios2-elf/lib/mno-hw-mul/libc.a(lib_a-reallocr.o)
 .data          0x01091a68        0x0 /opt/altera/13.0sp1/nios2eds/bin/gnu/H-i686-pc-linux-gnu/bin/../lib/gcc/nios2-elf/4.1.2/../../../../nios2-elf/lib/mno-hw-mul/libc.a(lib_a-s_isinfd.o)
 .data          0x01091a68        0x0 /opt/altera/13.0sp1/nios2eds/bin/gnu/H-i686-pc-linux-gnu/bin/../lib/gcc/nios2-elf/4.1.2/../../../../nios2-elf/lib/mno-hw-mul/libc.a(lib_a-s_isnand.o)
 .data          0x01091a68        0x0 /opt/altera/13.0sp1/nios2eds/bin/gnu/H-i686-pc-linux-gnu/bin/../lib/gcc/nios2-elf/4.1.2/../../../../nios2-elf/lib/mno-hw-mul/libc.a(lib_a-sbrkr.o)
 .data          0x01091a68        0x0 /opt/altera/13.0sp1/nios2eds/bin/gnu/H-i686-pc-linux-gnu/bin/../lib/gcc/nios2-elf/4.1.2/../../../../nios2-elf/lib/mno-hw-mul/libc.a(lib_a-stdio.o)
 .data          0x01091a68        0x0 /opt/altera/13.0sp1/nios2eds/bin/gnu/H-i686-pc-linux-gnu/bin/../lib/gcc/nios2-elf/4.1.2/../../../../nios2-elf/lib/mno-hw-mul/libc.a(lib_a-strcmp.o)
 .data          0x01091a68        0x0 /opt/altera/13.0sp1/nios2eds/bin/gnu/H-i686-pc-linux-gnu/bin/../lib/gcc/nios2-elf/4.1.2/../../../../nios2-elf/lib/mno-hw-mul/libc.a(lib_a-writer.o)
 .data          0x01091a68        0x0 /opt/altera/13.0sp1/nios2eds/bin/gnu/H-i686-pc-linux-gnu/bin/../lib/gcc/nios2-elf/4.1.2/../../../../nios2-elf/lib/mno-hw-mul/libc.a(lib_a-callocr.o)
 .data          0x01091a68        0x0 /opt/altera/13.0sp1/nios2eds/bin/gnu/H-i686-pc-linux-gnu/bin/../lib/gcc/nios2-elf/4.1.2/../../../../nios2-elf/lib/mno-hw-mul/libc.a(lib_a-closer.o)
 .data          0x01091a68        0x0 /opt/altera/13.0sp1/nios2eds/bin/gnu/H-i686-pc-linux-gnu/bin/../lib/gcc/nios2-elf/4.1.2/../../../../nios2-elf/lib/mno-hw-mul/libc.a(lib_a-fclose.o)
 .data          0x01091a68        0x0 /opt/altera/13.0sp1/nios2eds/bin/gnu/H-i686-pc-linux-gnu/bin/../lib/gcc/nios2-elf/4.1.2/../../../../nios2-elf/lib/mno-hw-mul/libc.a(lib_a-fstatr.o)
 .data          0x01091a68        0x0 /opt/altera/13.0sp1/nios2eds/bin/gnu/H-i686-pc-linux-gnu/bin/../lib/gcc/nios2-elf/4.1.2/../../../../nios2-elf/lib/mno-hw-mul/libc.a(lib_a-int_errno.o)
 .data          0x01091a68        0x0 /opt/altera/13.0sp1/nios2eds/bin/gnu/H-i686-pc-linux-gnu/bin/../lib/gcc/nios2-elf/4.1.2/../../../../nios2-elf/lib/mno-hw-mul/libc.a(lib_a-isattyr.o)
 .data          0x01091a68        0x0 /opt/altera/13.0sp1/nios2eds/bin/gnu/H-i686-pc-linux-gnu/bin/../lib/gcc/nios2-elf/4.1.2/../../../../nios2-elf/lib/mno-hw-mul/libc.a(lib_a-lseekr.o)
 .data          0x01091a68        0x0 /opt/altera/13.0sp1/nios2eds/bin/gnu/H-i686-pc-linux-gnu/bin/../lib/gcc/nios2-elf/4.1.2/../../../../nios2-elf/lib/mno-hw-mul/libc.a(lib_a-readr.o)
 .data          0x01091a68        0x0 /opt/altera/13.0sp1/nios2eds/bin/gnu/H-i686-pc-linux-gnu/bin/../lib/gcc/nios2-elf/4.1.2/mno-hw-mul/libgcc.a(_udivdi3.o)
 .data          0x01091a68        0x0 /opt/altera/13.0sp1/nios2eds/bin/gnu/H-i686-pc-linux-gnu/bin/../lib/gcc/nios2-elf/4.1.2/mno-hw-mul/libgcc.a(_umoddi3.o)
 .data          0x01091a68        0x0 /opt/altera/13.0sp1/nios2eds/bin/gnu/H-i686-pc-linux-gnu/bin/../lib/gcc/nios2-elf/4.1.2/mno-hw-mul/libgcc.a(_addsub_df.o)
 .data          0x01091a68        0x0 /opt/altera/13.0sp1/nios2eds/bin/gnu/H-i686-pc-linux-gnu/bin/../lib/gcc/nios2-elf/4.1.2/mno-hw-mul/libgcc.a(_mul_df.o)
 .data          0x01091a68        0x0 /opt/altera/13.0sp1/nios2eds/bin/gnu/H-i686-pc-linux-gnu/bin/../lib/gcc/nios2-elf/4.1.2/mno-hw-mul/libgcc.a(_div_df.o)
 .data          0x01091a68        0x0 /opt/altera/13.0sp1/nios2eds/bin/gnu/H-i686-pc-linux-gnu/bin/../lib/gcc/nios2-elf/4.1.2/mno-hw-mul/libgcc.a(_eq_df.o)
 .data          0x01091a68        0x0 /opt/altera/13.0sp1/nios2eds/bin/gnu/H-i686-pc-linux-gnu/bin/../lib/gcc/nios2-elf/4.1.2/mno-hw-mul/libgcc.a(_ne_df.o)
 .data          0x01091a68        0x0 /opt/altera/13.0sp1/nios2eds/bin/gnu/H-i686-pc-linux-gnu/bin/../lib/gcc/nios2-elf/4.1.2/mno-hw-mul/libgcc.a(_gt_df.o)
 .data          0x01091a68        0x0 /opt/altera/13.0sp1/nios2eds/bin/gnu/H-i686-pc-linux-gnu/bin/../lib/gcc/nios2-elf/4.1.2/mno-hw-mul/libgcc.a(_ge_df.o)
 .data          0x01091a68        0x0 /opt/altera/13.0sp1/nios2eds/bin/gnu/H-i686-pc-linux-gnu/bin/../lib/gcc/nios2-elf/4.1.2/mno-hw-mul/libgcc.a(_lt_df.o)
 .data          0x01091a68        0x0 /opt/altera/13.0sp1/nios2eds/bin/gnu/H-i686-pc-linux-gnu/bin/../lib/gcc/nios2-elf/4.1.2/mno-hw-mul/libgcc.a(_si_to_df.o)
 .data          0x01091a68        0x0 /opt/altera/13.0sp1/nios2eds/bin/gnu/H-i686-pc-linux-gnu/bin/../lib/gcc/nios2-elf/4.1.2/mno-hw-mul/libgcc.a(_df_to_si.o)
 .data          0x01091a68        0x0 /opt/altera/13.0sp1/nios2eds/bin/gnu/H-i686-pc-linux-gnu/bin/../lib/gcc/nios2-elf/4.1.2/mno-hw-mul/libgcc.a(_thenan_df.o)
 .data          0x01091a68        0x0 /opt/altera/13.0sp1/nios2eds/bin/gnu/H-i686-pc-linux-gnu/bin/../lib/gcc/nios2-elf/4.1.2/mno-hw-mul/libgcc.a(_usi_to_df.o)
 .data          0x01091a68        0x0 /opt/altera/13.0sp1/nios2eds/bin/gnu/H-i686-pc-linux-gnu/bin/../lib/gcc/nios2-elf/4.1.2/mno-hw-mul/libgcc.a(lib2-mul.o)
 .data          0x01091a68        0x0 /opt/altera/13.0sp1/nios2eds/bin/gnu/H-i686-pc-linux-gnu/bin/../lib/gcc/nios2-elf/4.1.2/mno-hw-mul/libgcc.a(_muldi3.o)
 .data          0x01091a68        0x0 /opt/altera/13.0sp1/nios2eds/bin/gnu/H-i686-pc-linux-gnu/bin/../lib/gcc/nios2-elf/4.1.2/mno-hw-mul/libgcc.a(_clz.o)
 .data          0x01091a68        0x0 /opt/altera/13.0sp1/nios2eds/bin/gnu/H-i686-pc-linux-gnu/bin/../lib/gcc/nios2-elf/4.1.2/mno-hw-mul/libgcc.a(_clzsi2.o)
 .data          0x01091a68        0x0 /opt/altera/13.0sp1/nios2eds/bin/gnu/H-i686-pc-linux-gnu/bin/../lib/gcc/nios2-elf/4.1.2/mno-hw-mul/libgcc.a(_pack_df.o)
 .data          0x01091a68        0x0 /opt/altera/13.0sp1/nios2eds/bin/gnu/H-i686-pc-linux-gnu/bin/../lib/gcc/nios2-elf/4.1.2/mno-hw-mul/libgcc.a(_unpack_df.o)
 .data          0x01091a68        0x0 /opt/altera/13.0sp1/nios2eds/bin/gnu/H-i686-pc-linux-gnu/bin/../lib/gcc/nios2-elf/4.1.2/mno-hw-mul/libgcc.a(_fpcmp_parts_df.o)
 .data          0x01091a68        0x0 ../../../bsp/il2206-pre-built-ucosii//libucosii_bsp.a(alt_close.o)
 .data          0x01091a68      0x1a8 ../../../bsp/il2206-pre-built-ucosii//libucosii_bsp.a(alt_dev.o)
                0x01091a68                alt_dev_null
                0x01091a90                alt_fd_list
 .data          0x01091c10        0x0 ../../../bsp/il2206-pre-built-ucosii//libucosii_bsp.a(alt_errno.o)
 .data          0x01091c10        0x0 ../../../bsp/il2206-pre-built-ucosii//libucosii_bsp.a(alt_fstat.o)
 .data          0x01091c10        0x0 ../../../bsp/il2206-pre-built-ucosii//libucosii_bsp.a(alt_isatty.o)
 .data          0x01091c10        0x0 ../../../bsp/il2206-pre-built-ucosii//libucosii_bsp.a(alt_load.o)
 .data          0x01091c10        0x0 ../../../bsp/il2206-pre-built-ucosii//libucosii_bsp.a(alt_lseek.o)
 .data          0x01091c10        0x0 ../../../bsp/il2206-pre-built-ucosii//libucosii_bsp.a(alt_main.o)
 .data          0x01091c10        0x0 ../../../bsp/il2206-pre-built-ucosii//libucosii_bsp.a(alt_read.o)
 .data          0x01091c10        0x0 ../../../bsp/il2206-pre-built-ucosii//libucosii_bsp.a(alt_release_fd.o)
 .data          0x01091c10        0x0 ../../../bsp/il2206-pre-built-ucosii//libucosii_bsp.a(alt_sbrk.o)
 .data          0x01091c10        0x0 ../../../bsp/il2206-pre-built-ucosii//libucosii_bsp.a(alt_write.o)
 .data          0x01091c10        0x0 ../../../bsp/il2206-pre-built-ucosii//libucosii_bsp.a(alt_env_lock.o)
 .data          0x01091c10        0x0 ../../../bsp/il2206-pre-built-ucosii//libucosii_bsp.a(alt_malloc_lock.o)
 .data          0x01091c10        0x0 ../../../bsp/il2206-pre-built-ucosii//libucosii_bsp.a(os_core.o)
 .data          0x01091c10        0x0 ../../../bsp/il2206-pre-built-ucosii//libucosii_bsp.a(os_dbg.o)
 .data          0x01091c10        0x0 ../../../bsp/il2206-pre-built-ucosii//libucosii_bsp.a(os_flag.o)
 .data          0x01091c10        0x0 ../../../bsp/il2206-pre-built-ucosii//libucosii_bsp.a(os_mem.o)
 .data          0x01091c10        0x0 ../../../bsp/il2206-pre-built-ucosii//libucosii_bsp.a(os_q.o)
 .data          0x01091c10        0x0 ../../../bsp/il2206-pre-built-ucosii//libucosii_bsp.a(os_sem.o)
 .data          0x01091c10        0x0 ../../../bsp/il2206-pre-built-ucosii//libucosii_bsp.a(os_task.o)
 .data          0x01091c10        0x0 ../../../bsp/il2206-pre-built-ucosii//libucosii_bsp.a(os_time.o)
 .data          0x01091c10        0x0 ../../../bsp/il2206-pre-built-ucosii//libucosii_bsp.a(os_tmr.o)
 .data          0x01091c10     0x106c ../../../bsp/il2206-pre-built-ucosii//libucosii_bsp.a(alt_sys_init.o)
 .data          0x01092c7c        0x0 ../../../bsp/il2206-pre-built-ucosii//libucosii_bsp.a(altera_avalon_jtag_uart_fd.o)
 .data          0x01092c7c        0x0 ../../../bsp/il2206-pre-built-ucosii//libucosii_bsp.a(altera_avalon_jtag_uart_init.o)
 .data          0x01092c7c        0x0 ../../../bsp/il2206-pre-built-ucosii//libucosii_bsp.a(altera_avalon_jtag_uart_ioctl.o)
 .data          0x01092c7c        0x0 ../../../bsp/il2206-pre-built-ucosii//libucosii_bsp.a(altera_avalon_jtag_uart_read.o)
 .data          0x01092c7c        0x0 ../../../bsp/il2206-pre-built-ucosii//libucosii_bsp.a(altera_avalon_jtag_uart_write.o)
 .data          0x01092c7c        0x0 ../../../bsp/il2206-pre-built-ucosii//libucosii_bsp.a(altera_avalon_timer_sc.o)
 .data          0x01092c7c        0x0 ../../../bsp/il2206-pre-built-ucosii//libucosii_bsp.a(altera_avalon_timer_ts.o)
 .data          0x01092c7c        0x0 ../../../bsp/il2206-pre-built-ucosii//libucosii_bsp.a(altera_avalon_timer_vars.o)
 .data          0x01092c7c        0x0 ../../../bsp/il2206-pre-built-ucosii//libucosii_bsp.a(alt_alarm_start.o)
 .data          0x01092c7c        0x0 ../../../bsp/il2206-pre-built-ucosii//libucosii_bsp.a(alt_dcache_flush_all.o)
 .data          0x01092c7c        0x0 ../../../bsp/il2206-pre-built-ucosii//libucosii_bsp.a(alt_dev_llist_insert.o)
 .data          0x01092c7c        0x0 ../../../bsp/il2206-pre-built-ucosii//libucosii_bsp.a(alt_do_ctors.o)
 .data          0x01092c7c        0x0 ../../../bsp/il2206-pre-built-ucosii//libucosii_bsp.a(alt_do_dtors.o)
 .data          0x01092c7c        0x0 ../../../bsp/il2206-pre-built-ucosii//libucosii_bsp.a(alt_icache_flush_all.o)
 .data          0x01092c7c        0x0 ../../../bsp/il2206-pre-built-ucosii//libucosii_bsp.a(alt_iic.o)
 .data          0x01092c7c        0x0 ../../../bsp/il2206-pre-built-ucosii//libucosii_bsp.a(alt_iic_isr_register.o)
 .data          0x01092c7c        0x0 ../../../bsp/il2206-pre-built-ucosii//libucosii_bsp.a(alt_io_redirect.o)
 .data          0x01092c7c        0x0 ../../../bsp/il2206-pre-built-ucosii//libucosii_bsp.a(alt_irq_entry.o)
 .data          0x01092c7c        0x0 ../../../bsp/il2206-pre-built-ucosii//libucosii_bsp.a(alt_irq_handler.o)
 .data          0x01092c7c        0x0 ../../../bsp/il2206-pre-built-ucosii//libucosii_bsp.a(alt_irq_vars.o)
 .data          0x01092c7c        0x0 ../../../bsp/il2206-pre-built-ucosii//libucosii_bsp.a(alt_open.o)
 .data          0x01092c7c        0x0 ../../../bsp/il2206-pre-built-ucosii//libucosii_bsp.a(alt_tick.o)
 .data          0x01092c7c        0x0 ../../../bsp/il2206-pre-built-ucosii//libucosii_bsp.a(altera_nios2_qsys_irq.o)
 .data          0x01092c7c        0x0 ../../../bsp/il2206-pre-built-ucosii//libucosii_bsp.a(os_cpu_a.o)
 .data          0x01092c7c        0x0 ../../../bsp/il2206-pre-built-ucosii//libucosii_bsp.a(os_cpu_c.o)
 .data          0x01092c7c        0x0 ../../../bsp/il2206-pre-built-ucosii//libucosii_bsp.a(alt_exception_entry.o)
 .data          0x01092c7c        0x0 ../../../bsp/il2206-pre-built-ucosii//libucosii_bsp.a(alt_find_dev.o)
 .data          0x01092c7c        0x0 ../../../bsp/il2206-pre-built-ucosii//libucosii_bsp.a(alt_find_file.o)
 .data          0x01092c7c        0x0 ../../../bsp/il2206-pre-built-ucosii//libucosii_bsp.a(alt_get_fd.o)
 .data          0x01092c7c        0x0 /opt/altera/13.0sp1/nios2eds/bin/gnu/H-i686-pc-linux-gnu/bin/../lib/gcc/nios2-elf/4.1.2/../../../../nios2-elf/lib/mno-hw-mul/libc.a(lib_a-atexit.o)
 .data          0x01092c7c        0x0 /opt/altera/13.0sp1/nios2eds/bin/gnu/H-i686-pc-linux-gnu/bin/../lib/gcc/nios2-elf/4.1.2/../../../../nios2-elf/lib/mno-hw-mul/libc.a(lib_a-exit.o)
 .data          0x01092c7c        0x0 /opt/altera/13.0sp1/nios2eds/bin/gnu/H-i686-pc-linux-gnu/bin/../lib/gcc/nios2-elf/4.1.2/../../../../nios2-elf/lib/mno-hw-mul/libc.a(lib_a-memcmp.o)
 .data          0x01092c7c        0x0 /opt/altera/13.0sp1/nios2eds/bin/gnu/H-i686-pc-linux-gnu/bin/../lib/gcc/nios2-elf/4.1.2/../../../../nios2-elf/lib/mno-hw-mul/libc.a(lib_a-__atexit.o)
 .data          0x01092c7c        0x0 /opt/altera/13.0sp1/nios2eds/bin/gnu/H-i686-pc-linux-gnu/bin/../lib/gcc/nios2-elf/4.1.2/../../../../nios2-elf/lib/mno-hw-mul/libc.a(lib_a-__call_atexit.o)
 .data          0x01092c7c        0x0 /opt/altera/13.0sp1/nios2eds/bin/gnu/H-i686-pc-linux-gnu/bin/../lib/gcc/nios2-elf/4.1.2/mno-hw-mul/libgcc.a(_fixunsdfsi.o)
 .data          0x01092c7c        0x0 ../../../bsp/il2206-pre-built-ucosii//libucosii_bsp.a(alt_exit.o)
                0x0109ac7c                _gp = ABSOLUTE ((. + 0x8000))
                0x0109ac7c                PROVIDE (gp, _gp)
 *(.rwdata .rwdata.*)
 *(.sdata .sdata.* .gnu.linkonce.s.*)
 .sdata         0x01092c7c        0x8 /opt/altera/13.0sp1/nios2eds/bin/gnu/H-i686-pc-linux-gnu/bin/../lib/gcc/nios2-elf/4.1.2/../../../../nios2-elf/lib/mno-hw-mul/libc.a(lib_a-impure.o)
                0x01092c7c                _impure_ptr
                0x01092c80                _global_impure_ptr
 .sdata         0x01092c84        0x8 /opt/altera/13.0sp1/nios2eds/bin/gnu/H-i686-pc-linux-gnu/bin/../lib/gcc/nios2-elf/4.1.2/../../../../nios2-elf/lib/mno-hw-mul/libc.a(lib_a-locale.o)
                0x01092c84                __mb_cur_max
 .sdata         0x01092c8c        0x8 /opt/altera/13.0sp1/nios2eds/bin/gnu/H-i686-pc-linux-gnu/bin/../lib/gcc/nios2-elf/4.1.2/../../../../nios2-elf/lib/mno-hw-mul/libc.a(lib_a-mallocr.o)
                0x01092c8c                __malloc_trim_threshold
                0x01092c90                __malloc_sbrk_base
 .sdata         0x01092c94       0x14 ../../../bsp/il2206-pre-built-ucosii//libucosii_bsp.a(alt_dev.o)
                0x01092c94                alt_fs_list
                0x01092c9c                alt_dev_list
                0x01092ca4                alt_max_fd
 .sdata         0x01092ca8        0x4 ../../../bsp/il2206-pre-built-ucosii//libucosii_bsp.a(alt_errno.o)
                0x01092ca8                alt_errno
 .sdata         0x01092cac        0x4 ../../../bsp/il2206-pre-built-ucosii//libucosii_bsp.a(alt_sbrk.o)
 .sdata         0x01092cb0        0x4 ../../../bsp/il2206-pre-built-ucosii//libucosii_bsp.a(alt_env_lock.o)
 .sdata         0x01092cb4        0x4 ../../../bsp/il2206-pre-built-ucosii//libucosii_bsp.a(alt_malloc_lock.o)
 .sdata         0x01092cb8       0x74 ../../../bsp/il2206-pre-built-ucosii//libucosii_bsp.a(os_dbg.o)
                0x01092cb8                OSDebugEn
                0x01092cbc                OSEndiannessTest
                0x01092cc0                OSEventEn
                0x01092cc2                OSEventMax
                0x01092cc4                OSEventNameSize
                0x01092cc6                OSEventSize
                0x01092cc8                OSEventTblSize
                0x01092cca                OSEventMultiEn
                0x01092ccc                OSFlagEn
                0x01092cce                OSFlagGrpSize
                0x01092cd0                OSFlagNodeSize
                0x01092cd2                OSFlagWidth
                0x01092cd4                OSFlagMax
                0x01092cd6                OSFlagNameSize
                0x01092cd8                OSLowestPrio
                0x01092cda                OSMboxEn
                0x01092cdc                OSMemEn
                0x01092cde                OSMemMax
                0x01092ce0                OSMemNameSize
                0x01092ce2                OSMemSize
                0x01092ce4                OSMemTblSize
                0x01092ce6                OSMutexEn
                0x01092ce8                OSPtrSize
                0x01092cea                OSQEn
                0x01092cec                OSQMax
                0x01092cee                OSQSize
                0x01092cf0                OSRdyTblSize
                0x01092cf2                OSSemEn
                0x01092cf4                OSStkWidth
                0x01092cf6                OSTaskCreateEn
                0x01092cf8                OSTaskCreateExtEn
                0x01092cfa                OSTaskDelEn
                0x01092cfc                OSTaskIdleStkSize
                0x01092cfe                OSTaskProfileEn
                0x01092d00                OSTaskMax
                0x01092d02                OSTaskNameSize
                0x01092d04                OSTaskStatEn
                0x01092d06                OSTaskStatStkSize
                0x01092d08                OSTaskStatStkChkEn
                0x01092d0a                OSTaskSwHookEn
                0x01092d0c                OSTCBPrioTblMax
                0x01092d0e                OSTCBSize
                0x01092d10                OSTicksPerSec
                0x01092d12                OSTimeTickHookEn
                0x01092d14                OSVersionNbr
                0x01092d16                OSTmrEn
                0x01092d18                OSTmrCfgMax
                0x01092d1a                OSTmrCfgNameSize
                0x01092d1c                OSTmrCfgWheelSize
                0x01092d1e                OSTmrCfgTicksPerSec
                0x01092d20                OSTmrSize
                0x01092d22                OSTmrTblSize
                0x01092d24                OSTmrWheelSize
                0x01092d26                OSTmrWheelTblSize
                0x01092d28                OSDataSize
 .sdata         0x01092d2c        0x4 ../../../bsp/il2206-pre-built-ucosii//libucosii_bsp.a(alt_irq_vars.o)
                0x01092d2c                alt_priority_mask
 .sdata         0x01092d30        0x8 ../../../bsp/il2206-pre-built-ucosii//libucosii_bsp.a(alt_tick.o)
                0x01092d30                alt_alarm_list
 *(.sdata2 .sdata2.* .gnu.linkonce.s2.*)
                0x01092d38                . = ALIGN (0x4)
                0x01092d38                _edata = ABSOLUTE (.)
                0x01092d38                PROVIDE (edata, ABSOLUTE (.))
                0x01092d38                PROVIDE (__ram_rwdata_end, ABSOLUTE (.))
                0x01092d38                PROVIDE (__flash_rwdata_start, LOADADDR (.rwdata))

.bss            0x0109481c     0xa104
                0x0109481c                __bss_start = ABSOLUTE (.)
                0x0109481c                PROVIDE (__sbss_start, ABSOLUTE (.))
                0x0109481c                PROVIDE (___sbss_start, ABSOLUTE (.))
 *(.dynsbss)
 *(.sbss .sbss.* .gnu.linkonce.sb.*)
 .sbss          0x0109481c        0x4 obj/default/ContestSwitch.o
                0x0109481c                SumTime
 .sbss          0x01094820       0x18 obj/default/ContestSwitch.o
                0x01094820                time_1
                0x01094824                sem1
                0x01094828                err
                0x0109482c                timer_overhead
                0x01094830                time_2
                0x01094834                sem0
 .sbss          0x01094838        0xc /opt/altera/13.0sp1/nios2eds/bin/gnu/H-i686-pc-linux-gnu/bin/../lib/gcc/nios2-elf/4.1.2/../../../../nios2-elf/lib/mno-hw-mul/libc.a(lib_a-locale.o)
                0x01094838                __nlocale_changed
                0x0109483c                __mlocale_changed
                0x01094840                _PathLocale
 .sbss          0x01094844        0xc /opt/altera/13.0sp1/nios2eds/bin/gnu/H-i686-pc-linux-gnu/bin/../lib/gcc/nios2-elf/4.1.2/../../../../nios2-elf/lib/mno-hw-mul/libc.a(lib_a-mallocr.o)
                0x01094844                __malloc_top_pad
                0x01094848                __malloc_max_sbrked_mem
                0x0109484c                __malloc_max_total_mem
 .sbss          0x01094850        0x4 /opt/altera/13.0sp1/nios2eds/bin/gnu/H-i686-pc-linux-gnu/bin/../lib/gcc/nios2-elf/4.1.2/../../../../nios2-elf/lib/mno-hw-mul/libc.a(lib_a-int_errno.o)
                0x01094850                errno
 .sbss          0x01094854        0x4 ../../../bsp/il2206-pre-built-ucosii//libucosii_bsp.a(alt_dev.o)
                0x01094854                alt_fd_list_lock
 .sbss          0x01094858        0xc ../../../bsp/il2206-pre-built-ucosii//libucosii_bsp.a(alt_main.o)
                0x01094858                alt_argc
                0x0109485c                alt_argv
                0x01094860                alt_envp
 .sbss          0x01094864        0x8 ../../../bsp/il2206-pre-built-ucosii//libucosii_bsp.a(alt_env_lock.o)
                0x01094868                alt_envsem
 .sbss          0x0109486c        0x8 ../../../bsp/il2206-pre-built-ucosii//libucosii_bsp.a(alt_malloc_lock.o)
                0x01094870                alt_heapsem
 .sbss          0x01094874       0x68 ../../../bsp/il2206-pre-built-ucosii//libucosii_bsp.a(os_core.o)
                0x01094874                OSTmrFreeList
                0x01094878                OSLockNesting
                0x0109487c                OSTmrSemSignal
                0x01094880                OSRunning
                0x01094884                OSIdleCtr
                0x01094888                OSTmrUsed
                0x0109488a                OSPrioHighRdy
                0x0109488b                OSPrioCur
                0x0109488c                OSTCBList
                0x01094890                OSTickStepState
                0x01094894                OSCtxSwCtr
                0x01094898                OSTmrFree
                0x0109489c                OSIdleCtrMax
                0x010948a0                OSTCBFreeList
                0x010948a4                OSCPUUsage
                0x010948a5                OSTaskCtr
                0x010948a8                OSMemFreeList
                0x010948ac                OSTCBHighRdy
                0x010948b0                OSQFreeList
                0x010948b4                OSRdyGrp
                0x010948b5                OSRdyTbl
                0x010948b8                OSEventFreeList
                0x010948bc                OSIntNesting
                0x010948c0                OSTCBCur
                0x010948c4                OSTmrTime
                0x010948c8                OSTime
                0x010948cc                OSTmrSem
                0x010948d0                OSFlagFreeList
                0x010948d4                OSStatRdy
                0x010948d8                OSIdleCtrRun
 .sbss          0x010948dc        0x8 ../../../bsp/il2206-pre-built-ucosii//libucosii_bsp.a(altera_avalon_timer_vars.o)
                0x010948dc                altera_avalon_timer_ts_base
                0x010948e0                altera_avalon_timer_ts_freq
 .sbss          0x010948e4        0x4 ../../../bsp/il2206-pre-built-ucosii//libucosii_bsp.a(alt_irq_vars.o)
                0x010948e4                alt_irq_active
 .sbss          0x010948e8        0x8 ../../../bsp/il2206-pre-built-ucosii//libucosii_bsp.a(alt_tick.o)
                0x010948e8                _alt_tick_rate
                0x010948ec                _alt_nticks
 .sbss          0x010948f0        0x2 ../../../bsp/il2206-pre-built-ucosii//libucosii_bsp.a(os_cpu_c.o)
 *(.sbss2 .sbss2.* .gnu.linkonce.sb2.*)
 *(.scommon)
                0x010948f2                PROVIDE (__sbss_end, ABSOLUTE (.))
                0x010948f2                PROVIDE (___sbss_end, ABSOLUTE (.))
 *(.dynbss)
 *(.bss .bss.* .gnu.linkonce.b.*)
 .bss           0x010948f2        0x0 ../../../bsp/il2206-pre-built-ucosii//obj/HAL/src/crt0.o
 .bss           0x010948f2        0x0 obj/default/ContestSwitch.o
 .bss           0x010948f2        0x0 /opt/altera/13.0sp1/nios2eds/bin/gnu/H-i686-pc-linux-gnu/bin/../lib/gcc/nios2-elf/4.1.2/mno-hw-mul/libgcc.a(lib2-divmod.o)
 .bss           0x010948f2        0x0 /opt/altera/13.0sp1/nios2eds/bin/gnu/H-i686-pc-linux-gnu/bin/../lib/gcc/nios2-elf/4.1.2/../../../../nios2-elf/lib/mno-hw-mul/libc.a(lib_a-printf.o)
 .bss           0x010948f2        0x0 /opt/altera/13.0sp1/nios2eds/bin/gnu/H-i686-pc-linux-gnu/bin/../lib/gcc/nios2-elf/4.1.2/../../../../nios2-elf/lib/mno-hw-mul/libc.a(lib_a-puts.o)
 .bss           0x010948f2        0x0 /opt/altera/13.0sp1/nios2eds/bin/gnu/H-i686-pc-linux-gnu/bin/../lib/gcc/nios2-elf/4.1.2/../../../../nios2-elf/lib/mno-hw-mul/libc.a(lib_a-strlen.o)
 .bss           0x010948f2        0x0 /opt/altera/13.0sp1/nios2eds/bin/gnu/H-i686-pc-linux-gnu/bin/../lib/gcc/nios2-elf/4.1.2/../../../../nios2-elf/lib/mno-hw-mul/libc.a(lib_a-vfprintf.o)
 .bss           0x010948f2        0x0 /opt/altera/13.0sp1/nios2eds/bin/gnu/H-i686-pc-linux-gnu/bin/../lib/gcc/nios2-elf/4.1.2/../../../../nios2-elf/lib/mno-hw-mul/libc.a(lib_a-wsetup.o)
 .bss           0x010948f2        0x0 /opt/altera/13.0sp1/nios2eds/bin/gnu/H-i686-pc-linux-gnu/bin/../lib/gcc/nios2-elf/4.1.2/../../../../nios2-elf/lib/mno-hw-mul/libc.a(lib_a-dtoa.o)
 .bss           0x010948f2        0x0 /opt/altera/13.0sp1/nios2eds/bin/gnu/H-i686-pc-linux-gnu/bin/../lib/gcc/nios2-elf/4.1.2/../../../../nios2-elf/lib/mno-hw-mul/libc.a(lib_a-fflush.o)
 .bss           0x010948f2        0x0 /opt/altera/13.0sp1/nios2eds/bin/gnu/H-i686-pc-linux-gnu/bin/../lib/gcc/nios2-elf/4.1.2/../../../../nios2-elf/lib/mno-hw-mul/libc.a(lib_a-findfp.o)
 .bss           0x010948f2        0x0 /opt/altera/13.0sp1/nios2eds/bin/gnu/H-i686-pc-linux-gnu/bin/../lib/gcc/nios2-elf/4.1.2/../../../../nios2-elf/lib/mno-hw-mul/libc.a(lib_a-freer.o)
 .bss           0x010948f2        0x0 /opt/altera/13.0sp1/nios2eds/bin/gnu/H-i686-pc-linux-gnu/bin/../lib/gcc/nios2-elf/4.1.2/../../../../nios2-elf/lib/mno-hw-mul/libc.a(lib_a-fvwrite.o)
 .bss           0x010948f2        0x0 /opt/altera/13.0sp1/nios2eds/bin/gnu/H-i686-pc-linux-gnu/bin/../lib/gcc/nios2-elf/4.1.2/../../../../nios2-elf/lib/mno-hw-mul/libc.a(lib_a-fwalk.o)
 .bss           0x010948f2        0x0 /opt/altera/13.0sp1/nios2eds/bin/gnu/H-i686-pc-linux-gnu/bin/../lib/gcc/nios2-elf/4.1.2/../../../../nios2-elf/lib/mno-hw-mul/libc.a(lib_a-impure.o)
 .bss           0x010948f2        0x0 /opt/altera/13.0sp1/nios2eds/bin/gnu/H-i686-pc-linux-gnu/bin/../lib/gcc/nios2-elf/4.1.2/../../../../nios2-elf/lib/mno-hw-mul/libc.a(lib_a-locale.o)
 .bss           0x010948f2        0x0 /opt/altera/13.0sp1/nios2eds/bin/gnu/H-i686-pc-linux-gnu/bin/../lib/gcc/nios2-elf/4.1.2/../../../../nios2-elf/lib/mno-hw-mul/libc.a(lib_a-makebuf.o)
 *fill*         0x010948f2        0x2 00
 .bss           0x010948f4       0x28 /opt/altera/13.0sp1/nios2eds/bin/gnu/H-i686-pc-linux-gnu/bin/../lib/gcc/nios2-elf/4.1.2/../../../../nios2-elf/lib/mno-hw-mul/libc.a(lib_a-mallocr.o)
                0x010948f4                __malloc_current_mallinfo
 .bss           0x0109491c        0x0 /opt/altera/13.0sp1/nios2eds/bin/gnu/H-i686-pc-linux-gnu/bin/../lib/gcc/nios2-elf/4.1.2/../../../../nios2-elf/lib/mno-hw-mul/libc.a(lib_a-memchr.o)
 .bss           0x0109491c        0x0 /opt/altera/13.0sp1/nios2eds/bin/gnu/H-i686-pc-linux-gnu/bin/../lib/gcc/nios2-elf/4.1.2/../../../../nios2-elf/lib/mno-hw-mul/libc.a(lib_a-memcpy.o)
 .bss           0x0109491c        0x0 /opt/altera/13.0sp1/nios2eds/bin/gnu/H-i686-pc-linux-gnu/bin/../lib/gcc/nios2-elf/4.1.2/../../../../nios2-elf/lib/mno-hw-mul/libc.a(lib_a-memmove.o)
 .bss           0x0109491c        0x0 /opt/altera/13.0sp1/nios2eds/bin/gnu/H-i686-pc-linux-gnu/bin/../lib/gcc/nios2-elf/4.1.2/../../../../nios2-elf/lib/mno-hw-mul/libc.a(lib_a-memset.o)
 .bss           0x0109491c        0x0 /opt/altera/13.0sp1/nios2eds/bin/gnu/H-i686-pc-linux-gnu/bin/../lib/gcc/nios2-elf/4.1.2/../../../../nios2-elf/lib/mno-hw-mul/libc.a(lib_a-mprec.o)
 .bss           0x0109491c        0x0 /opt/altera/13.0sp1/nios2eds/bin/gnu/H-i686-pc-linux-gnu/bin/../lib/gcc/nios2-elf/4.1.2/../../../../nios2-elf/lib/mno-hw-mul/libc.a(lib_a-reallocr.o)
 .bss           0x0109491c        0x0 /opt/altera/13.0sp1/nios2eds/bin/gnu/H-i686-pc-linux-gnu/bin/../lib/gcc/nios2-elf/4.1.2/../../../../nios2-elf/lib/mno-hw-mul/libc.a(lib_a-s_isinfd.o)
 .bss           0x0109491c        0x0 /opt/altera/13.0sp1/nios2eds/bin/gnu/H-i686-pc-linux-gnu/bin/../lib/gcc/nios2-elf/4.1.2/../../../../nios2-elf/lib/mno-hw-mul/libc.a(lib_a-s_isnand.o)
 .bss           0x0109491c        0x0 /opt/altera/13.0sp1/nios2eds/bin/gnu/H-i686-pc-linux-gnu/bin/../lib/gcc/nios2-elf/4.1.2/../../../../nios2-elf/lib/mno-hw-mul/libc.a(lib_a-sbrkr.o)
 .bss           0x0109491c        0x0 /opt/altera/13.0sp1/nios2eds/bin/gnu/H-i686-pc-linux-gnu/bin/../lib/gcc/nios2-elf/4.1.2/../../../../nios2-elf/lib/mno-hw-mul/libc.a(lib_a-stdio.o)
 .bss           0x0109491c        0x0 /opt/altera/13.0sp1/nios2eds/bin/gnu/H-i686-pc-linux-gnu/bin/../lib/gcc/nios2-elf/4.1.2/../../../../nios2-elf/lib/mno-hw-mul/libc.a(lib_a-strcmp.o)
 .bss           0x0109491c        0x0 /opt/altera/13.0sp1/nios2eds/bin/gnu/H-i686-pc-linux-gnu/bin/../lib/gcc/nios2-elf/4.1.2/../../../../nios2-elf/lib/mno-hw-mul/libc.a(lib_a-writer.o)
 .bss           0x0109491c        0x0 /opt/altera/13.0sp1/nios2eds/bin/gnu/H-i686-pc-linux-gnu/bin/../lib/gcc/nios2-elf/4.1.2/../../../../nios2-elf/lib/mno-hw-mul/libc.a(lib_a-callocr.o)
 .bss           0x0109491c        0x0 /opt/altera/13.0sp1/nios2eds/bin/gnu/H-i686-pc-linux-gnu/bin/../lib/gcc/nios2-elf/4.1.2/../../../../nios2-elf/lib/mno-hw-mul/libc.a(lib_a-closer.o)
 .bss           0x0109491c        0x0 /opt/altera/13.0sp1/nios2eds/bin/gnu/H-i686-pc-linux-gnu/bin/../lib/gcc/nios2-elf/4.1.2/../../../../nios2-elf/lib/mno-hw-mul/libc.a(lib_a-fclose.o)
 .bss           0x0109491c        0x0 /opt/altera/13.0sp1/nios2eds/bin/gnu/H-i686-pc-linux-gnu/bin/../lib/gcc/nios2-elf/4.1.2/../../../../nios2-elf/lib/mno-hw-mul/libc.a(lib_a-fstatr.o)
 .bss           0x0109491c        0x0 /opt/altera/13.0sp1/nios2eds/bin/gnu/H-i686-pc-linux-gnu/bin/../lib/gcc/nios2-elf/4.1.2/../../../../nios2-elf/lib/mno-hw-mul/libc.a(lib_a-int_errno.o)
 .bss           0x0109491c        0x0 /opt/altera/13.0sp1/nios2eds/bin/gnu/H-i686-pc-linux-gnu/bin/../lib/gcc/nios2-elf/4.1.2/../../../../nios2-elf/lib/mno-hw-mul/libc.a(lib_a-isattyr.o)
 .bss           0x0109491c        0x0 /opt/altera/13.0sp1/nios2eds/bin/gnu/H-i686-pc-linux-gnu/bin/../lib/gcc/nios2-elf/4.1.2/../../../../nios2-elf/lib/mno-hw-mul/libc.a(lib_a-lseekr.o)
 .bss           0x0109491c        0x0 /opt/altera/13.0sp1/nios2eds/bin/gnu/H-i686-pc-linux-gnu/bin/../lib/gcc/nios2-elf/4.1.2/../../../../nios2-elf/lib/mno-hw-mul/libc.a(lib_a-readr.o)
 .bss           0x0109491c        0x0 /opt/altera/13.0sp1/nios2eds/bin/gnu/H-i686-pc-linux-gnu/bin/../lib/gcc/nios2-elf/4.1.2/mno-hw-mul/libgcc.a(_udivdi3.o)
 .bss           0x0109491c        0x0 /opt/altera/13.0sp1/nios2eds/bin/gnu/H-i686-pc-linux-gnu/bin/../lib/gcc/nios2-elf/4.1.2/mno-hw-mul/libgcc.a(_umoddi3.o)
 .bss           0x0109491c        0x0 /opt/altera/13.0sp1/nios2eds/bin/gnu/H-i686-pc-linux-gnu/bin/../lib/gcc/nios2-elf/4.1.2/mno-hw-mul/libgcc.a(_addsub_df.o)
 .bss           0x0109491c        0x0 /opt/altera/13.0sp1/nios2eds/bin/gnu/H-i686-pc-linux-gnu/bin/../lib/gcc/nios2-elf/4.1.2/mno-hw-mul/libgcc.a(_mul_df.o)
 .bss           0x0109491c        0x0 /opt/altera/13.0sp1/nios2eds/bin/gnu/H-i686-pc-linux-gnu/bin/../lib/gcc/nios2-elf/4.1.2/mno-hw-mul/libgcc.a(_div_df.o)
 .bss           0x0109491c        0x0 /opt/altera/13.0sp1/nios2eds/bin/gnu/H-i686-pc-linux-gnu/bin/../lib/gcc/nios2-elf/4.1.2/mno-hw-mul/libgcc.a(_eq_df.o)
 .bss           0x0109491c        0x0 /opt/altera/13.0sp1/nios2eds/bin/gnu/H-i686-pc-linux-gnu/bin/../lib/gcc/nios2-elf/4.1.2/mno-hw-mul/libgcc.a(_ne_df.o)
 .bss           0x0109491c        0x0 /opt/altera/13.0sp1/nios2eds/bin/gnu/H-i686-pc-linux-gnu/bin/../lib/gcc/nios2-elf/4.1.2/mno-hw-mul/libgcc.a(_gt_df.o)
 .bss           0x0109491c        0x0 /opt/altera/13.0sp1/nios2eds/bin/gnu/H-i686-pc-linux-gnu/bin/../lib/gcc/nios2-elf/4.1.2/mno-hw-mul/libgcc.a(_ge_df.o)
 .bss           0x0109491c        0x0 /opt/altera/13.0sp1/nios2eds/bin/gnu/H-i686-pc-linux-gnu/bin/../lib/gcc/nios2-elf/4.1.2/mno-hw-mul/libgcc.a(_lt_df.o)
 .bss           0x0109491c        0x0 /opt/altera/13.0sp1/nios2eds/bin/gnu/H-i686-pc-linux-gnu/bin/../lib/gcc/nios2-elf/4.1.2/mno-hw-mul/libgcc.a(_si_to_df.o)
 .bss           0x0109491c        0x0 /opt/altera/13.0sp1/nios2eds/bin/gnu/H-i686-pc-linux-gnu/bin/../lib/gcc/nios2-elf/4.1.2/mno-hw-mul/libgcc.a(_df_to_si.o)
 .bss           0x0109491c        0x0 /opt/altera/13.0sp1/nios2eds/bin/gnu/H-i686-pc-linux-gnu/bin/../lib/gcc/nios2-elf/4.1.2/mno-hw-mul/libgcc.a(_thenan_df.o)
 .bss           0x0109491c        0x0 /opt/altera/13.0sp1/nios2eds/bin/gnu/H-i686-pc-linux-gnu/bin/../lib/gcc/nios2-elf/4.1.2/mno-hw-mul/libgcc.a(_usi_to_df.o)
 .bss           0x0109491c        0x0 /opt/altera/13.0sp1/nios2eds/bin/gnu/H-i686-pc-linux-gnu/bin/../lib/gcc/nios2-elf/4.1.2/mno-hw-mul/libgcc.a(lib2-mul.o)
 .bss           0x0109491c        0x0 /opt/altera/13.0sp1/nios2eds/bin/gnu/H-i686-pc-linux-gnu/bin/../lib/gcc/nios2-elf/4.1.2/mno-hw-mul/libgcc.a(_muldi3.o)
 .bss           0x0109491c        0x0 /opt/altera/13.0sp1/nios2eds/bin/gnu/H-i686-pc-linux-gnu/bin/../lib/gcc/nios2-elf/4.1.2/mno-hw-mul/libgcc.a(_clz.o)
 .bss           0x0109491c        0x0 /opt/altera/13.0sp1/nios2eds/bin/gnu/H-i686-pc-linux-gnu/bin/../lib/gcc/nios2-elf/4.1.2/mno-hw-mul/libgcc.a(_clzsi2.o)
 .bss           0x0109491c        0x0 /opt/altera/13.0sp1/nios2eds/bin/gnu/H-i686-pc-linux-gnu/bin/../lib/gcc/nios2-elf/4.1.2/mno-hw-mul/libgcc.a(_pack_df.o)
 .bss           0x0109491c        0x0 /opt/altera/13.0sp1/nios2eds/bin/gnu/H-i686-pc-linux-gnu/bin/../lib/gcc/nios2-elf/4.1.2/mno-hw-mul/libgcc.a(_unpack_df.o)
 .bss           0x0109491c        0x0 /opt/altera/13.0sp1/nios2eds/bin/gnu/H-i686-pc-linux-gnu/bin/../lib/gcc/nios2-elf/4.1.2/mno-hw-mul/libgcc.a(_fpcmp_parts_df.o)
 .bss           0x0109491c        0x0 ../../../bsp/il2206-pre-built-ucosii//libucosii_bsp.a(alt_close.o)
 .bss           0x0109491c        0x0 ../../../bsp/il2206-pre-built-ucosii//libucosii_bsp.a(alt_dev.o)
 .bss           0x0109491c        0x0 ../../../bsp/il2206-pre-built-ucosii//libucosii_bsp.a(alt_errno.o)
 .bss           0x0109491c        0x0 ../../../bsp/il2206-pre-built-ucosii//libucosii_bsp.a(alt_fstat.o)
 .bss           0x0109491c        0x0 ../../../bsp/il2206-pre-built-ucosii//libucosii_bsp.a(alt_isatty.o)
 .bss           0x0109491c        0x0 ../../../bsp/il2206-pre-built-ucosii//libucosii_bsp.a(alt_load.o)
 .bss           0x0109491c        0x0 ../../../bsp/il2206-pre-built-ucosii//libucosii_bsp.a(alt_lseek.o)
 .bss           0x0109491c        0x0 ../../../bsp/il2206-pre-built-ucosii//libucosii_bsp.a(alt_main.o)
 .bss           0x0109491c        0x0 ../../../bsp/il2206-pre-built-ucosii//libucosii_bsp.a(alt_read.o)
 .bss           0x0109491c        0x0 ../../../bsp/il2206-pre-built-ucosii//libucosii_bsp.a(alt_release_fd.o)
 .bss           0x0109491c        0x0 ../../../bsp/il2206-pre-built-ucosii//libucosii_bsp.a(alt_sbrk.o)
 .bss           0x0109491c        0x0 ../../../bsp/il2206-pre-built-ucosii//libucosii_bsp.a(alt_write.o)
 .bss           0x0109491c        0x0 ../../../bsp/il2206-pre-built-ucosii//libucosii_bsp.a(alt_env_lock.o)
 .bss           0x0109491c        0x0 ../../../bsp/il2206-pre-built-ucosii//libucosii_bsp.a(alt_malloc_lock.o)
 .bss           0x0109491c        0x0 ../../../bsp/il2206-pre-built-ucosii//libucosii_bsp.a(os_core.o)
 .bss           0x0109491c        0x0 ../../../bsp/il2206-pre-built-ucosii//libucosii_bsp.a(os_dbg.o)
 .bss           0x0109491c        0x0 ../../../bsp/il2206-pre-built-ucosii//libucosii_bsp.a(os_flag.o)
 .bss           0x0109491c        0x0 ../../../bsp/il2206-pre-built-ucosii//libucosii_bsp.a(os_mem.o)
 .bss           0x0109491c        0x0 ../../../bsp/il2206-pre-built-ucosii//libucosii_bsp.a(os_q.o)
 .bss           0x0109491c        0x0 ../../../bsp/il2206-pre-built-ucosii//libucosii_bsp.a(os_sem.o)
 .bss           0x0109491c        0x0 ../../../bsp/il2206-pre-built-ucosii//libucosii_bsp.a(os_task.o)
 .bss           0x0109491c        0x0 ../../../bsp/il2206-pre-built-ucosii//libucosii_bsp.a(os_time.o)
 .bss           0x0109491c        0x0 ../../../bsp/il2206-pre-built-ucosii//libucosii_bsp.a(os_tmr.o)
 .bss           0x0109491c        0x0 ../../../bsp/il2206-pre-built-ucosii//libucosii_bsp.a(alt_sys_init.o)
 .bss           0x0109491c        0x0 ../../../bsp/il2206-pre-built-ucosii//libucosii_bsp.a(altera_avalon_jtag_uart_fd.o)
 .bss           0x0109491c        0x0 ../../../bsp/il2206-pre-built-ucosii//libucosii_bsp.a(altera_avalon_jtag_uart_init.o)
 .bss           0x0109491c        0x0 ../../../bsp/il2206-pre-built-ucosii//libucosii_bsp.a(altera_avalon_jtag_uart_ioctl.o)
 .bss           0x0109491c        0x0 ../../../bsp/il2206-pre-built-ucosii//libucosii_bsp.a(altera_avalon_jtag_uart_read.o)
 .bss           0x0109491c        0x0 ../../../bsp/il2206-pre-built-ucosii//libucosii_bsp.a(altera_avalon_jtag_uart_write.o)
 .bss           0x0109491c        0x0 ../../../bsp/il2206-pre-built-ucosii//libucosii_bsp.a(altera_avalon_timer_sc.o)
 .bss           0x0109491c        0x0 ../../../bsp/il2206-pre-built-ucosii//libucosii_bsp.a(altera_avalon_timer_ts.o)
 .bss           0x0109491c        0x0 ../../../bsp/il2206-pre-built-ucosii//libucosii_bsp.a(altera_avalon_timer_vars.o)
 .bss           0x0109491c        0x0 ../../../bsp/il2206-pre-built-ucosii//libucosii_bsp.a(alt_alarm_start.o)
 .bss           0x0109491c        0x0 ../../../bsp/il2206-pre-built-ucosii//libucosii_bsp.a(alt_dcache_flush_all.o)
 .bss           0x0109491c        0x0 ../../../bsp/il2206-pre-built-ucosii//libucosii_bsp.a(alt_dev_llist_insert.o)
 .bss           0x0109491c        0x0 ../../../bsp/il2206-pre-built-ucosii//libucosii_bsp.a(alt_do_ctors.o)
 .bss           0x0109491c        0x0 ../../../bsp/il2206-pre-built-ucosii//libucosii_bsp.a(alt_do_dtors.o)
 .bss           0x0109491c        0x0 ../../../bsp/il2206-pre-built-ucosii//libucosii_bsp.a(alt_icache_flush_all.o)
 .bss           0x0109491c        0x0 ../../../bsp/il2206-pre-built-ucosii//libucosii_bsp.a(alt_iic.o)
 .bss           0x0109491c        0x0 ../../../bsp/il2206-pre-built-ucosii//libucosii_bsp.a(alt_iic_isr_register.o)
 .bss           0x0109491c        0x0 ../../../bsp/il2206-pre-built-ucosii//libucosii_bsp.a(alt_io_redirect.o)
 .bss           0x0109491c        0x0 ../../../bsp/il2206-pre-built-ucosii//libucosii_bsp.a(alt_irq_entry.o)
 .bss           0x0109491c        0x0 ../../../bsp/il2206-pre-built-ucosii//libucosii_bsp.a(alt_irq_handler.o)
 .bss           0x0109491c        0x0 ../../../bsp/il2206-pre-built-ucosii//libucosii_bsp.a(alt_irq_vars.o)
 .bss           0x0109491c        0x0 ../../../bsp/il2206-pre-built-ucosii//libucosii_bsp.a(alt_open.o)
 .bss           0x0109491c        0x0 ../../../bsp/il2206-pre-built-ucosii//libucosii_bsp.a(alt_tick.o)
 .bss           0x0109491c        0x0 ../../../bsp/il2206-pre-built-ucosii//libucosii_bsp.a(altera_nios2_qsys_irq.o)
 .bss           0x0109491c        0x0 ../../../bsp/il2206-pre-built-ucosii//libucosii_bsp.a(os_cpu_a.o)
 .bss           0x0109491c        0x0 ../../../bsp/il2206-pre-built-ucosii//libucosii_bsp.a(os_cpu_c.o)
 .bss           0x0109491c        0x0 ../../../bsp/il2206-pre-built-ucosii//libucosii_bsp.a(alt_exception_entry.o)
 .bss           0x0109491c        0x0 ../../../bsp/il2206-pre-built-ucosii//libucosii_bsp.a(alt_find_dev.o)
 .bss           0x0109491c        0x0 ../../../bsp/il2206-pre-built-ucosii//libucosii_bsp.a(alt_find_file.o)
 .bss           0x0109491c        0x0 ../../../bsp/il2206-pre-built-ucosii//libucosii_bsp.a(alt_get_fd.o)
 .bss           0x0109491c        0x0 /opt/altera/13.0sp1/nios2eds/bin/gnu/H-i686-pc-linux-gnu/bin/../lib/gcc/nios2-elf/4.1.2/../../../../nios2-elf/lib/mno-hw-mul/libc.a(lib_a-atexit.o)
 .bss           0x0109491c        0x0 /opt/altera/13.0sp1/nios2eds/bin/gnu/H-i686-pc-linux-gnu/bin/../lib/gcc/nios2-elf/4.1.2/../../../../nios2-elf/lib/mno-hw-mul/libc.a(lib_a-exit.o)
 .bss           0x0109491c        0x0 /opt/altera/13.0sp1/nios2eds/bin/gnu/H-i686-pc-linux-gnu/bin/../lib/gcc/nios2-elf/4.1.2/../../../../nios2-elf/lib/mno-hw-mul/libc.a(lib_a-memcmp.o)
 .bss           0x0109491c        0x0 /opt/altera/13.0sp1/nios2eds/bin/gnu/H-i686-pc-linux-gnu/bin/../lib/gcc/nios2-elf/4.1.2/../../../../nios2-elf/lib/mno-hw-mul/libc.a(lib_a-__atexit.o)
 .bss           0x0109491c        0x0 /opt/altera/13.0sp1/nios2eds/bin/gnu/H-i686-pc-linux-gnu/bin/../lib/gcc/nios2-elf/4.1.2/../../../../nios2-elf/lib/mno-hw-mul/libc.a(lib_a-__call_atexit.o)
 .bss           0x0109491c        0x0 /opt/altera/13.0sp1/nios2eds/bin/gnu/H-i686-pc-linux-gnu/bin/../lib/gcc/nios2-elf/4.1.2/mno-hw-mul/libgcc.a(_fixunsdfsi.o)
 .bss           0x0109491c        0x0 ../../../bsp/il2206-pre-built-ucosii//libucosii_bsp.a(alt_exit.o)
 *(COMMON)
 COMMON         0x0109491c     0x6000 obj/default/ContestSwitch.o
                0x0109491c                task1_stk
                0x0109691c                stat_stk
                0x0109891c                task2_stk
 COMMON         0x0109a91c     0x3d74 ../../../bsp/il2206-pre-built-ucosii//libucosii_bsp.a(os_core.o)
                0x0109a91c                OSTmrWheelTbl
                0x0109a92c                OSFlagTbl
                0x0109ac9c                OSTmrTbl
                0x0109afdc                OSMemTbl
                0x0109bc0c                OSTaskStatStk
                0x0109c40c                OSQTbl
                0x0109c5ec                OSTmrTaskStk
                0x0109cdec                OSTaskIdleStk
                0x0109d5ec                OSEventTbl
                0x0109e12c                OSTCBTbl
                0x0109e63c                OSTCBPrioTbl
 COMMON         0x0109e690      0x100 ../../../bsp/il2206-pre-built-ucosii//libucosii_bsp.a(alt_irq_handler.o)
                0x0109e690                alt_irq
 COMMON         0x0109e790      0x190 /opt/altera/13.0sp1/nios2eds/bin/gnu/H-i686-pc-linux-gnu/bin/../lib/gcc/nios2-elf/4.1.2/../../../../nios2-elf/lib/mno-hw-mul/libc.a(lib_a-atexit.o)
                0x0109e790                _atexit0
                0x0109e920                . = ALIGN (0x4)
                0x0109e920                __bss_end = ABSOLUTE (.)

.sdram          0x00800144        0x0 load address 0x0109e920
                0x00800144                PROVIDE (_alt_partition_sdram_start, ABSOLUTE (.))
 *(.sdram. sdram.*)
                0x00800144                . = ALIGN (0x4)
                0x00800144                PROVIDE (_alt_partition_sdram_end, ABSOLUTE (.))
                0x0109e920                PROVIDE (_alt_partition_sdram_load_addr, LOADADDR (.sdram))

.sram           0x0109e920        0x0
                0x0109e920                PROVIDE (_alt_partition_sram_start, ABSOLUTE (.))
 *(.sram. sram.*)
                0x0109e920                . = ALIGN (0x4)
                0x0109e920                PROVIDE (_alt_partition_sram_end, ABSOLUTE (.))
                0x0109e920                _end = ABSOLUTE (.)
                0x0109e920                end = ABSOLUTE (.)
                0x0109e920                __alt_stack_base = ABSOLUTE (.)
                0x0109e920                PROVIDE (_alt_partition_sram_load_addr, LOADADDR (.sram))

.onchip_memory  0x02180000        0x0 load address 0x0109e920
                0x02180000                PROVIDE (_alt_partition_onchip_memory_start, ABSOLUTE (.))
 *(.onchip_memory. onchip_memory.*)
                0x02180000                . = ALIGN (0x4)
                0x02180000                PROVIDE (_alt_partition_onchip_memory_end, ABSOLUTE (.))
                0x0109e920                PROVIDE (_alt_partition_onchip_memory_load_addr, LOADADDR (.onchip_memory))

.stab
 *(.stab)

.stabstr
 *(.stabstr)

.stab.excl
 *(.stab.excl)

.stab.exclstr
 *(.stab.exclstr)

.stab.index
 *(.stab.index)

.stab.indexstr
 *(.stab.indexstr)

.comment        0x00000000       0x26
 *(.comment)
 .comment       0x00000000       0x26 obj/default/ContestSwitch.o
                                 0x27 (size before relaxing)
 .comment       0x00000000       0x27 /opt/altera/13.0sp1/nios2eds/bin/gnu/H-i686-pc-linux-gnu/bin/../lib/gcc/nios2-elf/4.1.2/mno-hw-mul/libgcc.a(lib2-divmod.o)
 .comment       0x00000000       0x27 /opt/altera/13.0sp1/nios2eds/bin/gnu/H-i686-pc-linux-gnu/bin/../lib/gcc/nios2-elf/4.1.2/../../../../nios2-elf/lib/mno-hw-mul/libc.a(lib_a-printf.o)
 .comment       0x00000000       0x27 /opt/altera/13.0sp1/nios2eds/bin/gnu/H-i686-pc-linux-gnu/bin/../lib/gcc/nios2-elf/4.1.2/../../../../nios2-elf/lib/mno-hw-mul/libc.a(lib_a-puts.o)
 .comment       0x00000000       0x27 /opt/altera/13.0sp1/nios2eds/bin/gnu/H-i686-pc-linux-gnu/bin/../lib/gcc/nios2-elf/4.1.2/../../../../nios2-elf/lib/mno-hw-mul/libc.a(lib_a-strlen.o)
 .comment       0x00000000       0x27 /opt/altera/13.0sp1/nios2eds/bin/gnu/H-i686-pc-linux-gnu/bin/../lib/gcc/nios2-elf/4.1.2/../../../../nios2-elf/lib/mno-hw-mul/libc.a(lib_a-vfprintf.o)
 .comment       0x00000000       0x27 /opt/altera/13.0sp1/nios2eds/bin/gnu/H-i686-pc-linux-gnu/bin/../lib/gcc/nios2-elf/4.1.2/../../../../nios2-elf/lib/mno-hw-mul/libc.a(lib_a-wsetup.o)
 .comment       0x00000000       0x27 /opt/altera/13.0sp1/nios2eds/bin/gnu/H-i686-pc-linux-gnu/bin/../lib/gcc/nios2-elf/4.1.2/../../../../nios2-elf/lib/mno-hw-mul/libc.a(lib_a-dtoa.o)
 .comment       0x00000000       0x27 /opt/altera/13.0sp1/nios2eds/bin/gnu/H-i686-pc-linux-gnu/bin/../lib/gcc/nios2-elf/4.1.2/../../../../nios2-elf/lib/mno-hw-mul/libc.a(lib_a-fflush.o)
 .comment       0x00000000       0x27 /opt/altera/13.0sp1/nios2eds/bin/gnu/H-i686-pc-linux-gnu/bin/../lib/gcc/nios2-elf/4.1.2/../../../../nios2-elf/lib/mno-hw-mul/libc.a(lib_a-findfp.o)
 .comment       0x00000000       0x27 /opt/altera/13.0sp1/nios2eds/bin/gnu/H-i686-pc-linux-gnu/bin/../lib/gcc/nios2-elf/4.1.2/../../../../nios2-elf/lib/mno-hw-mul/libc.a(lib_a-freer.o)
 .comment       0x00000000       0x27 /opt/altera/13.0sp1/nios2eds/bin/gnu/H-i686-pc-linux-gnu/bin/../lib/gcc/nios2-elf/4.1.2/../../../../nios2-elf/lib/mno-hw-mul/libc.a(lib_a-fvwrite.o)
 .comment       0x00000000       0x27 /opt/altera/13.0sp1/nios2eds/bin/gnu/H-i686-pc-linux-gnu/bin/../lib/gcc/nios2-elf/4.1.2/../../../../nios2-elf/lib/mno-hw-mul/libc.a(lib_a-fwalk.o)
 .comment       0x00000000       0x27 /opt/altera/13.0sp1/nios2eds/bin/gnu/H-i686-pc-linux-gnu/bin/../lib/gcc/nios2-elf/4.1.2/../../../../nios2-elf/lib/mno-hw-mul/libc.a(lib_a-impure.o)