Archive member included because of file (symbol)

/opt/altera/13.0sp1/nios2eds/bin/gnu/H-i686-pc-linux-gnu/bin/../lib/gcc/nios2-elf/4.1.2/mno-hw-mul/libgcc.a(_si_to_sf.o)
                              obj/default/cruise_skeleton.o (__floatsisf)
/opt/altera/13.0sp1/nios2eds/bin/gnu/H-i686-pc-linux-gnu/bin/../lib/gcc/nios2-elf/4.1.2/mno-hw-mul/libgcc.a(_sf_to_df.o)
                              obj/default/cruise_skeleton.o (__extendsfdf2)
/opt/altera/13.0sp1/nios2eds/bin/gnu/H-i686-pc-linux-gnu/bin/../lib/gcc/nios2-elf/4.1.2/mno-hw-mul/libgcc.a(_addsub_df.o)
                              obj/default/cruise_skeleton.o (__adddf3)
/opt/altera/13.0sp1/nios2eds/bin/gnu/H-i686-pc-linux-gnu/bin/../lib/gcc/nios2-elf/4.1.2/mno-hw-mul/libgcc.a(_div_df.o)
                              obj/default/cruise_skeleton.o (__divdf3)
/opt/altera/13.0sp1/nios2eds/bin/gnu/H-i686-pc-linux-gnu/bin/../lib/gcc/nios2-elf/4.1.2/mno-hw-mul/libgcc.a(_si_to_df.o)
                              obj/default/cruise_skeleton.o (__floatsidf)
/opt/altera/13.0sp1/nios2eds/bin/gnu/H-i686-pc-linux-gnu/bin/../lib/gcc/nios2-elf/4.1.2/mno-hw-mul/libgcc.a(_df_to_si.o)
                              obj/default/cruise_skeleton.o (__fixdfsi)
/opt/altera/13.0sp1/nios2eds/bin/gnu/H-i686-pc-linux-gnu/bin/../lib/gcc/nios2-elf/4.1.2/mno-hw-mul/libgcc.a(_make_df.o)
                              /opt/altera/13.0sp1/nios2eds/bin/gnu/H-i686-pc-linux-gnu/bin/../lib/gcc/nios2-elf/4.1.2/mno-hw-mul/libgcc.a(_sf_to_df.o) (__make_dp)
/opt/altera/13.0sp1/nios2eds/bin/gnu/H-i686-pc-linux-gnu/bin/../lib/gcc/nios2-elf/4.1.2/mno-hw-mul/libgcc.a(_thenan_df.o)
                              /opt/altera/13.0sp1/nios2eds/bin/gnu/H-i686-pc-linux-gnu/bin/../lib/gcc/nios2-elf/4.1.2/mno-hw-mul/libgcc.a(_addsub_df.o) (__thenan_df)
/opt/altera/13.0sp1/nios2eds/bin/gnu/H-i686-pc-linux-gnu/bin/../lib/gcc/nios2-elf/4.1.2/mno-hw-mul/libgcc.a(lib2-divmod.o)
                              obj/default/cruise_skeleton.o (__divsi3)
/opt/altera/13.0sp1/nios2eds/bin/gnu/H-i686-pc-linux-gnu/bin/../lib/gcc/nios2-elf/4.1.2/mno-hw-mul/libgcc.a(lib2-mul.o)
                              obj/default/cruise_skeleton.o (__mulsi3)
/opt/altera/13.0sp1/nios2eds/bin/gnu/H-i686-pc-linux-gnu/bin/../lib/gcc/nios2-elf/4.1.2/mno-hw-mul/libgcc.a(_clzsi2.o)
                              /opt/altera/13.0sp1/nios2eds/bin/gnu/H-i686-pc-linux-gnu/bin/../lib/gcc/nios2-elf/4.1.2/mno-hw-mul/libgcc.a(_si_to_sf.o) (__clzsi2)
/opt/altera/13.0sp1/nios2eds/bin/gnu/H-i686-pc-linux-gnu/bin/../lib/gcc/nios2-elf/4.1.2/mno-hw-mul/libgcc.a(_pack_sf.o)
                              /opt/altera/13.0sp1/nios2eds/bin/gnu/H-i686-pc-linux-gnu/bin/../lib/gcc/nios2-elf/4.1.2/mno-hw-mul/libgcc.a(_si_to_sf.o) (__pack_f)
/opt/altera/13.0sp1/nios2eds/bin/gnu/H-i686-pc-linux-gnu/bin/../lib/gcc/nios2-elf/4.1.2/mno-hw-mul/libgcc.a(_unpack_sf.o)
                              /opt/altera/13.0sp1/nios2eds/bin/gnu/H-i686-pc-linux-gnu/bin/../lib/gcc/nios2-elf/4.1.2/mno-hw-mul/libgcc.a(_sf_to_df.o) (__unpack_f)
/opt/altera/13.0sp1/nios2eds/bin/gnu/H-i686-pc-linux-gnu/bin/../lib/gcc/nios2-elf/4.1.2/mno-hw-mul/libgcc.a(_pack_df.o)
                              /opt/altera/13.0sp1/nios2eds/bin/gnu/H-i686-pc-linux-gnu/bin/../lib/gcc/nios2-elf/4.1.2/mno-hw-mul/libgcc.a(_addsub_df.o) (__pack_d)
/opt/altera/13.0sp1/nios2eds/bin/gnu/H-i686-pc-linux-gnu/bin/../lib/gcc/nios2-elf/4.1.2/mno-hw-mul/libgcc.a(_unpack_df.o)
                              /opt/altera/13.0sp1/nios2eds/bin/gnu/H-i686-pc-linux-gnu/bin/../lib/gcc/nios2-elf/4.1.2/mno-hw-mul/libgcc.a(_addsub_df.o) (__unpack_d)
/opt/altera/13.0sp1/nios2eds/bin/gnu/H-i686-pc-linux-gnu/bin/../lib/gcc/nios2-elf/4.1.2/mno-hw-mul/libgcc.a(_clz.o)
                              /opt/altera/13.0sp1/nios2eds/bin/gnu/H-i686-pc-linux-gnu/bin/../lib/gcc/nios2-elf/4.1.2/mno-hw-mul/libgcc.a(_clzsi2.o) (__clz_tab)
/opt/altera/13.0sp1/nios2eds/bin/gnu/H-i686-pc-linux-gnu/bin/../lib/gcc/nios2-elf/4.1.2/../../../../nios2-elf/lib/mno-hw-mul/libc.a(lib_a-printf.o)
                              obj/default/cruise_skeleton.o (printf)
/opt/altera/13.0sp1/nios2eds/bin/gnu/H-i686-pc-linux-gnu/bin/../lib/gcc/nios2-elf/4.1.2/../../../../nios2-elf/lib/mno-hw-mul/libc.a(lib_a-puts.o)
                              obj/default/cruise_skeleton.o (puts)
/opt/altera/13.0sp1/nios2eds/bin/gnu/H-i686-pc-linux-gnu/bin/../lib/gcc/nios2-elf/4.1.2/../../../../nios2-elf/lib/mno-hw-mul/libc.a(lib_a-strlen.o)
                              /opt/altera/13.0sp1/nios2eds/bin/gnu/H-i686-pc-linux-gnu/bin/../lib/gcc/nios2-elf/4.1.2/../../../../nios2-elf/lib/mno-hw-mul/libc.a(lib_a-puts.o) (strlen)
/opt/altera/13.0sp1/nios2eds/bin/gnu/H-i686-pc-linux-gnu/bin/../lib/gcc/nios2-elf/4.1.2/../../../../nios2-elf/lib/mno-hw-mul/libc.a(lib_a-vfprintf.o)
                              /opt/altera/13.0sp1/nios2eds/bin/gnu/H-i686-pc-linux-gnu/bin/../lib/gcc/nios2-elf/4.1.2/../../../../nios2-elf/lib/mno-hw-mul/libc.a(lib_a-printf.o) (___vfprintf_internal_r)
[...]
Memory Configuration

Name             Origin             Length             Attributes
reset            0x00800000         0x00000020
sdram            0x00800020         0x007fffe0
sram             0x01080000         0x00080000
onchip_memory    0x02180000         0x00007d00
*default*        0x00000000         0xffffffff

Linker script and memory map

LOAD ../../../bsp/il2206-pre-built-ucosii//obj/HAL/src/crt0.o
LOAD obj/default/cruise_skeleton.o
LOAD /opt/altera/13.0sp1/nios2eds/bin/gnu/H-i686-pc-linux-gnu/bin/../lib/gcc/nios2-elf/4.1.2/../../../../nios2-elf/lib/mno-hw-mul/libstdc++.a
LOAD /opt/altera/13.0sp1/nios2eds/bin/gnu/H-i686-pc-linux-gnu/bin/../lib/gcc/nios2-elf/4.1.2/../../../../nios2-elf/lib/mno-hw-mul/libm.a
LOAD /opt/altera/13.0sp1/nios2eds/bin/gnu/H-i686-pc-linux-gnu/bin/../lib/gcc/nios2-elf/4.1.2/mno-hw-mul/libgcc.a
START GROUP
LOAD /opt/altera/13.0sp1/nios2eds/bin/gnu/H-i686-pc-linux-gnu/bin/../lib/gcc/nios2-elf/4.1.2/../../../../nios2-elf/lib/mno-hw-mul/libc.a
LOAD /opt/altera/13.0sp1/nios2eds/bin/gnu/H-i686-pc-linux-gnu/bin/../lib/gcc/nios2-elf/4.1.2/mno-hw-mul/libgcc.a
LOAD ../../../bsp/il2206-pre-built-ucosii//libucosii_bsp.a
END GROUP
LOAD /opt/altera/13.0sp1/nios2eds/bin/gnu/H-i686-pc-linux-gnu/bin/../lib/gcc/nios2-elf/4.1.2/mno-hw-mul/libgcc.a
                0x00800000                __alt_mem_sdram = 0x800000
                0x01080000                __alt_mem_sram = 0x1080000
                0x02180000                __alt_mem_onchip_memory = 0x2180000

.entry          0x00800000       0x20
 *(.entry)
 .entry         0x00800000       0x20 ../../../bsp/il2206-pre-built-ucosii//obj/HAL/src/crt0.o
                0x00800000                __reset

.exceptions     0x00800020      0x124 load address 0x01080000
                0x00800020                PROVIDE (__ram_exceptions_start, ABSOLUTE (.))
                0x00800020                . = ALIGN (0x20)
 *(.irq)
 *(.exceptions.entry.label)
 .exceptions.entry.label
                0x00800020        0x0 ../../../bsp/il2206-pre-built-ucosii//libucosii_bsp.a(alt_irq_entry.o)
                0x00800020                alt_irq_entry
 .exceptions.entry.label
                0x00800020        0x0 ../../../bsp/il2206-pre-built-ucosii//libucosii_bsp.a(alt_exception_entry.o)
                0x00800020                alt_exception
 *(.exceptions.entry.user)
 *(.exceptions.entry)
 .exceptions.entry
                0x00800020       0x54 ../../../bsp/il2206-pre-built-ucosii//libucosii_bsp.a(alt_exception_entry.o)
 *(.exceptions.irqtest.user)
 *(.exceptions.irqtest)
 .exceptions.irqtest
                0x00800074       0x10 ../../../bsp/il2206-pre-built-ucosii//libucosii_bsp.a(alt_irq_entry.o)
 *(.exceptions.irqhandler.user)
 *(.exceptions.irqhandler)
 .exceptions.irqhandler
                0x00800084        0x4 ../../../bsp/il2206-pre-built-ucosii//libucosii_bsp.a(alt_irq_entry.o)
 *(.exceptions.irqreturn.user)
 *(.exceptions.irqreturn)
 .exceptions.irqreturn
                0x00800088        0x4 ../../../bsp/il2206-pre-built-ucosii//libucosii_bsp.a(alt_irq_entry.o)
 *(.exceptions.notirq.label)
 .exceptions.notirq.label
                0x0080008c        0x0 ../../../bsp/il2206-pre-built-ucosii//libucosii_bsp.a(alt_irq_entry.o)
 *(.exceptions.notirq.user)
 *(.exceptions.notirq)
 .exceptions.notirq
                0x0080008c        0x8 ../../../bsp/il2206-pre-built-ucosii//libucosii_bsp.a(alt_exception_entry.o)
 *(.exceptions.soft.user)
 *(.exceptions.soft)
 *(.exceptions.unknown.user)
 *(.exceptions.unknown)
 .exceptions.unknown
                0x00800094        0x4 ../../../bsp/il2206-pre-built-ucosii//libucosii_bsp.a(alt_exception_entry.o)
 *(.exceptions.exit.label)
 .exceptions.exit.label
                0x00800098        0x0 ../../../bsp/il2206-pre-built-ucosii//libucosii_bsp.a(alt_irq_entry.o)
 .exceptions.exit.label
                0x00800098        0x0 ../../../bsp/il2206-pre-built-ucosii//libucosii_bsp.a(alt_exception_entry.o)
 *(.exceptions.exit.user)
 *(.exceptions.exit)
 .exceptions.exit
                0x00800098       0x54 ../../../bsp/il2206-pre-built-ucosii//libucosii_bsp.a(alt_exception_entry.o)
 *(.exceptions)
 .exceptions    0x008000ec       0x58 ../../../bsp/il2206-pre-built-ucosii//libucosii_bsp.a(alt_irq_handler.o)
                0x008000ec                alt_irq_handler
                0x00800144                PROVIDE (__ram_exceptions_end, ABSOLUTE (.))
                0x01080000                PROVIDE (__flash_exceptions_start, LOADADDR (.exceptions))

.text           0x01080124    0x125a8
                0x01080124                PROVIDE (stext, ABSOLUTE (.))
 *(.interp)
 *(.hash)
 *(.dynsym)
 *(.dynstr)
 *(.gnu.version)
 *(.gnu.version_d)
 *(.gnu.version_r)
 *(.rel.init)
 *(.rela.init)
 *(.rel.text .rel.text.* .rel.gnu.linkonce.t.*)
 *(.rela.text .rela.text.* .rela.gnu.linkonce.t.*)
 *(.rel.fini)
 *(.rela.fini)
 *(.rel.rodata .rel.rodata.* .rel.gnu.linkonce.r.*)
 *(.rela.rodata .rela.rodata.* .rela.gnu.linkonce.r.*)
 *(.rel.data .rel.data.* .rel.gnu.linkonce.d.*)
 *(.rela.data .rela.data.* .rela.gnu.linkonce.d.*)
 *(.rel.tdata .rel.tdata.* .rel.gnu.linkonce.td.*)
 *(.rela.tdata .rela.tdata.* .rela.gnu.linkonce.td.*)
 *(.rel.tbss .rel.tbss.* .rel.gnu.linkonce.tb.*)
 *(.rela.tbss .rela.tbss.* .rela.gnu.linkonce.tb.*)
 *(.rel.ctors)
 *(.rela.ctors)
 *(.rel.dtors)
 *(.rela.dtors)
 *(.rel.got)
 *(.rela.got)
 *(.rel.sdata .rel.sdata.* .rel.gnu.linkonce.s.*)
 *(.rela.sdata .rela.sdata.* .rela.gnu.linkonce.s.*)
 *(.rel.sbss .rel.sbss.* .rel.gnu.linkonce.sb.*)
 *(.rela.sbss .rela.sbss.* .rela.gnu.linkonce.sb.*)
 *(.rel.sdata2 .rel.sdata2.* .rel.gnu.linkonce.s2.*)
 *(.rela.sdata2 .rela.sdata2.* .rela.gnu.linkonce.s2.*)
 *(.rel.sbss2 .rel.sbss2.* .rel.gnu.linkonce.sb2.*)
 *(.rela.sbss2 .rela.sbss2.* .rela.gnu.linkonce.sb2.*)
 *(.rel.bss .rel.bss.* .rel.gnu.linkonce.b.*)
 *(.rela.bss .rela.bss.* .rela.gnu.linkonce.b.*)
 *(.rel.plt)
 *(.rela.plt)
 *(.rel.dyn)
 *(.init)
 *(.plt)
 *(.text .stub .text.* .gnu.linkonce.t.*)
 .text          0x01080124       0x3c ../../../bsp/il2206-pre-built-ucosii//obj/HAL/src/crt0.o
                0x01080124                _start
 .text          0x01080160     0x1384 obj/default/cruise_skeleton.o
                0x01080160                VehicleHandler
                0x01080194                ControlHandler
                0x010801c8                CarHandler
                0x010801fc                buttons_pressed
                0x0108022c                switches_pressed
                0x01080254                alarm_handler
                0x01080284                int2seven
                0x010802c0                show_velocity_on_sevenseg
                0x010803b4                show_target_velocity
                0x010804a0                hex_light
                0x010804c8                show_position
                0x010807a8                adjust_position
                0x010808b4                adjust_velocity
                0x01080a14                ButtonIO
                0x01080be8                SwitchIO
                0x01080cf0                VehicleTask
                0x01080fdc                ControlTask
                0x010811c4                StartTask
                0x01081468                main
 .text          0x010814e4       0x98 /opt/altera/13.0sp1/nios2eds/bin/gnu/H-i686-pc-linux-gnu/bin/../lib/gcc/nios2-elf/4.1.2/mno-hw-mul/libgcc.a(_si_to_sf.o)
                0x010814e4                __floatsisf
 .text          0x0108157c       0x54 /opt/altera/13.0sp1/nios2eds/bin/gnu/H-i686-pc-linux-gnu/bin/../lib/gcc/nios2-elf/4.1.2/mno-hw-mul/libgcc.a(_sf_to_df.o)
                0x0108157c                __extendsfdf2
 .text          0x010815d0      0x504 /opt/altera/13.0sp1/nios2eds/bin/gnu/H-i686-pc-linux-gnu/bin/../lib/gcc/nios2-elf/4.1.2/mno-hw-mul/libgcc.a(_addsub_df.o)
                0x010819e0                __subdf3
                0x01081a60                __adddf3
 .text          0x01081ad4      0x258 /opt/altera/13.0sp1/nios2eds/bin/gnu/H-i686-pc-linux-gnu/bin/../lib/gcc/nios2-elf/4.1.2/mno-hw-mul/libgcc.a(_div_df.o)
                0x01081ad4                __divdf3
 .text          0x01081d2c       0xf8 /opt/altera/13.0sp1/nios2eds/bin/gnu/H-i686-pc-linux-gnu/bin/../lib/gcc/nios2-elf/4.1.2/mno-hw-mul/libgcc.a(_si_to_df.o)
                0x01081d2c                __floatsidf
 .text          0x01081e24       0xd8 /opt/altera/13.0sp1/nios2eds/bin/gnu/H-i686-pc-linux-gnu/bin/../lib/gcc/nios2-elf/4.1.2/mno-hw-mul/libgcc.a(_df_to_si.o)
                0x01081e24                __fixdfsi
 .text          0x01081efc       0x38 /opt/altera/13.0sp1/nios2eds/bin/gnu/H-i686-pc-linux-gnu/bin/../lib/gcc/nios2-elf/4.1.2/mno-hw-mul/libgcc.a(_make_df.o)
                0x01081efc                __make_dp
 .text          0x01081f34        0x0 /opt/altera/13.0sp1/nios2eds/bin/gnu/H-i686-pc-linux-gnu/bin/../lib/gcc/nios2-elf/4.1.2/mno-hw-mul/libgcc.a(_thenan_df.o)
 .text          0x01081f34      0x14c /opt/altera/13.0sp1/nios2eds/bin/gnu/H-i686-pc-linux-gnu/bin/../lib/gcc/nios2-elf/4.1.2/mno-hw-mul/libgcc.a(lib2-divmod.o)
                0x01081fb0                __divsi3
                0x01082010                __modsi3
                0x01082070                __udivsi3
                0x01082078                __umodsi3
 .text          0x01082080       0x38 /opt/altera/13.0sp1/nios2eds/bin/gnu/H-i686-pc-linux-gnu/bin/../lib/gcc/nios2-elf/4.1.2/mno-hw-mul/libgcc.a(lib2-mul.o)
                0x01082080                __mulsi3
 .text          0x010820b8       0x80 /opt/altera/13.0sp1/nios2eds/bin/gnu/H-i686-pc-linux-gnu/bin/../lib/gcc/nios2-elf/4.1.2/mno-hw-mul/libgcc.a(_clzsi2.o)
                0x010820b8                __clzsi2
 .text          0x01082138      0x160 /opt/altera/13.0sp1/nios2eds/bin/gnu/H-i686-pc-linux-gnu/bin/../lib/gcc/nios2-elf/4.1.2/mno-hw-mul/libgcc.a(_pack_sf.o)
                0x01082138                __pack_f
 .text          0x01082298       0xc8 /opt/altera/13.0sp1/nios2eds/bin/gnu/H-i686-pc-linux-gnu/bin/../lib/gcc/nios2-elf/4.1.2/mno-hw-mul/libgcc.a(_unpack_sf.o)
                0x01082298                __unpack_f
 .text          0x01082360      0x314 /opt/altera/13.0sp1/nios2eds/bin/gnu/H-i686-pc-linux-gnu/bin/../lib/gcc/nios2-elf/4.1.2/mno-hw-mul/libgcc.a(_pack_df.o)
                0x01082360                __pack_d
 .text          0x01082674      0x138 /opt/altera/13.0sp1/nios2eds/bin/gnu/H-i686-pc-linux-gnu/bin/../lib/gcc/nios2-elf/4.1.2/mno-hw-mul/libgcc.a(_unpack_df.o)
                0x01082674                __unpack_d
 .text          0x010827ac        0x0 /opt/altera/13.0sp1/nios2eds/bin/gnu/H-i686-pc-linux-gnu/bin/../lib/gcc/nios2-elf/4.1.2/mno-hw-mul/libgcc.a(_clz.o)
 .text          0x010827ac       0x78 /opt/altera/13.0sp1/nios2eds/bin/gnu/H-i686-pc-linux-gnu/bin/../lib/gcc/nios2-elf/4.1.2/../../../../nios2-elf/lib/mno-hw-mul/libc.a(lib_a-printf.o)
                0x010827ac                printf
                0x010827f0                _printf_r
 .text          0x01082824       0xb4 /opt/altera/13.0sp1/nios2eds/bin/gnu/H-i686-pc-linux-gnu/bin/../lib/gcc/nios2-elf/4.1.2/../../../../nios2-elf/lib/mno-hw-mul/libc.a(lib_a-puts.o)
                0x01082824                _puts_r
                0x010828c4                puts
 .text          0x010828d8       0x74 /opt/altera/13.0sp1/nios2eds/bin/gnu/H-i686-pc-linux-gnu/bin/../lib/gcc/nios2-elf/4.1.2/../../../../nios2-elf/lib/mno-hw-mul/libc.a(lib_a-strlen.o)
                0x010828d8                strlen
 .text          0x0108294c     0x1f40 /opt/altera/13.0sp1/nios2eds/bin/gnu/H-i686-pc-linux-gnu/bin/../lib/gcc/nios2-elf/4.1.2/../../../../nios2-elf/lib/mno-hw-mul/libc.a(lib_a-vfprintf.o)
                0x010829a4                ___vfprintf_internal_r
                0x01084868                __vfprintf_internal
 .text          0x0108488c      0x13c /opt/altera/13.0sp1/nios2eds/bin/gnu/H-i686-pc-linux-gnu/bin/../lib/gcc/nios2-elf/4.1.2/../../../../nios2-elf/lib/mno-hw-mul/libc.a(lib_a-wsetup.o)
                0x0108488c                __swsetup_r
 .text          0x010849c8     0x17f8 /opt/altera/13.0sp1/nios2eds/bin/gnu/H-i686-pc-linux-gnu/bin/../lib/gcc/nios2-elf/4.1.2/../../../../nios2-elf/lib/mno-hw-mul/libc.a(lib_a-dtoa.o)
                0x01084c0c                _dtoa_r
 .text          0x010861c0      0x230 /opt/altera/13.0sp1/nios2eds/bin/gnu/H-i686-pc-linux-gnu/bin/../lib/gcc/nios2-elf/4.1.2/../../../../nios2-elf/lib/mno-hw-mul/libc.a(lib_a-fflush.o)
                0x010861c0                _fflush_r
                0x010863bc                fflush
 .text          0x010863f0      0x2f4 /opt/altera/13.0sp1/nios2eds/bin/gnu/H-i686-pc-linux-gnu/bin/../lib/gcc/nios2-elf/4.1.2/../../../../nios2-elf/lib/mno-hw-mul/libc.a(lib_a-findfp.o)
                0x01086448                __sfp_lock_acquire
                0x0108644c                __sfp_lock_release
                0x01086450                __sinit_lock_acquire
                0x01086454                __sinit_lock_release
                0x01086458                __sinit
                0x0108650c                __fp_unlock_all
                0x01086524                __fp_lock_all
                0x0108653c                _cleanup_r
                0x01086548                _cleanup
                0x01086558                __sfmoreglue
                0x010865f4                __sfp
 .text          0x010866e4      0x440 /opt/altera/13.0sp1/nios2eds/bin/gnu/H-i686-pc-linux-gnu/bin/../lib/gcc/nios2-elf/4.1.2/../../../../nios2-elf/lib/mno-hw-mul/libc.a(lib_a-freer.o)
                0x010866e4                _malloc_trim_r
                0x01086810                _free_r
 .text          0x01086b24      0x49c /opt/altera/13.0sp1/nios2eds/bin/gnu/H-i686-pc-linux-gnu/bin/../lib/gcc/nios2-elf/4.1.2/../../../../nios2-elf/lib/mno-hw-mul/libc.a(lib_a-fvwrite.o)
                0x01086b24                __sfvwrite_r
 .text          0x01086fc0      0x180 /opt/altera/13.0sp1/nios2eds/bin/gnu/H-i686-pc-linux-gnu/bin/../lib/gcc/nios2-elf/4.1.2/../../../../nios2-elf/lib/mno-hw-mul/libc.a(lib_a-fwalk.o)
                0x01086fc0                _fwalk_reent
                0x01087088                _fwalk
 .text          0x01087140        0x0 /opt/altera/13.0sp1/nios2eds/bin/gnu/H-i686-pc-linux-gnu/bin/../lib/gcc/nios2-elf/4.1.2/../../../../nios2-elf/lib/mno-hw-mul/libc.a(lib_a-impure.o)
 .text          0x01087140       0xc4 /opt/altera/13.0sp1/nios2eds/bin/gnu/H-i686-pc-linux-gnu/bin/../lib/gcc/nios2-elf/4.1.2/../../../../nios2-elf/lib/mno-hw-mul/libc.a(lib_a-locale.o)
                0x01087140                __locale_charset
                0x01087148                _localeconv_r
                0x01087154                localeconv
                0x01087164                _setlocale_r
                0x010871e8                setlocale
 .text          0x01087204      0x194 /opt/altera/13.0sp1/nios2eds/bin/gnu/H-i686-pc-linux-gnu/bin/../lib/gcc/nios2-elf/4.1.2/../../../../nios2-elf/lib/mno-hw-mul/libc.a(lib_a-makebuf.o)
                0x01087204                __smakebuf_r
 .text          0x01087398      0x740 /opt/altera/13.0sp1/nios2eds/bin/gnu/H-i686-pc-linux-gnu/bin/../lib/gcc/nios2-elf/4.1.2/../../../../nios2-elf/lib/mno-hw-mul/libc.a(lib_a-mallocr.o)
                0x01087398                _malloc_r
 .text          0x01087ad8       0xe4 /opt/altera/13.0sp1/nios2eds/bin/gnu/H-i686-pc-linux-gnu/bin/../lib/gcc/nios2-elf/4.1.2/../../../../nios2-elf/lib/mno-hw-mul/libc.a(lib_a-memchr.o)
                0x01087ad8                memchr
 .text          0x01087bbc       0xa0 /opt/altera/13.0sp1/nios2eds/bin/gnu/H-i686-pc-linux-gnu/bin/../lib/gcc/nios2-elf/4.1.2/../../../../nios2-elf/lib/mno-hw-mul/libc.a(lib_a-memcpy.o)
                0x01087bbc                memcpy
 .text          0x01087c5c       0xe0 /opt/altera/13.0sp1/nios2eds/bin/gnu/H-i686-pc-linux-gnu/bin/../lib/gcc/nios2-elf/4.1.2/../../../../nios2-elf/lib/mno-hw-mul/libc.a(lib_a-memmove.o)
                0x01087c5c                memmove
 .text          0x01087d3c       0x98 /opt/altera/13.0sp1/nios2eds/bin/gnu/H-i686-pc-linux-gnu/bin/../lib/gcc/nios2-elf/4.1.2/../../../../nios2-elf/lib/mno-hw-mul/libc.a(lib_a-memset.o)
                0x01087d3c                memset
 .text          0x01087dd4     0x108c /opt/altera/13.0sp1/nios2eds/bin/gnu/H-i686-pc-linux-gnu/bin/../lib/gcc/nios2-elf/4.1.2/../../../../nios2-elf/lib/mno-hw-mul/libc.a(lib_a-mprec.o)
                0x01087dd4                _Bfree
                0x01087dfc                __hi0bits
                0x01087e6c                __lo0bits
                0x01087f30                __mcmp
                0x01087f90                __ulp
                0x01088010                __b2d
                0x01088130                __ratio
                0x010881e0                _mprec_log10
                0x01088274                __copybits
                0x010882cc                __any_on
                0x01088354                _Balloc
                0x01088410                __d2b
                0x0108858c                __mdiff
                0x01088718                __lshift
                0x01088864                __multiply
                0x01088ab8                __i2b
                0x01088af4                __multadd
                0x01088c20                __pow5mult
                0x01088d40                __s2b
 .text          0x01088e60      0x5f4 /opt/altera/13.0sp1/nios2eds/bin/gnu/H-i686-pc-linux-gnu/bin/../lib/gcc/nios2-elf/4.1.2/../../../../nios2-elf/lib/mno-hw-mul/libc.a(lib_a-reallocr.o)
                0x01088e60                _realloc_r
 .text          0x01089454       0x40 /opt/altera/13.0sp1/nios2eds/bin/gnu/H-i686-pc-linux-gnu/bin/../lib/gcc/nios2-elf/4.1.2/../../../../nios2-elf/lib/mno-hw-mul/libc.a(lib_a-s_isinfd.o)
                0x01089454                __isinfd
 .text          0x01089494       0x30 /opt/altera/13.0sp1/nios2eds/bin/gnu/H-i686-pc-linux-gnu/bin/../lib/gcc/nios2-elf/4.1.2/../../../../nios2-elf/lib/mno-hw-mul/libc.a(lib_a-s_isnand.o)
                0x01089494                __isnand
 .text          0x010894c4       0x70 /opt/altera/13.0sp1/nios2eds/bin/gnu/H-i686-pc-linux-gnu/bin/../lib/gcc/nios2-elf/4.1.2/../../../../nios2-elf/lib/mno-hw-mul/libc.a(lib_a-sbrkr.o)
                0x010894c4                _sbrk_r
 .text          0x01089534      0x14c /opt/altera/13.0sp1/nios2eds/bin/gnu/H-i686-pc-linux-gnu/bin/../lib/gcc/nios2-elf/4.1.2/../../../../nios2-elf/lib/mno-hw-mul/libc.a(lib_a-stdio.o)
                0x01089534                __sclose
                0x0108953c                __sseek
                0x010895a4                __swrite
                0x01089620                __sread
 .text          0x01089680       0xbc /opt/altera/13.0sp1/nios2eds/bin/gnu/H-i686-pc-linux-gnu/bin/../lib/gcc/nios2-elf/4.1.2/../../../../nios2-elf/lib/mno-hw-mul/libc.a(lib_a-strcmp.o)
                0x01089680                strcmp
 .text          0x0108973c       0x78 /opt/altera/13.0sp1/nios2eds/bin/gnu/H-i686-pc-linux-gnu/bin/../lib/gcc/nios2-elf/4.1.2/../../../../nios2-elf/lib/mno-hw-mul/libc.a(lib_a-writer.o)
                0x0108973c                _write_r
 .text          0x010897b4       0xc8 /opt/altera/13.0sp1/nios2eds/bin/gnu/H-i686-pc-linux-gnu/bin/../lib/gcc/nios2-elf/4.1.2/../../../../nios2-elf/lib/mno-hw-mul/libc.a(lib_a-callocr.o)
                0x010897b4                _calloc_r
 .text          0x0108987c       0x70 /opt/altera/13.0sp1/nios2eds/bin/gnu/H-i686-pc-linux-gnu/bin/../lib/gcc/nios2-elf/4.1.2/../../../../nios2-elf/lib/mno-hw-mul/libc.a(lib_a-closer.o)
                0x0108987c                _close_r
 .text          0x010898ec      0x124 /opt/altera/13.0sp1/nios2eds/bin/gnu/H-i686-pc-linux-gnu/bin/../lib/gcc/nios2-elf/4.1.2/../../../../nios2-elf/lib/mno-hw-mul/libc.a(lib_a-fclose.o)
                0x010898ec                _fclose_r
                0x010899fc                fclose
 .text          0x01089a10       0x74 /opt/altera/13.0sp1/nios2eds/bin/gnu/H-i686-pc-linux-gnu/bin/../lib/gcc/nios2-elf/4.1.2/../../../../nios2-elf/lib/mno-hw-mul/libc.a(lib_a-fstatr.o)
                0x01089a10                _fstat_r
 .text          0x01089a84        0x0 /opt/altera/13.0sp1/nios2eds/bin/gnu/H-i686-pc-linux-gnu/bin/../lib/gcc/nios2-elf/4.1.2/../../../../nios2-elf/lib/mno-hw-mul/libc.a(lib_a-int_errno.o)
 .text          0x01089a84       0x70 /opt/altera/13.0sp1/nios2eds/bin/gnu/H-i686-pc-linux-gnu/bin/../lib/gcc/nios2-elf/4.1.2/../../../../nios2-elf/lib/mno-hw-mul/libc.a(lib_a-isattyr.o)
                0x01089a84                _isatty_r
 .text          0x01089af4       0x78 /opt/altera/13.0sp1/nios2eds/bin/gnu/H-i686-pc-linux-gnu/bin/../lib/gcc/nios2-elf/4.1.2/../../../../nios2-elf/lib/mno-hw-mul/libc.a(lib_a-lseekr.o)
                0x01089af4                _lseek_r
 .text          0x01089b6c       0x78 /opt/altera/13.0sp1/nios2eds/bin/gnu/H-i686-pc-linux-gnu/bin/../lib/gcc/nios2-elf/4.1.2/../../../../nios2-elf/lib/mno-hw-mul/libc.a(lib_a-readr.o)
                0x01089b6c                _read_r
 .text          0x01089be4      0x66c /opt/altera/13.0sp1/nios2eds/bin/gnu/H-i686-pc-linux-gnu/bin/../lib/gcc/nios2-elf/4.1.2/mno-hw-mul/libgcc.a(_udivdi3.o)
                0x01089be4                __udivdi3
 .text          0x0108a250      0x660 /opt/altera/13.0sp1/nios2eds/bin/gnu/H-i686-pc-linux-gnu/bin/../lib/gcc/nios2-elf/4.1.2/mno-hw-mul/libgcc.a(_umoddi3.o)
                0x0108a250                __umoddi3
 .text          0x0108a8b0      0x3c4 /opt/altera/13.0sp1/nios2eds/bin/gnu/H-i686-pc-linux-gnu/bin/../lib/gcc/nios2-elf/4.1.2/mno-hw-mul/libgcc.a(_mul_df.o)
                0x0108a8b0                __muldf3
 .text          0x0108ac74       0x88 /opt/altera/13.0sp1/nios2eds/bin/gnu/H-i686-pc-linux-gnu/bin/../lib/gcc/nios2-elf/4.1.2/mno-hw-mul/libgcc.a(_eq_df.o)
                0x0108ac74                __eqdf2
 .text          0x0108acfc       0x88 /opt/altera/13.0sp1/nios2eds/bin/gnu/H-i686-pc-linux-gnu/bin/../lib/gcc/nios2-elf/4.1.2/mno-hw-mul/libgcc.a(_ne_df.o)
                0x0108acfc                __nedf2
 .text          0x0108ad84       0x88 /opt/altera/13.0sp1/nios2eds/bin/gnu/H-i686-pc-linux-gnu/bin/../lib/gcc/nios2-elf/4.1.2/mno-hw-mul/libgcc.a(_gt_df.o)
                0x0108ad84                __gtdf2
 .text          0x0108ae0c       0x88 /opt/altera/13.0sp1/nios2eds/bin/gnu/H-i686-pc-linux-gnu/bin/../lib/gcc/nios2-elf/4.1.2/mno-hw-mul/libgcc.a(_ge_df.o)
                0x0108ae0c                __gedf2
 .text          0x0108ae94       0x88 /opt/altera/13.0sp1/nios2eds/bin/gnu/H-i686-pc-linux-gnu/bin/../lib/gcc/nios2-elf/4.1.2/mno-hw-mul/libgcc.a(_lt_df.o)
                0x0108ae94                __ltdf2
 .text          0x0108af1c      0x194 /opt/altera/13.0sp1/nios2eds/bin/gnu/H-i686-pc-linux-gnu/bin/../lib/gcc/nios2-elf/4.1.2/mno-hw-mul/libgcc.a(_usi_to_df.o)
                0x0108af1c                __floatunsidf
 .text          0x0108b0b0      0x124 /opt/altera/13.0sp1/nios2eds/bin/gnu/H-i686-pc-linux-gnu/bin/../lib/gcc/nios2-elf/4.1.2/mno-hw-mul/libgcc.a(_muldi3.o)
                0x0108b0b0                __muldi3
 .text          0x0108b1d4       0xc8 /opt/altera/13.0sp1/nios2eds/bin/gnu/H-i686-pc-linux-gnu/bin/../lib/gcc/nios2-elf/4.1.2/mno-hw-mul/libgcc.a(_fpcmp_parts_df.o)
                0x0108b1d4                __fpcmp_parts_d
 .text          0x0108b29c       0x90 ../../../bsp/il2206-pre-built-ucosii//libucosii_bsp.a(alt_alarm_start.o)
                0x0108b29c                alt_alarm_start
 .text          0x0108b32c       0xbc ../../../bsp/il2206-pre-built-ucosii//libucosii_bsp.a(alt_close.o)
                0x0108b34c                close
 .text          0x0108b3e8        0x8 ../../../bsp/il2206-pre-built-ucosii//libucosii_bsp.a(alt_dev.o)
 .text          0x0108b3f0        0x0 ../../../bsp/il2206-pre-built-ucosii//libucosii_bsp.a(alt_errno.o)
 .text          0x0108b3f0       0x9c ../../../bsp/il2206-pre-built-ucosii//libucosii_bsp.a(alt_fstat.o)
                0x0108b3f0                fstat
 .text          0x0108b48c       0x94 ../../../bsp/il2206-pre-built-ucosii//libucosii_bsp.a(alt_isatty.o)
                0x0108b48c                isatty
 .text          0x0108b520       0x8c ../../../bsp/il2206-pre-built-ucosii//libucosii_bsp.a(alt_load.o)
                0x0108b540                alt_load
 .text          0x0108b5ac       0xb8 ../../../bsp/il2206-pre-built-ucosii//libucosii_bsp.a(alt_lseek.o)
                0x0108b5ac                lseek
 .text          0x0108b664       0xa8 ../../../bsp/il2206-pre-built-ucosii//libucosii_bsp.a(alt_main.o)
                0x0108b664                alt_main
 .text          0x0108b70c       0xd8 ../../../bsp/il2206-pre-built-ucosii//libucosii_bsp.a(alt_read.o)
                0x0108b72c                read
 .text          0x0108b7e4       0x5c ../../../bsp/il2206-pre-built-ucosii//libucosii_bsp.a(alt_release_fd.o)
                0x0108b7e4                alt_release_fd
 .text          0x0108b840       0x50 ../../../bsp/il2206-pre-built-ucosii//libucosii_bsp.a(alt_sbrk.o)
                0x0108b840                sbrk
 .text          0x0108b890       0xe0 ../../../bsp/il2206-pre-built-ucosii//libucosii_bsp.a(alt_tick.o)
                0x0108b890                alt_alarm_stop
                0x0108b8c4                alt_tick
 .text          0x0108b970       0xd4 ../../../bsp/il2206-pre-built-ucosii//libucosii_bsp.a(alt_write.o)
                0x0108b990                write
 .text          0x0108ba44       0xa8 ../../../bsp/il2206-pre-built-ucosii//libucosii_bsp.a(alt_env_lock.o)
                0x0108ba44                __env_unlock
                0x0108ba6c                __env_lock
 .text          0x0108baec      0x110 ../../../bsp/il2206-pre-built-ucosii//libucosii_bsp.a(alt_malloc_lock.o)
                0x0108baec                __malloc_unlock
                0x0108bb48                __malloc_lock
 .text          0x0108bbfc     0x1118 ../../../bsp/il2206-pre-built-ucosii//libucosii_bsp.a(os_core.o)
                0x0108bbfc                OSVersion
                0x0108bc04                OS_Dummy
                0x0108bc08                OS_EventTaskWait
                0x0108bc8c                OS_EventTaskWaitMulti
                0x0108bd2c                OS_EventTaskRemove
                0x0108bd78                OS_EventTaskRemoveMulti
                0x0108bdd4                OS_EventTaskRdy
                0x0108bec8                OS_EventWaitListInit
                0x0108bee4                OS_MemClr
                0x0108bf00                OS_MemCopy
                0x0108bf24                OS_StrCopy
                0x0108bf50                OS_StrLen
                0x0108bf70                OS_TaskStatStkChk
                0x0108bff4                OS_Sched
                0x0108c0ac                OSStart
                0x0108c118                OSInit
                0x0108c2f8                OSEventNameGet
                0x0108c3b0                OSEventPendMulti
                0x0108c708                OSIntEnter
                0x0108c744                OSSchedLock
                0x0108c788                OSSchedUnlock
                0x0108c7dc                OSStatInit
                0x0108c840                OSTimeTick
                0x0108c94c                OS_TaskIdle
                0x0108c97c                OS_TaskStat
                0x0108ca00                OS_TCBInit
                0x0108cb84                OSIntExit
                0x0108cc58                OSEventNameSet
 .text          0x0108cd14        0x4 ../../../bsp/il2206-pre-built-ucosii//libucosii_bsp.a(os_dbg.o)
                0x0108cd14                OSDebugInit
 .text          0x0108cd18      0xc5c ../../../bsp/il2206-pre-built-ucosii//libucosii_bsp.a(os_flag.o)
                0x0108cdd0                OS_FlagUnlink
                0x0108ce9c                OS_FlagInit
                0x0108cf0c                OSFlagQuery
                0x0108cf68                OSFlagAccept
                0x0108d0d8                OSFlagCreate
                0x0108d160                OSFlagDel
                0x0108d2c0                OSFlagNameGet
                0x0108d380                OSFlagNameSet
                0x0108d454                OSFlagPend
                0x0108d754                OSFlagPendGetFlagsRdy
                0x0108d780                OSFlagPost
 .text          0x0108d974      0x67c ../../../bsp/il2206-pre-built-ucosii//libucosii_bsp.a(os_mbox.o)
                0x0108d974                OSMboxQuery
                0x0108d9f0                OSMboxAccept
                0x0108da28                OSMboxCreate
                0x0108dab4                OSMboxDel
                0x0108dbfc                OSMboxPend
                0x0108dd8c                OSMboxPendAbort
                0x0108de70                OSMboxPost
                0x0108df0c                OSMboxPostOpt
 .text          0x0108dff0      0x3b8 ../../../bsp/il2206-pre-built-ucosii//libucosii_bsp.a(os_mem.o)
                0x0108dff0                OS_MemInit
                0x0108e058                OSMemQuery
                0x0108e0bc                OSMemCreate
                0x0108e18c                OSMemGet
                0x0108e1f8                OSMemNameGet
                0x0108e294                OSMemNameSet
                0x0108e350                OSMemPut
 .text          0x0108e3a8      0x9c4 ../../../bsp/il2206-pre-built-ucosii//libucosii_bsp.a(os_q.o)
                0x0108e3a8                OS_QInit
                0x0108e3f8                OSQQuery
                0x0108e490                OSQAccept
                0x0108e52c                OSQCreate
                0x0108e62c                OSQDel
                0x0108e7b0                OSQFlush
                0x0108e800                OSQPend
                0x0108e9c0                OSQPendAbort
                0x0108eaa8                OSQPost
                0x0108eb64                OSQPostFront
                0x0108ec28                OSQPostOpt
 .text          0x0108ed6c      0x5e0 ../../../bsp/il2206-pre-built-ucosii//libucosii_bsp.a(os_sem.o)
                0x0108ed6c                OSSemSet
                0x0108edd0                OSSemAccept
                0x0108ee14                OSSemCreate
                0x0108eea0                OSSemDel
                0x0108eff4                OSSemPend
                0x0108f15c                OSSemPendAbort
                0x0108f248                OSSemPost
                0x0108f2e4                OSSemQuery
 .text          0x0108f34c      0xe74 ../../../bsp/il2206-pre-built-ucosii//libucosii_bsp.a(os_task.o)
                0x0108f34c                OS_TaskStkClr
                0x0108f37c                OSTaskQuery
                0x0108f444                OSTaskChangePrio
                0x0108f6e0                OSTaskCreate
                0x0108f7ec                OSTaskCreateExt
                0x0108f964                OSTaskDel
                0x0108fbb0                OSTaskDelReq
                0x0108fc64                OSTaskNameGet
                0x0108fd6c                OSTaskNameSet
                0x0108fe88                OSTaskResume
                0x0108ff8c                OSTaskStkChk
                0x0109007c                OSTaskSuspend
 .text          0x010901c0      0x378 ../../../bsp/il2206-pre-built-ucosii//libucosii_bsp.a(os_time.o)
                0x010901c0                OSTimeSet
                0x010901e4                OSTimeDly
                0x0109027c                OSTimeDlyHMSM
                0x0109041c                OSTimeDlyResume
                0x01090514                OSTimeGet
 .text          0x01090538      0xb94 ../../../bsp/il2206-pre-built-ucosii//libucosii_bsp.a(os_tmr.o)
                0x010906a4                OSTmr_Init
                0x01090900                OSTmrStop
                0x01090a5c                OSTmrStart
                0x01090b60                OSTmrStateGet
                0x01090c08                OSTmrRemainGet
                0x01090d20                OSTmrDel
                0x01090e1c                OSTmrSignal
                0x01090e44                OSTmrNameGet
                0x01090f30                OSTmrCreate
 .text          0x010910cc       0xb4 ../../../bsp/il2206-pre-built-ucosii//libucosii_bsp.a(alt_sys_init.o)
                0x010910cc                alt_sys_init
                0x01091160                alt_irq_init
 .text          0x01091180       0x3c ../../../bsp/il2206-pre-built-ucosii//libucosii_bsp.a(altera_avalon_jtag_uart_fd.o)
                0x01091180                altera_avalon_jtag_uart_ioctl_fd
                0x0109118c                altera_avalon_jtag_uart_close_fd
                0x0109119c                altera_avalon_jtag_uart_write_fd
                0x010911ac                altera_avalon_jtag_uart_read_fd
 .text          0x010911bc      0x2f4 ../../../bsp/il2206-pre-built-ucosii//libucosii_bsp.a(altera_avalon_jtag_uart_init.o)
                0x010911bc                altera_avalon_jtag_uart_close
                0x0109127c                altera_avalon_jtag_uart_init
 .text          0x010914b0       0x7c ../../../bsp/il2206-pre-built-ucosii//libucosii_bsp.a(altera_avalon_jtag_uart_ioctl.o)
                0x010914b0                altera_avalon_jtag_uart_ioctl
 .text          0x0109152c      0x1ac ../../../bsp/il2206-pre-built-ucosii//libucosii_bsp.a(altera_avalon_jtag_uart_read.o)
                0x0109152c                altera_avalon_jtag_uart_read
 .text          0x010916d8      0x1b8 ../../../bsp/il2206-pre-built-ucosii//libucosii_bsp.a(altera_avalon_jtag_uart_write.o)
                0x010916d8                altera_avalon_jtag_uart_write
 .text          0x01091890       0x8c ../../../bsp/il2206-pre-built-ucosii//libucosii_bsp.a(altera_avalon_timer_sc.o)
                0x01091890                alt_avalon_timer_sc_init
 .text          0x0109191c        0x0 ../../../bsp/il2206-pre-built-ucosii//libucosii_bsp.a(altera_avalon_timer_vars.o)
 .text          0x0109191c        0x4 ../../../bsp/il2206-pre-built-ucosii//libucosii_bsp.a(alt_dcache_flush_all.o)
                0x0109191c                alt_dcache_flush_all
 .text          0x01091920       0x70 ../../../bsp/il2206-pre-built-ucosii//libucosii_bsp.a(alt_dev_llist_insert.o)
                0x01091920                alt_dev_llist_insert
 .text          0x01091990       0x40 ../../../bsp/il2206-pre-built-ucosii//libucosii_bsp.a(alt_do_ctors.o)
                0x01091990                _do_ctors
 .text          0x010919d0       0x40 ../../../bsp/il2206-pre-built-ucosii//libucosii_bsp.a(alt_do_dtors.o)
                0x010919d0                _do_dtors
 .text          0x01091a10        0x4 ../../../bsp/il2206-pre-built-ucosii//libucosii_bsp.a(alt_icache_flush_all.o)
                0x01091a10                alt_icache_flush_all
 .text          0x01091a14       0x9c ../../../bsp/il2206-pre-built-ucosii//libucosii_bsp.a(alt_iic.o)
                0x01091a14                alt_ic_irq_enabled
                0x01091a2c                alt_ic_irq_enable
                0x01091a6c                alt_ic_irq_disable
                0x01091aac                alt_ic_isr_register
 .text          0x01091ab0       0x6c ../../../bsp/il2206-pre-built-ucosii//libucosii_bsp.a(alt_iic_isr_register.o)
                0x01091ab0                alt_iic_isr_register
 .text          0x01091b1c      0x114 ../../../bsp/il2206-pre-built-ucosii//libucosii_bsp.a(alt_io_redirect.o)
                0x01091ba4                alt_io_redirect
 .text          0x01091c30        0x0 ../../../bsp/il2206-pre-built-ucosii//libucosii_bsp.a(alt_irq_entry.o)
 .text          0x01091c30        0x0 ../../../bsp/il2206-pre-built-ucosii//libucosii_bsp.a(alt_irq_handler.o)
 .text          0x01091c30        0x0 ../../../bsp/il2206-pre-built-ucosii//libucosii_bsp.a(alt_irq_vars.o)
 .text          0x01091c30      0x17c ../../../bsp/il2206-pre-built-ucosii//libucosii_bsp.a(alt_open.o)
                0x01091c30                open
 .text          0x01091dac        0x8 ../../../bsp/il2206-pre-built-ucosii//libucosii_bsp.a(altera_nios2_qsys_irq.o)
                0x01091dac                altera_nios2_qsys_irq_init
 .text          0x01091db4       0xd0 ../../../bsp/il2206-pre-built-ucosii//libucosii_bsp.a(os_cpu_a.o)
                0x01091db4                OSCtxSw
                0x01091db4                OSIntCtxSw
                0x01091e40                OSStartHighRdy
                0x01091e60                OSStartTsk
 .text          0x01091e84      0x228 ../../../bsp/il2206-pre-built-ucosii//libucosii_bsp.a(os_cpu_c.o)
                0x01091e84                OSTaskCreateHook
                0x01091e88                OSTaskDelHook
                0x01091e8c                OSTaskSwHook
                0x01091e90                OSTaskStatHook
                0x01091e94                OSInitHookBegin
                0x01091e9c                OSInitHookEnd
                0x01091ea0                OSTaskIdleHook
                0x01091ea4                OSTCBInitHook
                0x01091ea8                OSTimeTickHook
                0x01091f00                OSTaskStkInit
 .text          0x010920ac        0x0 ../../../bsp/il2206-pre-built-ucosii//libucosii_bsp.a(alt_exception_entry.o)
 .text          0x010920ac       0x70 ../../../bsp/il2206-pre-built-ucosii//libucosii_bsp.a(alt_find_dev.o)
                0x010920ac                alt_find_dev
 .text          0x0109211c       0x9c ../../../bsp/il2206-pre-built-ucosii//libucosii_bsp.a(alt_find_file.o)
                0x0109211c                alt_find_file
 .text          0x010921b8       0xa4 ../../../bsp/il2206-pre-built-ucosii//libucosii_bsp.a(alt_get_fd.o)
                0x010921b8                alt_get_fd
 .text          0x0109225c       0x14 /opt/altera/13.0sp1/nios2eds/bin/gnu/H-i686-pc-linux-gnu/bin/../lib/gcc/nios2-elf/4.1.2/../../../../nios2-elf/lib/mno-hw-mul/libc.a(lib_a-atexit.o)
                0x0109225c                atexit
 .text          0x01092270       0x38 /opt/altera/13.0sp1/nios2eds/bin/gnu/H-i686-pc-linux-gnu/bin/../lib/gcc/nios2-elf/4.1.2/../../../../nios2-elf/lib/mno-hw-mul/libc.a(lib_a-exit.o)
                0x01092270                exit
 .text          0x010922a8       0x74 /opt/altera/13.0sp1/nios2eds/bin/gnu/H-i686-pc-linux-gnu/bin/../lib/gcc/nios2-elf/4.1.2/../../../../nios2-elf/lib/mno-hw-mul/libc.a(lib_a-memcmp.o)
                0x010922a8                memcmp
 .text          0x0109231c      0x134 /opt/altera/13.0sp1/nios2eds/bin/gnu/H-i686-pc-linux-gnu/bin/../lib/gcc/nios2-elf/4.1.2/../../../../nios2-elf/lib/mno-hw-mul/libc.a(lib_a-__atexit.o)
                0x0109231c                __register_exitproc
 .text          0x01092450      0x1b4 /opt/altera/13.0sp1/nios2eds/bin/gnu/H-i686-pc-linux-gnu/bin/../lib/gcc/nios2-elf/4.1.2/../../../../nios2-elf/lib/mno-hw-mul/libc.a(lib_a-__call_atexit.o)
                0x01092454                __call_exitprocs
 .text          0x01092604       0xa4 /opt/altera/13.0sp1/nios2eds/bin/gnu/H-i686-pc-linux-gnu/bin/../lib/gcc/nios2-elf/4.1.2/mno-hw-mul/libgcc.a(_fixunsdfsi.o)
                0x01092604                __fixunsdfsi
 .text          0x010926a8       0x20 ../../../bsp/il2206-pre-built-ucosii//libucosii_bsp.a(alt_exit.o)
                0x010926a8                _exit
 *(.gnu.warning.*)
 *(.fini)
                0x010926c8                PROVIDE (__etext, ABSOLUTE (.))
                0x010926c8                PROVIDE (_etext, ABSOLUTE (.))
                0x010926c8                PROVIDE (etext, ABSOLUTE (.))
 *(.eh_frame_hdr)
                0x010926c8                . = ALIGN (0x4)
                0x010926c8                PROVIDE (__preinit_array_start, ABSOLUTE (.))
 *(.preinit_array)
                0x010926c8                PROVIDE (__preinit_array_end, ABSOLUTE (.))
                0x010926c8                PROVIDE (__init_array_start, ABSOLUTE (.))
 *(.init_array)
                0x010926c8                PROVIDE (__init_array_end, ABSOLUTE (.))
                0x010926c8                PROVIDE (__fini_array_start, ABSOLUTE (.))
 *(.fini_array)
                0x010926c8                PROVIDE (__fini_array_end, ABSOLUTE (.))
 *(.eh_frame)
 *(.gcc_except_table)
 *(.dynamic)
                0x010926c8                PROVIDE (__CTOR_LIST__, ABSOLUTE (.))
 *(.ctors)
 *(SORT(.ctors.*))
 .ctors.65535   0x010926c8        0x4 /opt/altera/13.0sp1/nios2eds/bin/gnu/H-i686-pc-linux-gnu/bin/../lib/gcc/nios2-elf/4.1.2/../../../../nios2-elf/lib/mno-hw-mul/libc.a(lib_a-__call_atexit.o)
                0x010926cc                PROVIDE (__CTOR_END__, ABSOLUTE (.))
                0x010926cc                PROVIDE (__DTOR_LIST__, ABSOLUTE (.))
 *(.dtors)
 *(SORT(.dtors.*))
                0x010926cc                PROVIDE (__DTOR_END__, ABSOLUTE (.))
 *(.jcr)
                0x010926cc                . = ALIGN (0x4)

.rodata         0x010926cc      0x5a0
                0x010926cc                PROVIDE (__ram_rodata_start, ABSOLUTE (.))
                0x010926cc                . = ALIGN (0x4)
 *(.rodata .rodata.* .gnu.linkonce.r.*)
 .rodata        0x010926cc      0x118 obj/default/cruise_skeleton.o
 .rodata        0x010927e4       0x14 /opt/altera/13.0sp1/nios2eds/bin/gnu/H-i686-pc-linux-gnu/bin/../lib/gcc/nios2-elf/4.1.2/mno-hw-mul/libgcc.a(_thenan_df.o)
                0x010927e4                __thenan_df
 .rodata        0x010927f8      0x100 /opt/altera/13.0sp1/nios2eds/bin/gnu/H-i686-pc-linux-gnu/bin/../lib/gcc/nios2-elf/4.1.2/mno-hw-mul/libgcc.a(_clz.o)
                0x010927f8                __clz_tab
 .rodata.str1.4
                0x010928f8        0x2 /opt/altera/13.0sp1/nios2eds/bin/gnu/H-i686-pc-linux-gnu/bin/../lib/gcc/nios2-elf/4.1.2/../../../../nios2-elf/lib/mno-hw-mul/libc.a(lib_a-puts.o)
                                  0x4 (size before relaxing)
 *fill*         0x010928fa        0x2 00
 .rodata.str1.4
                0x010928fc       0x5e /opt/altera/13.0sp1/nios2eds/bin/gnu/H-i686-pc-linux-gnu/bin/../lib/gcc/nios2-elf/4.1.2/../../../../nios2-elf/lib/mno-hw-mul/libc.a(lib_a-vfprintf.o)
                                 0x60 (size before relaxing)
 .rodata        0x0109295a       0x20 /opt/altera/13.0sp1/nios2eds/bin/gnu/H-i686-pc-linux-gnu/bin/../lib/gcc/nios2-elf/4.1.2/../../../../nios2-elf/lib/mno-hw-mul/libc.a(lib_a-vfprintf.o)
 *fill*         0x0109297a        0x2 00
 .rodata.str1.4
                0x0109297c       0x10 /opt/altera/13.0sp1/nios2eds/bin/gnu/H-i686-pc-linux-gnu/bin/../lib/gcc/nios2-elf/4.1.2/../../../../nios2-elf/lib/mno-hw-mul/libc.a(lib_a-dtoa.o)
                                 0x14 (size before relaxing)
 .rodata.str1.4
                0x0109298c        0x2 /opt/altera/13.0sp1/nios2eds/bin/gnu/H-i686-pc-linux-gnu/bin/../lib/gcc/nios2-elf/4.1.2/../../../../nios2-elf/lib/mno-hw-mul/libc.a(lib_a-impure.o)
                                  0x4 (size before relaxing)
 *fill*         0x0109298e        0x2 00
 .rodata.str1.4
                0x01092990        0xf /opt/altera/13.0sp1/nios2eds/bin/gnu/H-i686-pc-linux-gnu/bin/../lib/gcc/nios2-elf/4.1.2/../../../../nios2-elf/lib/mno-hw-mul/libc.a(lib_a-locale.o)
                                 0x18 (size before relaxing)
 *fill*         0x0109299f        0x1 00
 .rodata        0x010929a0       0x30 /opt/altera/13.0sp1/nios2eds/bin/gnu/H-i686-pc-linux-gnu/bin/../lib/gcc/nios2-elf/4.1.2/../../../../nios2-elf/lib/mno-hw-mul/libc.a(lib_a-locale.o)
 .rodata        0x010929d0      0x124 /opt/altera/13.0sp1/nios2eds/bin/gnu/H-i686-pc-linux-gnu/bin/../lib/gcc/nios2-elf/4.1.2/../../../../nios2-elf/lib/mno-hw-mul/libc.a(lib_a-mprec.o)
                0x010929d0                __mprec_tens
                0x01092a98                __mprec_bigtens
                0x01092ac0                __mprec_tinytens
 .rodata.str1.4
                0x01092af4        0xa ../../../bsp/il2206-pre-built-ucosii//libucosii_bsp.a(alt_dev.o)
                                  0xc (size before relaxing)
 *fill*         0x01092afe        0x2 00
 .rodata.str1.4
                0x01092b00       0x11 ../../../bsp/il2206-pre-built-ucosii//libucosii_bsp.a(alt_main.o)
                                 0x14 (size before relaxing)
 *fill*         0x01092b11        0x3 00
 .rodata.str1.4
                0x01092b14       0x1e ../../../bsp/il2206-pre-built-ucosii//libucosii_bsp.a(os_core.o)
                                 0x20 (size before relaxing)
 .rodata        0x01092b32      0x100 ../../../bsp/il2206-pre-built-ucosii//libucosii_bsp.a(os_core.o)
                0x01092b32                OSUnMapTbl
 *fill*         0x01092c32        0x2 00
 .rodata.str1.4
                0x01092c34       0x38 ../../../bsp/il2206-pre-built-ucosii//libucosii_bsp.a(os_tmr.o)
 .rodata.str1.4
                0x00000000       0x14 ../../../bsp/il2206-pre-built-ucosii//libucosii_bsp.a(alt_sys_init.o)
 .rodata.str1.4
                0x00000000        0x4 ../../../bsp/il2206-pre-built-ucosii//libucosii_bsp.a(os_cpu_c.o)
 *(.rodata1)
                0x01092c6c                . = ALIGN (0x4)
                0x01092c6c                PROVIDE (__ram_rodata_end, ABSOLUTE (.))
                0x010926cc                PROVIDE (__flash_rodata_start, LOADADDR (.rodata))

.rwdata         0x01092c6c     0x1b3c load address 0x010947a8
                0x01092c6c                PROVIDE (__ram_rwdata_start, ABSOLUTE (.))
                0x01092c6c                . = ALIGN (0x4)
 *(.got.plt)
 *(.got)
 *(.data1)
 *(.data .data.* .gnu.linkonce.d.*)
 .data          0x01092c6c        0x0 ../../../bsp/il2206-pre-built-ucosii//obj/HAL/src/crt0.o
 .data          0x01092c6c       0x44 obj/default/cruise_skeleton.o
 .data          0x01092cb0        0x0 /opt/altera/13.0sp1/nios2eds/bin/gnu/H-i686-pc-linux-gnu/bin/../lib/gcc/nios2-elf/4.1.2/mno-hw-mul/libgcc.a(_si_to_sf.o)
 .data          0x01092cb0        0x0 /opt/altera/13.0sp1/nios2eds/bin/gnu/H-i686-pc-linux-gnu/bin/../lib/gcc/nios2-elf/4.1.2/mno-hw-mul/libgcc.a(_sf_to_df.o)
 .data          0x01092cb0        0x0 /opt/altera/13.0sp1/nios2eds/bin/gnu/H-i686-pc-linux-gnu/bin/../lib/gcc/nios2-elf/4.1.2/mno-hw-mul/libgcc.a(_addsub_df.o)
 .data          0x01092cb0        0x0 /opt/altera/13.0sp1/nios2eds/bin/gnu/H-i686-pc-linux-gnu/bin/../lib/gcc/nios2-elf/4.1.2/mno-hw-mul/libgcc.a(_div_df.o)
 .data          0x01092cb0        0x0 /opt/altera/13.0sp1/nios2eds/bin/gnu/H-i686-pc-linux-gnu/bin/../lib/gcc/nios2-elf/4.1.2/mno-hw-mul/libgcc.a(_si_to_df.o)
 .data          0x01092cb0        0x0 /opt/altera/13.0sp1/nios2eds/bin/gnu/H-i686-pc-linux-gnu/bin/../lib/gcc/nios2-elf/4.1.2/mno-hw-mul/libgcc.a(_df_to_si.o)
 .data          0x01092cb0        0x0 /opt/altera/13.0sp1/nios2eds/bin/gnu/H-i686-pc-linux-gnu/bin/../lib/gcc/nios2-elf/4.1.2/mno-hw-mul/libgcc.a(_make_df.o)
 .data          0x01092cb0        0x0 /opt/altera/13.0sp1/nios2eds/bin/gnu/H-i686-pc-linux-gnu/bin/../lib/gcc/nios2-elf/4.1.2/mno-hw-mul/libgcc.a(_thenan_df.o)
 .data          0x01092cb0        0x0 /opt/altera/13.0sp1/nios2eds/bin/gnu/H-i686-pc-linux-gnu/bin/../lib/gcc/nios2-elf/4.1.2/mno-hw-mul/libgcc.a(lib2-divmod.o)
 .data          0x01092cb0        0x0 /opt/altera/13.0sp1/nios2eds/bin/gnu/H-i686-pc-linux-gnu/bin/../lib/gcc/nios2-elf/4.1.2/mno-hw-mul/libgcc.a(lib2-mul.o)
 .data          0x01092cb0        0x0 /opt/altera/13.0sp1/nios2eds/bin/gnu/H-i686-pc-linux-gnu/bin/../lib/gcc/nios2-elf/4.1.2/mno-hw-mul/libgcc.a(_clzsi2.o)
 .data          0x01092cb0        0x0 /opt/altera/13.0sp1/nios2eds/bin/gnu/H-i686-pc-linux-gnu/bin/../lib/gcc/nios2-elf/4.1.2/mno-hw-mul/libgcc.a(_pack_sf.o)
 .data          0x01092cb0        0x0 /opt/altera/13.0sp1/nios2eds/bin/gnu/H-i686-pc-linux-gnu/bin/../lib/gcc/nios2-elf/4.1.2/mno-hw-mul/libgcc.a(_unpack_sf.o)
 .data          0x01092cb0        0x0 /opt/altera/13.0sp1/nios2eds/bin/gnu/H-i686-pc-linux-gnu/bin/../lib/gcc/nios2-elf/4.1.2/mno-hw-mul/libgcc.a(_pack_df.o)
 .data          0x01092cb0        0x0 /opt/altera/13.0sp1/nios2eds/bin/gnu/H-i686-pc-linux-gnu/bin/../lib/gcc/nios2-elf/4.1.2/mno-hw-mul/libgcc.a(_unpack_df.o)
 .data          0x01092cb0        0x0 /opt/altera/13.0sp1/nios2eds/bin/gnu/H-i686-pc-linux-gnu/bin/../lib/gcc/nios2-elf/4.1.2/mno-hw-mul/libgcc.a(_clz.o)
 .data          0x01092cb0        0x0 /opt/altera/13.0sp1/nios2eds/bin/gnu/H-i686-pc-linux-gnu/bin/../lib/gcc/nios2-elf/4.1.2/../../../../nios2-elf/lib/mno-hw-mul/libc.a(lib_a-printf.o)
 .data          0x01092cb0        0x0 /opt/altera/13.0sp1/nios2eds/bin/gnu/H-i686-pc-linux-gnu/bin/../lib/gcc/nios2-elf/4.1.2/../../../../nios2-elf/lib/mno-hw-mul/libc.a(lib_a-puts.o)
 .data          0x01092cb0        0x0 /opt/altera/13.0sp1/nios2eds/bin/gnu/H-i686-pc-linux-gnu/bin/../lib/gcc/nios2-elf/4.1.2/../../../../nios2-elf/lib/mno-hw-mul/libc.a(lib_a-strlen.o)
 .data          0x01092cb0        0x0 /opt/altera/13.0sp1/nios2eds/bin/gnu/H-i686-pc-linux-gnu/bin/../lib/gcc/nios2-elf/4.1.2/../../../../nios2-elf/lib/mno-hw-mul/libc.a(lib_a-vfprintf.o)
 .data          0x01092cb0        0x0 /opt/altera/13.0sp1/nios2eds/bin/gnu/H-i686-pc-linux-gnu/bin/../lib/gcc/nios2-elf/4.1.2/../../../../nios2-elf/lib/mno-hw-mul/libc.a(lib_a-wsetup.o)
 .data          0x01092cb0        0x0 /opt/altera/13.0sp1/nios2eds/bin/gnu/H-i686-pc-linux-gnu/bin/../lib/gcc/nios2-elf/4.1.2/../../../../nios2-elf/lib/mno-hw-mul/libc.a(lib_a-dtoa.o)
 .data          0x01092cb0        0x0 /opt/altera/13.0sp1/nios2eds/bin/gnu/H-i686-pc-linux-gnu/bin/../lib/gcc/nios2-elf/4.1.2/../../../../nios2-elf/lib/mno-hw-mul/libc.a(lib_a-fflush.o)
 .data          0x01092cb0        0x0 /opt/altera/13.0sp1/nios2eds/bin/gnu/H-i686-pc-linux-gnu/bin/../lib/gcc/nios2-elf/4.1.2/../../../../nios2-elf/lib/mno-hw-mul/libc.a(lib_a-findfp.o)
 .data          0x01092cb0        0x0 /opt/altera/13.0sp1/nios2eds/bin/gnu/H-i686-pc-linux-gnu/bin/../lib/gcc/nios2-elf/4.1.2/../../../../nios2-elf/lib/mno-hw-mul/libc.a(lib_a-freer.o)
 .data          0x01092cb0        0x0 /opt/altera/13.0sp1/nios2eds/bin/gnu/H-i686-pc-linux-gnu/bin/../lib/gcc/nios2-elf/4.1.2/../../../../nios2-elf/lib/mno-hw-mul/libc.a(lib_a-fvwrite.o)
 .data          0x01092cb0        0x0 /opt/altera/13.0sp1/nios2eds/bin/gnu/H-i686-pc-linux-gnu/bin/../lib/gcc/nios2-elf/4.1.2/../../../../nios2-elf/lib/mno-hw-mul/libc.a(lib_a-fwalk.o)
 .data          0x01092cb0      0x400 /opt/altera/13.0sp1/nios2eds/bin/gnu/H-i686-pc-linux-gnu/bin/../lib/gcc/nios2-elf/4.1.2/../../../../nios2-elf/lib/mno-hw-mul/libc.a(lib_a-impure.o)
 .data          0x010930b0        0xc /opt/altera/13.0sp1/nios2eds/bin/gnu/H-i686-pc-linux-gnu/bin/../lib/gcc/nios2-elf/4.1.2/../../../../nios2-elf/lib/mno-hw-mul/libc.a(lib_a-locale.o)
                0x010930b0                __lc_ctype
 .data          0x010930bc        0x0 /opt/altera/13.0sp1/nios2eds/bin/gnu/H-i686-pc-linux-gnu/bin/../lib/gcc/nios2-elf/4.1.2/../../../../nios2-elf/lib/mno-hw-mul/libc.a(lib_a-makebuf.o)
 .data          0x010930bc      0x408 /opt/altera/13.0sp1/nios2eds/bin/gnu/H-i686-pc-linux-gnu/bin/../lib/gcc/nios2-elf/4.1.2/../../../../nios2-elf/lib/mno-hw-mul/libc.a(lib_a-mallocr.o)
                0x010930bc                __malloc_av_
 .data          0x010934c4        0x0 /opt/altera/13.0sp1/nios2eds/bin/gnu/H-i686-pc-linux-gnu/bin/../lib/gcc/nios2-elf/4.1.2/../../../../nios2-elf/lib/mno-hw-mul/libc.a(lib_a-memchr.o)
 .data          0x010934c4        0x0 /opt/altera/13.0sp1/nios2eds/bin/gnu/H-i686-pc-linux-gnu/bin/../lib/gcc/nios2-elf/4.1.2/../../../../nios2-elf/lib/mno-hw-mul/libc.a(lib_a-memcpy.o)
 .data          0x010934c4        0x0 /opt/altera/13.0sp1/nios2eds/bin/gnu/H-i686-pc-linux-gnu/bin/../lib/gcc/nios2-elf/4.1.2/../../../../nios2-elf/lib/mno-hw-mul/libc.a(lib_a-memmove.o)
 .data          0x010934c4        0x0 /opt/altera/13.0sp1/nios2eds/bin/gnu/H-i686-pc-linux-gnu/bin/../lib/gcc/nios2-elf/4.1.2/../../../../nios2-elf/lib/mno-hw-mul/libc.a(lib_a-memset.o)
 .data          0x010934c4        0x0 /opt/altera/13.0sp1/nios2eds/bin/gnu/H-i686-pc-linux-gnu/bin/../lib/gcc/nios2-elf/4.1.2/../../../../nios2-elf/lib/mno-hw-mul/libc.a(lib_a-mprec.o)
 .data          0x010934c4        0x0 /opt/altera/13.0sp1/nios2eds/bin/gnu/H-i686-pc-linux-gnu/bin/../lib/gcc/nios2-elf/4.1.2/../../../../nios2-elf/lib/mno-hw-mul/libc.a(lib_a-reallocr.o)
 .data          0x010934c4        0x0 /opt/altera/13.0sp1/nios2eds/bin/gnu/H-i686-pc-linux-gnu/bin/../lib/gcc/nios2-elf/4.1.2/../../../../nios2-elf/lib/mno-hw-mul/libc.a(lib_a-s_isinfd.o)
 .data          0x010934c4        0x0 /opt/altera/13.0sp1/nios2eds/bin/gnu/H-i686-pc-linux-gnu/bin/../lib/gcc/nios2-elf/4.1.2/../../../../nios2-elf/lib/mno-hw-mul/libc.a(lib_a-s_isnand.o)
 .data          0x010934c4        0x0 /opt/altera/13.0sp1/nios2eds/bin/gnu/H-i686-pc-linux-gnu/bin/../lib/gcc/nios2-elf/4.1.2/../../../../nios2-elf/lib/mno-hw-mul/libc.a(lib_a-sbrkr.o)
 .data          0x010934c4        0x0 /opt/altera/13.0sp1/nios2eds/bin/gnu/H-i686-pc-linux-gnu/bin/../lib/gcc/nios2-elf/4.1.2/../../../../nios2-elf/lib/mno-hw-mul/libc.a(lib_a-stdio.o)
 .data          0x010934c4        0x0 /opt/altera/13.0sp1/nios2eds/bin/gnu/H-i686-pc-linux-gnu/bin/../lib/gcc/nios2-elf/4.1.2/../../../../nios2-elf/lib/mno-hw-mul/libc.a(lib_a-strcmp.o)
 .data          0x010934c4        0x0 /opt/altera/13.0sp1/nios2eds/bin/gnu/H-i686-pc-linux-gnu/bin/../lib/gcc/nios2-elf/4.1.2/../../../../nios2-elf/lib/mno-hw-mul/libc.a(lib_a-writer.o)
 .data          0x010934c4        0x0 /opt/altera/13.0sp1/nios2eds/bin/gnu/H-i686-pc-linux-gnu/bin/../lib/gcc/nios2-elf/4.1.2/../../../../nios2-elf/lib/mno-hw-mul/libc.a(lib_a-callocr.o)
 .data          0x010934c4        0x0 /opt/altera/13.0sp1/nios2eds/bin/gnu/H-i686-pc-linux-gnu/bin/../lib/gcc/nios2-elf/4.1.2/../../../../nios2-elf/lib/mno-hw-mul/libc.a(lib_a-closer.o)
 .data          0x010934c4        0x0 /opt/altera/13.0sp1/nios2eds/bin/gnu/H-i686-pc-linux-gnu/bin/../lib/gcc/nios2-elf/4.1.2/../../../../nios2-elf/lib/mno-hw-mul/libc.a(lib_a-fclose.o)
 .data          0x010934c4        0x0 /opt/altera/13.0sp1/nios2eds/bin/gnu/H-i686-pc-linux-gnu/bin/../lib/gcc/nios2-elf/4.1.2/../../../../nios2-elf/lib/mno-hw-mul/libc.a(lib_a-fstatr.o)
 .data          0x010934c4        0x0 /opt/altera/13.0sp1/nios2eds/bin/gnu/H-i686-pc-linux-gnu/bin/../lib/gcc/nios2-elf/4.1.2/../../../../nios2-elf/lib/mno-hw-mul/libc.a(lib_a-int_errno.o)
 .data          0x010934c4        0x0 /opt/altera/13.0sp1/nios2eds/bin/gnu/H-i686-pc-linux-gnu/bin/../lib/gcc/nios2-elf/4.1.2/../../../../nios2-elf/lib/mno-hw-mul/libc.a(lib_a-isattyr.o)
 .data          0x010934c4        0x0 /opt/altera/13.0sp1/nios2eds/bin/gnu/H-i686-pc-linux-gnu/bin/../lib/gcc/nios2-elf/4.1.2/../../../../nios2-elf/lib/mno-hw-mul/libc.a(lib_a-lseekr.o)
 .data          0x010934c4        0x0 /opt/altera/13.0sp1/nios2eds/bin/gnu/H-i686-pc-linux-gnu/bin/../lib/gcc/nios2-elf/4.1.2/../../../../nios2-elf/lib/mno-hw-mul/libc.a(lib_a-readr.o)
 .data          0x010934c4        0x0 /opt/altera/13.0sp1/nios2eds/bin/gnu/H-i686-pc-linux-gnu/bin/../lib/gcc/nios2-elf/4.1.2/mno-hw-mul/libgcc.a(_udivdi3.o)
 .data          0x010934c4        0x0 /opt/altera/13.0sp1/nios2eds/bin/gnu/H-i686-pc-linux-gnu/bin/../lib/gcc/nios2-elf/4.1.2/mno-hw-mul/libgcc.a(_umoddi3.o)
 .data          0x010934c4        0x0 /opt/altera/13.0sp1/nios2eds/bin/gnu/H-i686-pc-linux-gnu/bin/../lib/gcc/nios2-elf/4.1.2/mno-hw-mul/libgcc.a(_mul_df.o)
 .data          0x010934c4        0x0 /opt/altera/13.0sp1/nios2eds/bin/gnu/H-i686-pc-linux-gnu/bin/../lib/gcc/nios2-elf/4.1.2/mno-hw-mul/libgcc.a(_eq_df.o)
 .data          0x010934c4        0x0 /opt/altera/13.0sp1/nios2eds/bin/gnu/H-i686-pc-linux-gnu/bin/../lib/gcc/nios2-elf/4.1.2/mno-hw-mul/libgcc.a(_ne_df.o)
 .data          0x010934c4        0x0 /opt/altera/13.0sp1/nios2eds/bin/gnu/H-i686-pc-linux-gnu/bin/../lib/gcc/nios2-elf/4.1.2/mno-hw-mul/libgcc.a(_gt_df.o)
 .data          0x010934c4        0x0 /opt/altera/13.0sp1/nios2eds/bin/gnu/H-i686-pc-linux-gnu/bin/../lib/gcc/nios2-elf/4.1.2/mno-hw-mul/libgcc.a(_ge_df.o)
 .data          0x010934c4        0x0 /opt/altera/13.0sp1/nios2eds/bin/gnu/H-i686-pc-linux-gnu/bin/../lib/gcc/nios2-elf/4.1.2/mno-hw-mul/libgcc.a(_lt_df.o)
 .data          0x010934c4        0x0 /opt/altera/13.0sp1/nios2eds/bin/gnu/H-i686-pc-linux-gnu/bin/../lib/gcc/nios2-elf/4.1.2/mno-hw-mul/libgcc.a(_usi_to_df.o)
 .data          0x010934c4        0x0 /opt/altera/13.0sp1/nios2eds/bin/gnu/H-i686-pc-linux-gnu/bin/../lib/gcc/nios2-elf/4.1.2/mno-hw-mul/libgcc.a(_muldi3.o)
 .data          0x010934c4        0x0 /opt/altera/13.0sp1/nios2eds/bin/gnu/H-i686-pc-linux-gnu/bin/../lib/gcc/nios2-elf/4.1.2/mno-hw-mul/libgcc.a(_fpcmp_parts_df.o)
 .data          0x010934c4        0x0 ../../../bsp/il2206-pre-built-ucosii//libucosii_bsp.a(alt_alarm_start.o)
 .data          0x010934c4        0x0 ../../../bsp/il2206-pre-built-ucosii//libucosii_bsp.a(alt_close.o)
 .data          0x010934c4      0x1a8 ../../../bsp/il2206-pre-built-ucosii//libucosii_bsp.a(alt_dev.o)
                0x010934c4                alt_dev_null
                0x010934ec                alt_fd_list
 .data          0x0109366c        0x0 ../../../bsp/il2206-pre-built-ucosii//libucosii_bsp.a(alt_errno.o)
 .data          0x0109366c        0x0 ../../../bsp/il2206-pre-built-ucosii//libucosii_bsp.a(alt_fstat.o)
 .data          0x0109366c        0x0 ../../../bsp/il2206-pre-built-ucosii//libucosii_bsp.a(alt_isatty.o)
 .data          0x0109366c        0x0 ../../../bsp/il2206-pre-built-ucosii//libucosii_bsp.a(alt_load.o)
 .data          0x0109366c        0x0 ../../../bsp/il2206-pre-built-ucosii//libucosii_bsp.a(alt_lseek.o)
 .data          0x0109366c        0x0 ../../../bsp/il2206-pre-built-ucosii//libucosii_bsp.a(alt_main.o)
 .data          0x0109366c        0x0 ../../../bsp/il2206-pre-built-ucosii//libucosii_bsp.a(alt_read.o)
 .data          0x0109366c        0x0 ../../../bsp/il2206-pre-built-ucosii//libucosii_bsp.a(alt_release_fd.o)
 .data          0x0109366c        0x0 ../../../bsp/il2206-pre-built-ucosii//libucosii_bsp.a(alt_sbrk.o)
 .data          0x0109366c        0x0 ../../../bsp/il2206-pre-built-ucosii//libucosii_bsp.a(alt_tick.o)
 .data          0x0109366c        0x0 ../../../bsp/il2206-pre-built-ucosii//libucosii_bsp.a(alt_write.o)
 .data          0x0109366c        0x0 ../../../bsp/il2206-pre-built-ucosii//libucosii_bsp.a(alt_env_lock.o)
 .data          0x0109366c        0x0 ../../../bsp/il2206-pre-built-ucosii//libucosii_bsp.a(alt_malloc_lock.o)
 .data          0x0109366c        0x0 ../../../bsp/il2206-pre-built-ucosii//libucosii_bsp.a(os_core.o)
 .data          0x0109366c        0x0 ../../../bsp/il2206-pre-built-ucosii//libucosii_bsp.a(os_dbg.o)
 .data          0x0109366c        0x0 ../../../bsp/il2206-pre-built-ucosii//libucosii_bsp.a(os_flag.o)
 .data          0x0109366c        0x0 ../../../bsp/il2206-pre-built-ucosii//libucosii_bsp.a(os_mbox.o)
 .data          0x0109366c        0x0 ../../../bsp/il2206-pre-built-ucosii//libucosii_bsp.a(os_mem.o)
 .data          0x0109366c        0x0 ../../../bsp/il2206-pre-built-ucosii//libucosii_bsp.a(os_q.o)
 .data          0x0109366c        0x0 ../../../bsp/il2206-pre-built-ucosii//libucosii_bsp.a(os_sem.o)
 .data          0x0109366c        0x0 ../../../bsp/il2206-pre-built-ucosii//libucosii_bsp.a(os_task.o)
 .data          0x0109366c        0x0 ../../../bsp/il2206-pre-built-ucosii//libucosii_bsp.a(os_time.o)
 .data          0x0109366c        0x0 ../../../bsp/il2206-pre-built-ucosii//libucosii_bsp.a(os_tmr.o)
 .data          0x0109366c     0x106c ../../../bsp/il2206-pre-built-ucosii//libucosii_bsp.a(alt_sys_init.o)
 .data          0x010946d8        0x0 ../../../bsp/il2206-pre-built-ucosii//libucosii_bsp.a(altera_avalon_jtag_uart_fd.o)
 .data          0x010946d8        0x0 ../../../bsp/il2206-pre-built-ucosii//libucosii_bsp.a(altera_avalon_jtag_uart_init.o)
 .data          0x010946d8        0x0 ../../../bsp/il2206-pre-built-ucosii//libucosii_bsp.a(altera_avalon_jtag_uart_ioctl.o)
 .data          0x010946d8        0x0 ../../../bsp/il2206-pre-built-ucosii//libucosii_bsp.a(altera_avalon_jtag_uart_read.o)
 .data          0x010946d8        0x0 ../../../bsp/il2206-pre-built-ucosii//libucosii_bsp.a(altera_avalon_jtag_uart_write.o)
 .data          0x010946d8        0x0 ../../../bsp/il2206-pre-built-ucosii//libucosii_bsp.a(altera_avalon_timer_sc.o)
 .data          0x010946d8        0x0 ../../../bsp/il2206-pre-built-ucosii//libucosii_bsp.a(altera_avalon_timer_vars.o)
 .data          0x010946d8        0x0 ../../../bsp/il2206-pre-built-ucosii//libucosii_bsp.a(alt_dcache_flush_all.o)
 .data          0x010946d8        0x0 ../../../bsp/il2206-pre-built-ucosii//libucosii_bsp.a(alt_dev_llist_insert.o)
 .data          0x010946d8        0x0 ../../../bsp/il2206-pre-built-ucosii//libucosii_bsp.a(alt_do_ctors.o)
 .data          0x010946d8        0x0 ../../../bsp/il2206-pre-built-ucosii//libucosii_bsp.a(alt_do_dtors.o)
 .data          0x010946d8        0x0 ../../../bsp/il2206-pre-built-ucosii//libucosii_bsp.a(alt_icache_flush_all.o)
 .data          0x010946d8        0x0 ../../../bsp/il2206-pre-built-ucosii//libucosii_bsp.a(alt_iic.o)
 .data          0x010946d8        0x0 ../../../bsp/il2206-pre-built-ucosii//libucosii_bsp.a(alt_iic_isr_register.o)
 .data          0x010946d8        0x0 ../../../bsp/il2206-pre-built-ucosii//libucosii_bsp.a(alt_io_redirect.o)
 .data          0x010946d8        0x0 ../../../bsp/il2206-pre-built-ucosii//libucosii_bsp.a(alt_irq_entry.o)
 .data          0x010946d8        0x0 ../../../bsp/il2206-pre-built-ucosii//libucosii_bsp.a(alt_irq_handler.o)
 .data          0x010946d8        0x0 ../../../bsp/il2206-pre-built-ucosii//libucosii_bsp.a(alt_irq_vars.o)
 .data          0x010946d8        0x0 ../../../bsp/il2206-pre-built-ucosii//libucosii_bsp.a(alt_open.o)
 .data          0x010946d8        0x0 ../../../bsp/il2206-pre-built-ucosii//libucosii_bsp.a(altera_nios2_qsys_irq.o)
 .data          0x010946d8        0x0 ../../../bsp/il2206-pre-built-ucosii//libucosii_bsp.a(os_cpu_a.o)
 .data          0x010946d8        0x0 ../../../bsp/il2206-pre-built-ucosii//libucosii_bsp.a(os_cpu_c.o)
 .data          0x010946d8        0x0 ../../../bsp/il2206-pre-built-ucosii//libucosii_bsp.a(alt_exception_entry.o)
 .data          0x010946d8        0x0 ../../../bsp/il2206-pre-built-ucosii//libucosii_bsp.a(alt_find_dev.o)
 .data          0x010946d8        0x0 ../../../bsp/il2206-pre-built-ucosii//libucosii_bsp.a(alt_find_file.o)
 .data          0x010946d8        0x0 ../../../bsp/il2206-pre-built-ucosii//libucosii_bsp.a(alt_get_fd.o)
 .data          0x010946d8        0x0 /opt/altera/13.0sp1/nios2eds/bin/gnu/H-i686-pc-linux-gnu/bin/../lib/gcc/nios2-elf/4.1.2/../../../../nios2-elf/lib/mno-hw-mul/libc.a(lib_a-atexit.o)
 .data          0x010946d8        0x0 /opt/altera/13.0sp1/nios2eds/bin/gnu/H-i686-pc-linux-gnu/bin/../lib/gcc/nios2-elf/4.1.2/../../../../nios2-elf/lib/mno-hw-mul/libc.a(lib_a-exit.o)
 .data          0x010946d8        0x0 /opt/altera/13.0sp1/nios2eds/bin/gnu/H-i686-pc-linux-gnu/bin/../lib/gcc/nios2-elf/4.1.2/../../../../nios2-elf/lib/mno-hw-mul/libc.a(lib_a-memcmp.o)
 .data          0x010946d8        0x0 /opt/altera/13.0sp1/nios2eds/bin/gnu/H-i686-pc-linux-gnu/bin/../lib/gcc/nios2-elf/4.1.2/../../../../nios2-elf/lib/mno-hw-mul/libc.a(lib_a-__atexit.o)
 .data          0x010946d8        0x0 /opt/altera/13.0sp1/nios2eds/bin/gnu/H-i686-pc-linux-gnu/bin/../lib/gcc/nios2-elf/4.1.2/../../../../nios2-elf/lib/mno-hw-mul/libc.a(lib_a-__call_atexit.o)
 .data          0x010946d8        0x0 /opt/altera/13.0sp1/nios2eds/bin/gnu/H-i686-pc-linux-gnu/bin/../lib/gcc/nios2-elf/4.1.2/mno-hw-mul/libgcc.a(_fixunsdfsi.o)
 .data          0x010946d8        0x0 ../../../bsp/il2206-pre-built-ucosii//libucosii_bsp.a(alt_exit.o)
                0x0109c6d8                _gp = ABSOLUTE ((. + 0x8000))
                0x0109c6d8                PROVIDE (gp, _gp)
 *(.rwdata .rwdata.*)
 *(.sdata .sdata.* .gnu.linkonce.s.*)
 .sdata         0x010946d8       0x14 obj/default/cruise_skeleton.o
                0x010946d8                gas_pedal
                0x010946dc                brake_pedal
                0x010946e0                top_gear
                0x010946e4                engine
                0x010946e8                cruise_control
 .sdata         0x010946ec        0x8 /opt/altera/13.0sp1/nios2eds/bin/gnu/H-i686-pc-linux-gnu/bin/../lib/gcc/nios2-elf/4.1.2/../../../../nios2-elf/lib/mno-hw-mul/libc.a(lib_a-impure.o)
                0x010946ec                _impure_ptr
                0x010946f0                _global_impure_ptr
 .sdata         0x010946f4        0x8 /opt/altera/13.0sp1/nios2eds/bin/gnu/H-i686-pc-linux-gnu/bin/../lib/gcc/nios2-elf/4.1.2/../../../../nios2-elf/lib/mno-hw-mul/libc.a(lib_a-locale.o)
                0x010946f4                __mb_cur_max
 .sdata         0x010946fc        0x8 /opt/altera/13.0sp1/nios2eds/bin/gnu/H-i686-pc-linux-gnu/bin/../lib/gcc/nios2-elf/4.1.2/../../../../nios2-elf/lib/mno-hw-mul/libc.a(lib_a-mallocr.o)
                0x010946fc                __malloc_trim_threshold
                0x01094700                __malloc_sbrk_base
 .sdata         0x01094704       0x14 ../../../bsp/il2206-pre-built-ucosii//libucosii_bsp.a(alt_dev.o)
                0x01094704                alt_fs_list
                0x0109470c                alt_dev_list
                0x01094714                alt_max_fd
 .sdata         0x01094718        0x4 ../../../bsp/il2206-pre-built-ucosii//libucosii_bsp.a(alt_errno.o)
                0x01094718                alt_errno
 .sdata         0x0109471c        0x4 ../../../bsp/il2206-pre-built-ucosii//libucosii_bsp.a(alt_sbrk.o)
 .sdata         0x01094720        0x8 ../../../bsp/il2206-pre-built-ucosii//libucosii_bsp.a(alt_tick.o)
                0x01094720                alt_alarm_list
 .sdata         0x01094728        0x4 ../../../bsp/il2206-pre-built-ucosii//libucosii_bsp.a(alt_env_lock.o)
 .sdata         0x0109472c        0x4 ../../../bsp/il2206-pre-built-ucosii//libucosii_bsp.a(alt_malloc_lock.o)
 .sdata         0x01094730       0x74 ../../../bsp/il2206-pre-built-ucosii//libucosii_bsp.a(os_dbg.o)
                0x01094730                OSDebugEn
                0x01094734                OSEndiannessTest
                0x01094738                OSEventEn
                0x0109473a                OSEventMax
                0x0109473c                OSEventNameSize
                0x0109473e                OSEventSize
                0x01094740                OSEventTblSize
                0x01094742                OSEventMultiEn
                0x01094744                OSFlagEn
                0x01094746                OSFlagGrpSize
                0x01094748                OSFlagNodeSize
                0x0109474a                OSFlagWidth
                0x0109474c                OSFlagMax
                0x0109474e                OSFlagNameSize
                0x01094750                OSLowestPrio
                0x01094752                OSMboxEn
                0x01094754                OSMemEn
                0x01094756                OSMemMax
                0x01094758                OSMemNameSize
                0x0109475a                OSMemSize
                0x0109475c                OSMemTblSize
                0x0109475e                OSMutexEn
                0x01094760                OSPtrSize
                0x01094762                OSQEn
                0x01094764                OSQMax
                0x01094766                OSQSize
                0x01094768                OSRdyTblSize
                0x0109476a                OSSemEn
                0x0109476c                OSStkWidth
                0x0109476e                OSTaskCreateEn
                0x01094770                OSTaskCreateExtEn
                0x01094772                OSTaskDelEn
                0x01094774                OSTaskIdleStkSize
                0x01094776                OSTaskProfileEn
                0x01094778                OSTaskMax
                0x0109477a                OSTaskNameSize
                0x0109477c                OSTaskStatEn
                0x0109477e                OSTaskStatStkSize
                0x01094780                OSTaskStatStkChkEn
                0x01094782                OSTaskSwHookEn
                0x01094784                OSTCBPrioTblMax
                0x01094786                OSTCBSize
                0x01094788                OSTicksPerSec
                0x0109478a                OSTimeTickHookEn
                0x0109478c                OSVersionNbr
                0x0109478e                OSTmrEn
                0x01094790                OSTmrCfgMax
                0x01094792                OSTmrCfgNameSize
                0x01094794                OSTmrCfgWheelSize
                0x01094796                OSTmrCfgTicksPerSec
                0x01094798                OSTmrSize
                0x0109479a                OSTmrTblSize
                0x0109479c                OSTmrWheelSize
                0x0109479e                OSTmrWheelTblSize
                0x010947a0                OSDataSize
 .sdata         0x010947a4        0x4 ../../../bsp/il2206-pre-built-ucosii//libucosii_bsp.a(alt_irq_vars.o)
                0x010947a4                alt_priority_mask
 *(.sdata2 .sdata2.* .gnu.linkonce.s2.*)
                0x010947a8                . = ALIGN (0x4)
                0x010947a8                _edata = ABSOLUTE (.)
                0x010947a8                PROVIDE (edata, ABSOLUTE (.))
                0x010947a8                PROVIDE (__ram_rwdata_end, ABSOLUTE (.))
                0x010947a8                PROVIDE (__flash_rwdata_start, LOADADDR (.rwdata))

.bss            0x010962e4     0xe130
                0x010962e4                __bss_start = ABSOLUTE (.)
                0x010962e4                PROVIDE (__sbss_start, ABSOLUTE (.))
                0x010962e4                PROVIDE (___sbss_start, ABSOLUTE (.))
 *(.dynsbss)
 *(.sbss .sbss.* .gnu.linkonce.sb.*)
 .sbss          0x010962e4        0xc obj/default/cruise_skeleton.o
                0x010962e4                led_green
                0x010962e8                led_red
                0x010962ec                globpose
 .sbss          0x010962f0       0x24 obj/default/cruise_skeleton.o
                0x010962f0                Mbox_Throttle
                0x010962f4                SemCar
                0x010962f8                Mbox_Velocity
                0x010962fc                SemControl
                0x01096300                TmrVehicle
                0x01096304                TmrOnoff
                0x01096308                SemVehicle
                0x0109630c                delay
                0x01096310                TmrControl
 .sbss          0x01096314        0xc /opt/altera/13.0sp1/nios2eds/bin/gnu/H-i686-pc-linux-gnu/bin/../lib/gcc/nios2-elf/4.1.2/../../../../nios2-elf/lib/mno-hw-mul/libc.a(lib_a-locale.o)
                0x01096314                __nlocale_changed
                0x01096318                __mlocale_changed
                0x0109631c                _PathLocale
 .sbss          0x01096320        0xc /opt/altera/13.0sp1/nios2eds/bin/gnu/H-i686-pc-linux-gnu/bin/../lib/gcc/nios2-elf/4.1.2/../../../../nios2-elf/lib/mno-hw-mul/libc.a(lib_a-mallocr.o)
                0x01096320                __malloc_top_pad
                0x01096324                __malloc_max_sbrked_mem
                0x01096328                __malloc_max_total_mem
 .sbss          0x0109632c        0x4 /opt/altera/13.0sp1/nios2eds/bin/gnu/H-i686-pc-linux-gnu/bin/../lib/gcc/nios2-elf/4.1.2/../../../../nios2-elf/lib/mno-hw-mul/libc.a(lib_a-int_errno.o)
                0x0109632c                errno
 .sbss          0x01096330        0x4 ../../../bsp/il2206-pre-built-ucosii//libucosii_bsp.a(alt_dev.o)
                0x01096330                alt_fd_list_lock
 .sbss          0x01096334        0xc ../../../bsp/il2206-pre-built-ucosii//libucosii_bsp.a(alt_main.o)
                0x01096334                alt_argc
                0x01096338                alt_argv
                0x0109633c                alt_envp
 .sbss          0x01096340        0x8 ../../../bsp/il2206-pre-built-ucosii//libucosii_bsp.a(alt_tick.o)
                0x01096340                _alt_tick_rate
                0x01096344                _alt_nticks
 .sbss          0x01096348        0x8 ../../../bsp/il2206-pre-built-ucosii//libucosii_bsp.a(alt_env_lock.o)
                0x0109634c                alt_envsem
 .sbss          0x01096350        0x8 ../../../bsp/il2206-pre-built-ucosii//libucosii_bsp.a(alt_malloc_lock.o)
                0x01096354                alt_heapsem
 .sbss          0x01096358       0x68 ../../../bsp/il2206-pre-built-ucosii//libucosii_bsp.a(os_core.o)
                0x01096358                OSTmrFreeList
                0x0109635c                OSLockNesting
                0x01096360                OSTmrSemSignal
                0x01096364                OSRunning
                0x01096368                OSIdleCtr
                0x0109636c                OSTmrUsed
                0x0109636e                OSPrioHighRdy
                0x0109636f                OSPrioCur
                0x01096370                OSTCBList
                0x01096374                OSTickStepState
                0x01096378                OSCtxSwCtr
                0x0109637c                OSTmrFree
                0x01096380                OSIdleCtrMax
                0x01096384                OSTCBFreeList
                0x01096388                OSCPUUsage
                0x01096389                OSTaskCtr
                0x0109638c                OSMemFreeList
                0x01096390                OSTCBHighRdy
                0x01096394                OSQFreeList
                0x01096398                OSRdyGrp
                0x01096399                OSRdyTbl
                0x0109639c                OSEventFreeList
                0x010963a0                OSIntNesting
                0x010963a4                OSTCBCur
                0x010963a8                OSTmrTime
                0x010963ac                OSTime
                0x010963b0                OSTmrSem
                0x010963b4                OSFlagFreeList
                0x010963b8                OSStatRdy
                0x010963bc                OSIdleCtrRun
 .sbss          0x010963c0        0x8 ../../../bsp/il2206-pre-built-ucosii//libucosii_bsp.a(altera_avalon_timer_vars.o)
                0x010963c0                altera_avalon_timer_ts_base
                0x010963c4                altera_avalon_timer_ts_freq
 .sbss          0x010963c8        0x4 ../../../bsp/il2206-pre-built-ucosii//libucosii_bsp.a(alt_irq_vars.o)
                0x010963c8                alt_irq_active
 .sbss          0x010963cc        0x2 ../../../bsp/il2206-pre-built-ucosii//libucosii_bsp.a(os_cpu_c.o)
 *(.sbss2 .sbss2.* .gnu.linkonce.sb2.*)
 *(.scommon)
                0x010963ce                PROVIDE (__sbss_end, ABSOLUTE (.))
                0x010963ce                PROVIDE (___sbss_end, ABSOLUTE (.))
 *(.dynbss)
 *(.bss .bss.* .gnu.linkonce.b.*)
 .bss           0x010963ce        0x0 ../../../bsp/il2206-pre-built-ucosii//obj/HAL/src/crt0.o
 *fill*         0x010963ce        0x2 00
 .bss           0x010963d0       0x18 obj/default/cruise_skeleton.o
 .bss           0x010963e8        0x0 /opt/altera/13.0sp1/nios2eds/bin/gnu/H-i686-pc-linux-gnu/bin/../lib/gcc/nios2-elf/4.1.2/mno-hw-mul/libgcc.a(_si_to_sf.o)
 .bss           0x010963e8        0x0 /opt/altera/13.0sp1/nios2eds/bin/gnu/H-i686-pc-linux-gnu/bin/../lib/gcc/nios2-elf/4.1.2/mno-hw-mul/libgcc.a(_sf_to_df.o)
 .bss           0x010963e8        0x0 /opt/altera/13.0sp1/nios2eds/bin/gnu/H-i686-pc-linux-gnu/bin/../lib/gcc/nios2-elf/4.1.2/mno-hw-mul/libgcc.a(_addsub_df.o)
 .bss           0x010963e8        0x0 /opt/altera/13.0sp1/nios2eds/bin/gnu/H-i686-pc-linux-gnu/bin/../lib/gcc/nios2-elf/4.1.2/mno-hw-mul/libgcc.a(_div_df.o)
 .bss           0x010963e8        0x0 /opt/altera/13.0sp1/nios2eds/bin/gnu/H-i686-pc-linux-gnu/bin/../lib/gcc/nios2-elf/4.1.2/mno-hw-mul/libgcc.a(_si_to_df.o)
 .bss           0x010963e8        0x0 /opt/altera/13.0sp1/nios2eds/bin/gnu/H-i686-pc-linux-gnu/bin/../lib/gcc/nios2-elf/4.1.2/mno-hw-mul/libgcc.a(_df_to_si.o)
 .bss           0x010963e8        0x0 /opt/altera/13.0sp1/nios2eds/bin/gnu/H-i686-pc-linux-gnu/bin/../lib/gcc/nios2-elf/4.1.2/mno-hw-mul/libgcc.a(_make_df.o)
 .bss           0x010963e8        0x0 /opt/altera/13.0sp1/nios2eds/bin/gnu/H-i686-pc-linux-gnu/bin/../lib/gcc/nios2-elf/4.1.2/mno-hw-mul/libgcc.a(_thenan_df.o)
 .bss           0x010963e8        0x0 /opt/altera/13.0sp1/nios2eds/bin/gnu/H-i686-pc-linux-gnu/bin/../lib/gcc/nios2-elf/4.1.2/mno-hw-mul/libgcc.a(lib2-divmod.o)
 .bss           0x010963e8        0x0 /opt/altera/13.0sp1/nios2eds/bin/gnu/H-i686-pc-linux-gnu/bin/../lib/gcc/nios2-elf/4.1.2/mno-hw-mul/libgcc.a(lib2-mul.o)
 .bss           0x010963e8        0x0 /opt/altera/13.0sp1/nios2eds/bin/gnu/H-i686-pc-linux-gnu/bin/../lib/gcc/nios2-elf/4.1.2/mno-hw-mul/libgcc.a(_clzsi2.o)
 .bss           0x010963e8        0x0 /opt/altera/13.0sp1/nios2eds/bin/gnu/H-i686-pc-linux-gnu/bin/../lib/gcc/nios2-elf/4.1.2/mno-hw-mul/libgcc.a(_pack_sf.o)
 .bss           0x010963e8        0x0 /opt/altera/13.0sp1/nios2eds/bin/gnu/H-i686-pc-linux-gnu/bin/../lib/gcc/nios2-elf/4.1.2/mno-hw-mul/libgcc.a(_unpack_sf.o)
 .bss           0x010963e8        0x0 /opt/altera/13.0sp1/nios2eds/bin/gnu/H-i686-pc-linux-gnu/bin/../lib/gcc/nios2-elf/4.1.2/mno-hw-mul/libgcc.a(_pack_df.o)
 .bss           0x010963e8        0x0 /opt/altera/13.0sp1/nios2eds/bin/gnu/H-i686-pc-linux-gnu/bin/../lib/gcc/nios2-elf/4.1.2/mno-hw-mul/libgcc.a(_unpack_df.o)
 .bss           0x010963e8        0x0 /opt/altera/13.0sp1/nios2eds/bin/gnu/H-i686-pc-linux-gnu/bin/../lib/gcc/nios2-elf/4.1.2/mno-hw-mul/libgcc.a(_clz.o)
 .bss           0x010963e8        0x0 /opt/altera/13.0sp1/nios2eds/bin/gnu/H-i686-pc-linux-gnu/bin/../lib/gcc/nios2-elf/4.1.2/../../../../nios2-elf/lib/mno-hw-mul/libc.a(lib_a-printf.o)
 .bss           0x010963e8        0x0 /opt/altera/13.0sp1/nios2eds/bin/gnu/H-i686-pc-linux-gnu/bin/../lib/gcc/nios2-elf/4.1.2/../../../../nios2-elf/lib/mno-hw-mul/libc.a(lib_a-puts.o)
 .bss           0x010963e8        0x0 /opt/altera/13.0sp1/nios2eds/bin/gnu/H-i686-pc-linux-gnu/bin/../lib/gcc/nios2-elf/4.1.2/../../../../nios2-elf/lib/mno-hw-mul/libc.a(lib_a-strlen.o)
 .bss           0x010963e8        0x0 /opt/altera/13.0sp1/nios2eds/bin/gnu/H-i686-pc-linux-gnu/bin/../lib/gcc/nios2-elf/4.1.2/../../../../nios2-elf/lib/mno-hw-mul/libc.a(lib_a-vfprintf.o)
 .bss           0x010963e8        0x0 /opt/altera/13.0sp1/nios2eds/bin/gnu/H-i686-pc-linux-gnu/bin/../lib/gcc/nios2-elf/4.1.2/../../../../nios2-elf/lib/mno-hw-mul/libc.a(lib_a-wsetup.o)
 .bss           0x010963e8        0x0 /opt/altera/13.0sp1/nios2eds/bin/gnu/H-i686-pc-linux-gnu/bin/../lib/gcc/nios2-elf/4.1.2/../../../../nios2-elf/lib/mno-hw-mul/libc.a(lib_a-dtoa.o)
 .bss           0x010963e8        0x0 /opt/altera/13.0sp1/nios2eds/bin/gnu/H-i686-pc-linux-gnu/bin/../lib/gcc/nios2-elf/4.1.2/../../../../nios2-elf/lib/mno-hw-mul/libc.a(lib_a-fflush.o)
 .bss           0x010963e8        0x0 /opt/altera/13.0sp1/nios2eds/bin/gnu/H-i686-pc-linux-gnu/bin/../lib/gcc/nios2-elf/4.1.2/../../../../nios2-elf/lib/mno-hw-mul/libc.a(lib_a-findfp.o)
 .bss           0x010963e8        0x0 /opt/altera/13.0sp1/nios2eds/bin/gnu/H-i686-pc-linux-gnu/bin/../lib/gcc/nios2-elf/4.1.2/../../../../nios2-elf/lib/mno-hw-mul/libc.a(lib_a-freer.o)
 .bss           0x010963e8        0x0 /opt/altera/13.0sp1/nios2eds/bin/gnu/H-i686-pc-linux-gnu/bin/../lib/gcc/nios2-elf/4.1.2/../../../../nios2-elf/lib/mno-hw-mul/libc.a(lib_a-fvwrite.o)
 .bss           0x010963e8        0x0 /opt/altera/13.0sp1/nios2eds/bin/gnu/H-i686-pc-linux-gnu/bin/../lib/gcc/nios2-elf/4.1.2/../../../../nios2-elf/lib/mno-hw-mul/libc.a(lib_a-fwalk.o)
 .bss           0x010963e8        0x0 /opt/altera/13.0sp1/nios2eds/bin/gnu/H-i686-pc-linux-gnu/bin/../lib/gcc/nios2-elf/4.1.2/../../../../nios2-elf/lib/mno-hw-mul/libc.a(lib_a-impure.o)
 .bss           0x010963e8        0x0 /opt/altera/13.0sp1/nios2eds/bin/gnu/H-i686-pc-linux-gnu/bin/../lib/gcc/nios2-elf/4.1.2/../../../../nios2-elf/lib/mno-hw-mul/libc.a(lib_a-locale.o)
 .bss           0x010963e8        0x0 /opt/altera/13.0sp1/nios2eds/bin/gnu/H-i686-pc-linux-gnu/bin/../lib/gcc/nios2-elf/4.1.2/../../../../nios2-elf/lib/mno-hw-mul/libc.a(lib_a-makebuf.o)
 .bss           0x010963e8       0x28 /opt/altera/13.0sp1/nios2eds/bin/gnu/H-i686-pc-linux-gnu/bin/../lib/gcc/nios2-elf/4.1.2/../../../../nios2-elf/lib/mno-hw-mul/libc.a(lib_a-mallocr.o)
                0x010963e8                __malloc_current_mallinfo
 .bss           0x01096410        0x0 /opt/altera/13.0sp1/nios2eds/bin/gnu/H-i686-pc-linux-gnu/bin/../lib/gcc/nios2-elf/4.1.2/../../../../nios2-elf/lib/mno-hw-mul/libc.a(lib_a-memchr.o)
 .bss           0x01096410        0x0 /opt/altera/13.0sp1/nios2eds/bin/gnu/H-i686-pc-linux-gnu/bin/../lib/gcc/nios2-elf/4.1.2/../../../../nios2-elf/lib/mno-hw-mul/libc.a(lib_a-memcpy.o)
 .bss           0x01096410        0x0 /opt/altera/13.0sp1/nios2eds/bin/gnu/H-i686-pc-linux-gnu/bin/../lib/gcc/nios2-elf/4.1.2/../../../../nios2-elf/lib/mno-hw-mul/libc.a(lib_a-memmove.o)
 .bss           0x01096410        0x0 /opt/altera/13.0sp1/nios2eds/bin/gnu/H-i686-pc-linux-gnu/bin/../lib/gcc/nios2-elf/4.1.2/../../../../nios2-elf/lib/mno-hw-mul/libc.a(lib_a-memset.o)
 .bss           0x01096410        0x0 /opt/altera/13.0sp1/nios2eds/bin/gnu/H-i686-pc-linux-gnu/bin/../lib/gcc/nios2-elf/4.1.2/../../../../nios2-elf/lib/mno-hw-mul/libc.a(lib_a-mprec.o)
 .bss           0x01096410        0x0 /opt/altera/13.0sp1/nios2eds/bin/gnu/H-i686-pc-linux-gnu/bin/../lib/gcc/nios2-elf/4.1.2/../../../../nios2-elf/lib/mno-hw-mul/libc.a(lib_a-reallocr.o)
 .bss           0x01096410        0x0 /opt/altera/13.0sp1/nios2eds/bin/gnu/H-i686-pc-linux-gnu/bin/../lib/gcc/nios2-elf/4.1.2/../../../../nios2-elf/lib/mno-hw-mul/libc.a(lib_a-s_isinfd.o)
 .bss           0x01096410        0x0 /opt/altera/13.0sp1/nios2eds/bin/gnu/H-i686-pc-linux-gnu/bin/../lib/gcc/nios2-elf/4.1.2/../../../../nios2-elf/lib/mno-hw-mul/libc.a(lib_a-s_isnand.o)
 .bss           0x01096410        0x0 /opt/altera/13.0sp1/nios2eds/bin/gnu/H-i686-pc-linux-gnu/bin/../lib/gcc/nios2-elf/4.1.2/../../../../nios2-elf/lib/mno-hw-mul/libc.a(lib_a-sbrkr.o)
 .bss           0x01096410        0x0 /opt/altera/13.0sp1/nios2eds/bin/gnu/H-i686-pc-linux-gnu/bin/../lib/gcc/nios2-elf/4.1.2/../../../../nios2-elf/lib/mno-hw-mul/libc.a(lib_a-stdio.o)
 .bss           0x01096410        0x0 /opt/altera/13.0sp1/nios2eds/bin/gnu/H-i686-pc-linux-gnu/bin/../lib/gcc/nios2-elf/4.1.2/../../../../nios2-elf/lib/mno-hw-mul/libc.a(lib_a-strcmp.o)
 .bss           0x01096410        0x0 /opt/altera/13.0sp1/nios2eds/bin/gnu/H-i686-pc-linux-gnu/bin/../lib/gcc/nios2-elf/4.1.2/../../../../nios2-elf/lib/mno-hw-mul/libc.a(lib_a-writer.o)
 .bss           0x01096410        0x0 /opt/altera/13.0sp1/nios2eds/bin/gnu/H-i686-pc-linux-gnu/bin/../lib/gcc/nios2-elf/4.1.2/../../../../nios2-elf/lib/mno-hw-mul/libc.a(lib_a-callocr.o)
 .bss           0x01096410        0x0 /opt/altera/13.0sp1/nios2eds/bin/gnu/H-i686-pc-linux-gnu/bin/../lib/gcc/nios2-elf/4.1.2/../../../../nios2-elf/lib/mno-hw-mul/libc.a(lib_a-closer.o)
 .bss           0x01096410        0x0 /opt/altera/13.0sp1/nios2eds/bin/gnu/H-i686-pc-linux-gnu/bin/../lib/gcc/nios2-elf/4.1.2/../../../../nios2-elf/lib/mno-hw-mul/libc.a(lib_a-fclose.o)
 .bss           0x01096410        0x0 /opt/altera/13.0sp1/nios2eds/bin/gnu/H-i686-pc-linux-gnu/bin/../lib/gcc/nios2-elf/4.1.2/../../../../nios2-elf/lib/mno-hw-mul/libc.a(lib_a-fstatr.o)
 .bss           0x01096410        0x0 /opt/altera/13.0sp1/nios2eds/bin/gnu/H-i686-pc-linux-gnu/bin/../lib/gcc/nios2-elf/4.1.2/../../../../nios2-elf/lib/mno-hw-mul/libc.a(lib_a-int_errno.o)
 .bss           0x01096410        0x0 /opt/altera/13.0sp1/nios2eds/bin/gnu/H-i686-pc-linux-gnu/bin/../lib/gcc/nios2-elf/4.1.2/../../../../nios2-elf/lib/mno-hw-mul/libc.a(lib_a-isattyr.o)
 .bss           0x01096410        0x0 /opt/altera/13.0sp1/nios2eds/bin/gnu/H-i686-pc-linux-gnu/bin/../lib/gcc/nios2-elf/4.1.2/../../../../nios2-elf/lib/mno-hw-mul/libc.a(lib_a-lseekr.o)
 .bss           0x01096410        0x0 /opt/altera/13.0sp1/nios2eds/bin/gnu/H-i686-pc-linux-gnu/bin/../lib/gcc/nios2-elf/4.1.2/../../../../nios2-elf/lib/mno-hw-mul/libc.a(lib_a-readr.o)
 .bss           0x01096410        0x0 /opt/altera/13.0sp1/nios2eds/bin/gnu/H-i686-pc-linux-gnu/bin/../lib/gcc/nios2-elf/4.1.2/mno-hw-mul/libgcc.a(_udivdi3.o)
 .bss           0x01096410        0x0 /opt/altera/13.0sp1/nios2eds/bin/gnu/H-i686-pc-linux-gnu/bin/../lib/gcc/nios2-elf/4.1.2/mno-hw-mul/libgcc.a(_umoddi3.o)
 .bss           0x01096410        0x0 /opt/altera/13.0sp1/nios2eds/bin/gnu/H-i686-pc-linux-gnu/bin/../lib/gcc/nios2-elf/4.1.2/mno-hw-mul/libgcc.a(_mul_df.o)
 .bss           0x01096410        0x0 /opt/altera/13.0sp1/nios2eds/bin/gnu/H-i686-pc-linux-gnu/bin/../lib/gcc/nios2-elf/4.1.2/mno-hw-mul/libgcc.a(_eq_df.o)
 .bss           0x01096410        0x0 /opt/altera/13.0sp1/nios2eds/bin/gnu/H-i686-pc-linux-gnu/bin/../lib/gcc/nios2-elf/4.1.2/mno-hw-mul/libgcc.a(_ne_df.o)
 .bss           0x01096410        0x0 /opt/altera/13.0sp1/nios2eds/bin/gnu/H-i686-pc-linux-gnu/bin/../lib/gcc/nios2-elf/4.1.2/mno-hw-mul/libgcc.a(_gt_df.o)
 .bss           0x01096410        0x0 /opt/altera/13.0sp1/nios2eds/bin/gnu/H-i686-pc-linux-gnu/bin/../lib/gcc/nios2-elf/4.1.2/mno-hw-mul/libgcc.a(_ge_df.o)
 .bss           0x01096410        0x0 /opt/altera/13.0sp1/nios2eds/bin/gnu/H-i686-pc-linux-gnu/bin/../lib/gcc/nios2-elf/4.1.2/mno-hw-mul/libgcc.a(_lt_df.o)
 .bss           0x01096410        0x0 /opt/altera/13.0sp1/nios2eds/bin/gnu/H-i686-pc-linux-gnu/bin/../lib/gcc/nios2-elf/4.1.2/mno-hw-mul/libgcc.a(_usi_to_df.o)
 .bss           0x01096410        0x0 /opt/altera/13.0sp1/nios2eds/bin/gnu/H-i686-pc-linux-gnu/bin/../lib/gcc/nios2-elf/4.1.2/mno-hw-mul/libgcc.a(_muldi3.o)
 .bss           0x01096410        0x0 /opt/altera/13.0sp1/nios2eds/bin/gnu/H-i686-pc-linux-gnu/bin/../lib/gcc/nios2-elf/4.1.2/mno-hw-mul/libgcc.a(_fpcmp_parts_df.o)
 .bss           0x01096410        0x0 ../../../bsp/il2206-pre-built-ucosii//libucosii_bsp.a(alt_alarm_start.o)
 .bss           0x01096410        0x0 ../../../bsp/il2206-pre-built-ucosii//libucosii_bsp.a(alt_close.o)
 .bss           0x01096410        0x0 ../../../bsp/il2206-pre-built-ucosii//libucosii_bsp.a(alt_dev.o)
 .bss           0x01096410        0x0 ../../../bsp/il2206-pre-built-ucosii//libucosii_bsp.a(alt_errno.o)
 .bss           0x01096410        0x0 ../../../bsp/il2206-pre-built-ucosii//libucosii_bsp.a(alt_fstat.o)
 .bss           0x01096410        0x0 ../../../bsp/il2206-pre-built-ucosii//libucosii_bsp.a(alt_isatty.o)
 .bss           0x01096410        0x0 ../../../bsp/il2206-pre-built-ucosii//libucosii_bsp.a(alt_load.o)
 .bss           0x01096410        0x0 ../../../bsp/il2206-pre-built-ucosii//libucosii_bsp.a(alt_lseek.o)
 .bss           0x01096410        0x0 ../../../bsp/il2206-pre-built-ucosii//libucosii_bsp.a(alt_main.o)
 .bss           0x01096410        0x0 ../../../bsp/il2206-pre-built-ucosii//libucosii_bsp.a(alt_read.o)
 .bss           0x01096410        0x0 ../../../bsp/il2206-pre-built-ucosii//libucosii_bsp.a(alt_release_fd.o)
 .bss           0x01096410        0x0 ../../../bsp/il2206-pre-built-ucosii//libucosii_bsp.a(alt_sbrk.o)
 .bss           0x01096410        0x0 ../../../bsp/il2206-pre-built-ucosii//libucosii_bsp.a(alt_tick.o)
 .bss           0x01096410        0x0 ../../../bsp/il2206-pre-built-ucosii//libucosii_bsp.a(alt_write.o)
 .bss           0x01096410        0x0 ../../../bsp/il2206-pre-built-ucosii//libucosii_bsp.a(alt_env_lock.o)
 .bss           0x01096410        0x0 ../../../bsp/il2206-pre-built-ucosii//libucosii_bsp.a(alt_malloc_lock.o)
 .bss           0x01096410        0x0 ../../../bsp/il2206-pre-built-ucosii//libucosii_bsp.a(os_core.o)
 .bss           0x01096410        0x0 ../../../bsp/il2206-pre-built-ucosii//libucosii_bsp.a(os_dbg.o)
 .bss           0x01096410        0x0 ../../../bsp/il2206-pre-built-ucosii//libucosii_bsp.a(os_flag.o)
 .bss           0x01096410        0x0 ../../../bsp/il2206-pre-built-ucosii//libucosii_bsp.a(os_mbox.o)
 .bss           0x01096410        0x0 ../../../bsp/il2206-pre-built-ucosii//libucosii_bsp.a(os_mem.o)
 .bss           0x01096410        0x0 ../../../bsp/il2206-pre-built-ucosii//libucosii_bsp.a(os_q.o)
 .bss           0x01096410        0x0 ../../../bsp/il2206-pre-built-ucosii//libucosii_bsp.a(os_sem.o)
 .bss           0x01096410        0x0 ../../../bsp/il2206-pre-built-ucosii//libucosii_bsp.a(os_task.o)
 .bss           0x01096410        0x0 ../../../bsp/il2206-pre-built-ucosii//libucosii_bsp.a(os_time.o)
 .bss           0x01096410        0x0 ../../../bsp/il2206-pre-built-ucosii//libucosii_bsp.a(os_tmr.o)
 .bss           0x01096410        0x0 ../../../bsp/il2206-pre-built-ucosii//libucosii_bsp.a(alt_sys_init.o)
 .bss           0x01096410        0x0 ../../../bsp/il2206-pre-built-ucosii//libucosii_bsp.a(altera_avalon_jtag_uart_fd.o)
 .bss           0x01096410        0x0 ../../../bsp/il2206-pre-built-ucosii//libucosii_bsp.a(altera_avalon_jtag_uart_init.o)
 .bss           0x01096410        0x0 ../../../bsp/il2206-pre-built-ucosii//libucosii_bsp.a(altera_avalon_jtag_uart_ioctl.o)
 .bss           0x01096410        0x0 ../../../bsp/il2206-pre-built-ucosii//libucosii_bsp.a(altera_avalon_jtag_uart_read.o)
 .bss           0x01096410        0x0 ../../../bsp/il2206-pre-built-ucosii//libucosii_bsp.a(altera_avalon_jtag_uart_write.o)
 .bss           0x01096410        0x0 ../../../bsp/il2206-pre-built-ucosii//libucosii_bsp.a(altera_avalon_timer_sc.o)
 .bss           0x01096410        0x0 ../../../bsp/il2206-pre-built-ucosii//libucosii_bsp.a(altera_avalon_timer_vars.o)
 .bss           0x01096410        0x0 ../../../bsp/il2206-pre-built-ucosii//libucosii_bsp.a(alt_dcache_flush_all.o)
 .bss           0x01096410        0x0 ../../../bsp/il2206-pre-built-ucosii//libucosii_bsp.a(alt_dev_llist_insert.o)
 .bss           0x01096410        0x0 ../../../bsp/il2206-pre-built-ucosii//libucosii_bsp.a(alt_do_ctors.o)
 .bss           0x01096410        0x0 ../../../bsp/il2206-pre-built-ucosii//libucosii_bsp.a(alt_do_dtors.o)
 .bss           0x01096410        0x0 ../../../bsp/il2206-pre-built-ucosii//libucosii_bsp.a(alt_icache_flush_all.o)
 .bss           0x01096410        0x0 ../../../bsp/il2206-pre-built-ucosii//libucosii_bsp.a(alt_iic.o)
 .bss           0x01096410        0x0 ../../../bsp/il2206-pre-built-ucosii//libucosii_bsp.a(alt_iic_isr_register.o)
 .bss           0x01096410        0x0 ../../../bsp/il2206-pre-built-ucosii//libucosii_bsp.a(alt_io_redirect.o)
 .bss           0x01096410        0x0 ../../../bsp/il2206-pre-built-ucosii//libucosii_bsp.a(alt_irq_entry.o)
 .bss           0x01096410        0x0 ../../../bsp/il2206-pre-built-ucosii//libucosii_bsp.a(alt_irq_handler.o)
 .bss           0x01096410        0x0 ../../../bsp/il2206-pre-built-ucosii//libucosii_bsp.a(alt_irq_vars.o)
 .bss           0x01096410        0x0 ../../../bsp/il2206-pre-built-ucosii//libucosii_bsp.a(alt_open.o)
 .bss           0x01096410        0x0 ../../../bsp/il2206-pre-built-ucosii//libucosii_bsp.a(altera_nios2_qsys_irq.o)
 .bss           0x01096410        0x0 ../../../bsp/il2206-pre-built-ucosii//libucosii_bsp.a(os_cpu_a.o)
 .bss           0x01096410        0x0 ../../../bsp/il2206-pre-built-ucosii//libucosii_bsp.a(os_cpu_c.o)
 .bss           0x01096410        0x0 ../../../bsp/il2206-pre-built-ucosii//libucosii_bsp.a(alt_exception_entry.o)
 .bss           0x01096410        0x0 ../../../bsp/il2206-pre-built-ucosii//libucosii_bsp.a(alt_find_dev.o)
 .bss           0x01096410        0x0 ../../../bsp/il2206-pre-built-ucosii//libucosii_bsp.a(alt_find_file.o)
 .bss           0x01096410        0x0 ../../../bsp/il2206-pre-built-ucosii//libucosii_bsp.a(alt_get_fd.o)
 .bss           0x01096410        0x0 /opt/altera/13.0sp1/nios2eds/bin/gnu/H-i686-pc-linux-gnu/bin/../lib/gcc/nios2-elf/4.1.2/../../../../nios2-elf/lib/mno-hw-mul/libc.a(lib_a-atexit.o)
 .bss           0x01096410        0x0 /opt/altera/13.0sp1/nios2eds/bin/gnu/H-i686-pc-linux-gnu/bin/../lib/gcc/nios2-elf/4.1.2/../../../../nios2-elf/lib/mno-hw-mul/libc.a(lib_a-exit.o)
 .bss           0x01096410        0x0 /opt/altera/13.0sp1/nios2eds/bin/gnu/H-i686-pc-linux-gnu/bin/../lib/gcc/nios2-elf/4.1.2/../../../../nios2-elf/lib/mno-hw-mul/libc.a(lib_a-memcmp.o)
 .bss           0x01096410        0x0 /opt/altera/13.0sp1/nios2eds/bin/gnu/H-i686-pc-linux-gnu/bin/../lib/gcc/nios2-elf/4.1.2/../../../../nios2-elf/lib/mno-hw-mul/libc.a(lib_a-__atexit.o)
 .bss           0x01096410        0x0 /opt/altera/13.0sp1/nios2eds/bin/gnu/H-i686-pc-linux-gnu/bin/../lib/gcc/nios2-elf/4.1.2/../../../../nios2-elf/lib/mno-hw-mul/libc.a(lib_a-__call_atexit.o)
 .bss           0x01096410        0x0 /opt/altera/13.0sp1/nios2eds/bin/gnu/H-i686-pc-linux-gnu/bin/../lib/gcc/nios2-elf/4.1.2/mno-hw-mul/libgcc.a(_fixunsdfsi.o)
 .bss           0x01096410        0x0 ../../../bsp/il2206-pre-built-ucosii//libucosii_bsp.a(alt_exit.o)
 *(COMMON)
 COMMON         0x01096410     0xa000 obj/default/cruise_skeleton.o
                0x01096410                SwitchIO_Stack
                0x01098410                ButtonIO_Stack
                0x0109a410                ControlTask_Stack
                0x0109c410                VehicleTask_Stack
                0x0109e410                StartTask_Stack
 COMMON         0x010a0410     0x3d74 ../../../bsp/il2206-pre-built-ucosii//libucosii_bsp.a(os_core.o)
                0x010a0410                OSTmrWheelTbl
                0x010a0420                OSFlagTbl
                0x010a0790                OSTmrTbl
                0x010a0ad0                OSMemTbl
                0x010a1700                OSTaskStatStk
                0x010a1f00                OSQTbl
                0x010a20e0                OSTmrTaskStk
                0x010a28e0                OSTaskIdleStk
                0x010a30e0                OSEventTbl
                0x010a3c20                OSTCBTbl
                0x010a4130                OSTCBPrioTbl
 COMMON         0x010a4184      0x100 ../../../bsp/il2206-pre-built-ucosii//libucosii_bsp.a(alt_irq_handler.o)
                0x010a4184                alt_irq
 COMMON         0x010a4284      0x190 /opt/altera/13.0sp1/nios2eds/bin/gnu/H-i686-pc-linux-gnu/bin/../lib/gcc/nios2-elf/4.1.2/../../../../nios2-elf/lib/mno-hw-mul/libc.a(lib_a-atexit.o)